Component: ARM Compiler 5.06 update 1 (build 61) Tool: armlink [4d35a8]

==============================================================================

Section Cross References

    gpio.o(i.MX_GPIO_Init) refers to stm32l0xx_hal_gpio.o(i.HAL_GPIO_Init) for HAL_GPIO_Init
    gpio.o(i.MX_GPIO_Init) refers to stm32l0xx_hal_gpio.o(i.HAL_GPIO_WritePin) for HAL_GPIO_WritePin
    gpio.o(i.MX_GPIO_Init) refers to stm32l0xx_hal_cortex.o(i.HAL_NVIC_SetPriority) for HAL_NVIC_SetPriority
    gpio.o(i.MX_GPIO_Init) refers to stm32l0xx_hal_cortex.o(i.HAL_NVIC_EnableIRQ) for HAL_NVIC_EnableIRQ
    i2c.o(i.HAL_I2C_MspDeInit) refers to stm32l0xx_hal_gpio.o(i.HAL_GPIO_DeInit) for HAL_GPIO_DeInit
    i2c.o(i.HAL_I2C_MspDeInit) refers to stm32l0xx_hal_cortex.o(i.HAL_NVIC_DisableIRQ) for HAL_NVIC_DisableIRQ
    i2c.o(i.HAL_I2C_MspInit) refers to stm32l0xx_hal_gpio.o(i.HAL_GPIO_Init) for HAL_GPIO_Init
    i2c.o(i.HAL_I2C_MspInit) refers to stm32l0xx_hal_cortex.o(i.HAL_NVIC_SetPriority) for HAL_NVIC_SetPriority
    i2c.o(i.HAL_I2C_MspInit) refers to stm32l0xx_hal_cortex.o(i.HAL_NVIC_EnableIRQ) for HAL_NVIC_EnableIRQ
    i2c.o(i.MX_I2C1_Init) refers to stm32l0xx_hal_i2c.o(i.HAL_I2C_Init) for HAL_I2C_Init
    i2c.o(i.MX_I2C1_Init) refers to stm32l0xx_hal_i2c_ex.o(i.HAL_I2CEx_ConfigAnalogFilter) for HAL_I2CEx_ConfigAnalogFilter
    i2c.o(i.MX_I2C1_Init) refers to i2c.o(.bss) for hi2c1
    dac.o(i.HAL_DAC_MspDeInit) refers to stm32l0xx_hal_gpio.o(i.HAL_GPIO_DeInit) for HAL_GPIO_DeInit
    dac.o(i.HAL_DAC_MspInit) refers to stm32l0xx_hal_gpio.o(i.HAL_GPIO_Init) for HAL_GPIO_Init
    dac.o(i.MX_DAC_Init) refers to stm32l0xx_hal_dac.o(i.HAL_DAC_Init) for HAL_DAC_Init
    dac.o(i.MX_DAC_Init) refers to stm32l0xx_hal_dac.o(i.HAL_DAC_ConfigChannel) for HAL_DAC_ConfigChannel
    dac.o(i.MX_DAC_Init) refers to dac.o(.bss) for hdac
    main.o(i.SystemClock_Config) refers to stm32l0xx_hal_rcc.o(i.HAL_RCC_OscConfig) for HAL_RCC_OscConfig
    main.o(i.SystemClock_Config) refers to stm32l0xx_hal_rcc.o(i.HAL_RCC_ClockConfig) for HAL_RCC_ClockConfig
    main.o(i.SystemClock_Config) refers to stm32l0xx_hal_rcc_ex.o(i.HAL_RCCEx_PeriphCLKConfig) for HAL_RCCEx_PeriphCLKConfig
    main.o(i.SystemClock_Config) refers to stm32l0xx_hal_rcc.o(i.HAL_RCC_GetHCLKFreq) for HAL_RCC_GetHCLKFreq
    main.o(i.SystemClock_Config) refers to uidiv.o(.text) for __aeabi_uidivmod
    main.o(i.SystemClock_Config) refers to stm32l0xx_hal_cortex.o(i.HAL_SYSTICK_Config) for HAL_SYSTICK_Config
    main.o(i.SystemClock_Config) refers to stm32l0xx_hal_cortex.o(i.HAL_SYSTICK_CLKSourceConfig) for HAL_SYSTICK_CLKSourceConfig
    main.o(i.SystemClock_Config) refers to stm32l0xx_hal_cortex.o(i.HAL_NVIC_SetPriority) for HAL_NVIC_SetPriority
    main.o(i.SystemPower_Config) refers to stm32l0xx_hal_pwr_ex.o(i.HAL_PWREx_EnableUltraLowPower) for HAL_PWREx_EnableUltraLowPower
    main.o(i.SystemPower_Config) refers to stm32l0xx_hal_pwr_ex.o(i.HAL_PWREx_EnableFastWakeUp) for HAL_PWREx_EnableFastWakeUp
    main.o(i.SystemPower_Config) refers to stm32l0xx_hal_gpio.o(i.HAL_GPIO_Init) for HAL_GPIO_Init
    main.o(i.main) refers to stm32l0xx_hal.o(i.HAL_Init) for HAL_Init
    main.o(i.main) refers to main.o(i.SystemClock_Config) for SystemClock_Config
    main.o(i.main) refers to gpio.o(i.MX_GPIO_Init) for MX_GPIO_Init
    main.o(i.main) refers to adc.o(i.MX_ADC_Init) for MX_ADC_Init
    main.o(i.main) refers to dac.o(i.MX_DAC_Init) for MX_DAC_Init
    main.o(i.main) refers to i2c.o(i.MX_I2C1_Init) for MX_I2C1_Init
    main.o(i.main) refers to iwdg.o(i.MX_IWDG_Init) for MX_IWDG_Init
    main.o(i.main) refers to stm32l0xx_hal.o(i.HAL_Delay) for HAL_Delay
    main.o(i.main) refers to stm32l0xx_hal_gpio.o(i.HAL_GPIO_TogglePin) for HAL_GPIO_TogglePin
    main.o(i.main) refers to main.o(i.read_sic) for read_sic
    main.o(i.main) refers to main.o(i.read_s) for read_s
    main.o(i.main) refers to memseta.o(.text) for __aeabi_memclr4
    main.o(i.main) refers to main.o(i.create_i2c_package) for create_i2c_package
    main.o(i.main) refers to main.o(i.send_message) for send_message
    main.o(i.main) refers to main.o(i.SystemPower_Config) for SystemPower_Config
    main.o(i.main) refers to stm32l0xx_hal_pwr.o(i.HAL_PWR_EnterSTOPMode) for HAL_PWR_EnterSTOPMode
    adc.o(i.HAL_ADC_MspDeInit) refers to stm32l0xx_hal_gpio.o(i.HAL_GPIO_DeInit) for HAL_GPIO_DeInit
    adc.o(i.HAL_ADC_MspInit) refers to stm32l0xx_hal_gpio.o(i.HAL_GPIO_Init) for HAL_GPIO_Init
    adc.o(i.MX_ADC_Init) refers to stm32l0xx_hal_adc.o(i.HAL_ADC_Init) for HAL_ADC_Init
    adc.o(i.MX_ADC_Init) refers to stm32l0xx_hal_adc.o(i.HAL_ADC_ConfigChannel) for HAL_ADC_ConfigChannel
    adc.o(i.MX_ADC_Init) refers to adc.o(.bss) for hadc
    stm32l0xx_hal_msp.o(i.HAL_MspInit) refers to stm32l0xx_hal_cortex.o(i.HAL_NVIC_SetPriority) for HAL_NVIC_SetPriority
    iwdg.o(i.MX_IWDG_Init) refers to stm32l0xx_hal_iwdg.o(i.HAL_IWDG_Init) for HAL_IWDG_Init
    iwdg.o(i.MX_IWDG_Init) refers to iwdg.o(.bss) for hiwdg
[...]
    stm32l0xx_hal_rcc.o(i.HAL_RCC_OscConfig) refers to stm32l0xx_hal.o(i.HAL_GetTick) for HAL_GetTick
    stm32l0xx_hal_rcc.o(i.HAL_RCC_OscConfig) refers to stm32l0xx_hal.o(i.HAL_InitTick) for HAL_InitTick
    stm32l0xx_hal_flash.o(i.FLASH_ErasePage) refers to stm32l0xx_hal_flash.o(.bss) for ProcFlash
    stm32l0xx_hal_flash.o(i.FLASH_Program_Word) refers to stm32l0xx_hal_flash.o(.bss) for ProcFlash
    stm32l0xx_hal_flash.o(i.FLASH_SetErrorCode) refers to stm32l0xx_hal_flash.o(.bss) for ProcFlash
    stm32l0xx_hal_flash.o(i.FLASH_WaitForLastOperation) refers to stm32l0xx_hal.o(i.HAL_GetTick) for HAL_GetTick
    stm32l0xx_hal_flash.o(i.FLASH_WaitForLastOperation) refers to stm32l0xx_hal_flash.o(i.FLASH_SetErrorCode) for FLASH_SetErrorCode
    stm32l0xx_hal_flash.o(i.HAL_FLASH_GetError) refers to stm32l0xx_hal_flash.o(.bss) for ProcFlash
    stm32l0xx_hal_flash.o(i.HAL_FLASH_IRQHandler) refers to stm32l0xx_hal_flash.o(i.FLASH_SetErrorCode) for FLASH_SetErrorCode
    stm32l0xx_hal_flash.o(i.HAL_FLASH_IRQHandler) refers to stm32l0xx_hal_flash.o(i.HAL_FLASH_OperationErrorCallback) for HAL_FLASH_OperationErrorCallback
    stm32l0xx_hal_flash.o(i.HAL_FLASH_IRQHandler) refers to stm32l0xx_hal_flash.o(i.HAL_FLASH_EndOfOperationCallback) for HAL_FLASH_EndOfOperationCallback
    stm32l0xx_hal_flash.o(i.HAL_FLASH_IRQHandler) refers to stm32l0xx_hal_flash.o(i.FLASH_ErasePage) for FLASH_ErasePage
    stm32l0xx_hal_flash.o(i.HAL_FLASH_IRQHandler) refers to stm32l0xx_hal_flash.o(.bss) for ProcFlash
    stm32l0xx_hal_flash.o(i.HAL_FLASH_OB_Launch) refers to stm32l0xx_hal_flash.o(i.FLASH_WaitForLastOperation) for FLASH_WaitForLastOperation
    stm32l0xx_hal_flash.o(i.HAL_FLASH_OB_Launch) refers to stm32l0xx_hal_flash.o(.bss) for ProcFlash
    stm32l0xx_hal_flash.o(i.HAL_FLASH_Program) refers to stm32l0xx_hal_flash.o(i.FLASH_WaitForLastOperation) for FLASH_WaitForLastOperation
    stm32l0xx_hal_flash.o(i.HAL_FLASH_Program) refers to stm32l0xx_hal_flash.o(i.FLASH_Program_Word) for FLASH_Program_Word
    stm32l0xx_hal_flash.o(i.HAL_FLASH_Program) refers to stm32l0xx_hal_flash.o(.bss) for ProcFlash
    stm32l0xx_hal_flash.o(i.HAL_FLASH_Program_IT) refers to stm32l0xx_hal_flash.o(i.FLASH_WaitForLastOperation) for FLASH_WaitForLastOperation
    stm32l0xx_hal_flash.o(i.HAL_FLASH_Program_IT) refers to stm32l0xx_hal_flash.o(i.FLASH_Program_Word) for FLASH_Program_Word
    stm32l0xx_hal_flash.o(i.HAL_FLASH_Program_IT) refers to stm32l0xx_hal_flash.o(.bss) for ProcFlash
    stm32l0xx_hal_flash_ramfunc.o(i.FLASHRAM_SetErrorCode) refers to stm32l0xx_hal_flash.o(.bss) for ProcFlash
    stm32l0xx_hal_flash_ramfunc.o(i.FLASHRAM_WaitForLastOperation) refers to stm32l0xx_hal_flash_ramfunc.o(i.FLASHRAM_SetErrorCode) for FLASHRAM_SetErrorCode
    stm32l0xx_hal_flash_ramfunc.o(i.HAL_FLASHEx_HalfPageProgram) refers to stm32l0xx_hal_flash_ramfunc.o(i.FLASHRAM_WaitForLastOperation) for FLASHRAM_WaitForLastOperation
    stm32l0xx_hal_flash_ramfunc.o(i.HAL_FLASHRAM_GetError) refers to stm32l0xx_hal_flash.o(.bss) for ProcFlash
    stm32l0xx_hal_i2c.o(i.HAL_I2C_DeInit) refers to i2c.o(i.HAL_I2C_MspDeInit) for HAL_I2C_MspDeInit
    stm32l0xx_hal_i2c.o(i.HAL_I2C_ER_IRQHandler) refers to stm32l0xx_hal_i2c.o(i.HAL_I2C_ErrorCallback) for HAL_I2C_ErrorCallback
    stm32l0xx_hal_i2c.o(i.HAL_I2C_EV_IRQHandler) refers to stm32l0xx_hal_i2c.o(i.I2C_SlaveTransmit_ISR) for I2C_SlaveTransmit_ISR
    stm32l0xx_hal_i2c.o(i.HAL_I2C_EV_IRQHandler) refers to stm32l0xx_hal_i2c.o(i.I2C_MasterTransmit_ISR) for I2C_MasterTransmit_ISR
    stm32l0xx_hal_i2c.o(i.HAL_I2C_EV_IRQHandler) refers to stm32l0xx_hal_i2c.o(i.I2C_SlaveReceive_ISR) for I2C_SlaveReceive_ISR
    stm32l0xx_hal_i2c.o(i.HAL_I2C_EV_IRQHandler) refers to stm32l0xx_hal_i2c.o(i.I2C_MasterReceive_ISR) for I2C_MasterReceive_ISR
    stm32l0xx_hal_i2c.o(i.HAL_I2C_Init) refers to i2c.o(i.HAL_I2C_MspInit) for HAL_I2C_MspInit
    stm32l0xx_hal_i2c.o(i.HAL_I2C_IsDeviceReady) refers to stm32l0xx_hal.o(i.HAL_GetTick) for HAL_GetTick
    stm32l0xx_hal_i2c.o(i.HAL_I2C_IsDeviceReady) refers to stm32l0xx_hal_i2c.o(i.I2C_WaitOnFlagUntilTimeout) for I2C_WaitOnFlagUntilTimeout
    stm32l0xx_hal_i2c.o(i.HAL_I2C_Master_Receive) refers to stm32l0xx_hal_i2c.o(i.I2C_TransferConfig) for I2C_TransferConfig
    stm32l0xx_hal_i2c.o(i.HAL_I2C_Master_Receive) refers to stm32l0xx_hal_i2c.o(i.I2C_WaitOnRXNEFlagUntilTimeout) for I2C_WaitOnRXNEFlagUntilTimeout
    stm32l0xx_hal_i2c.o(i.HAL_I2C_Master_Receive) refers to stm32l0xx_hal_i2c.o(i.I2C_WaitOnFlagUntilTimeout) for I2C_WaitOnFlagUntilTimeout
    stm32l0xx_hal_i2c.o(i.HAL_I2C_Master_Receive) refers to stm32l0xx_hal_i2c.o(i.I2C_WaitOnSTOPFlagUntilTimeout) for I2C_WaitOnSTOPFlagUntilTimeout
    stm32l0xx_hal_i2c.o(i.HAL_I2C_Master_Receive_DMA) refers to stm32l0xx_hal_dma.o(i.HAL_DMA_Start_IT) for HAL_DMA_Start_IT
    stm32l0xx_hal_i2c.o(i.HAL_I2C_Master_Receive_DMA) refers to stm32l0xx_hal_i2c.o(i.I2C_TransferConfig) for I2C_TransferConfig
    stm32l0xx_hal_i2c.o(i.HAL_I2C_Master_Receive_DMA) refers to stm32l0xx_hal_i2c.o(i.I2C_WaitOnRXNEFlagUntilTimeout) for I2C_WaitOnRXNEFlagUntilTimeout
    stm32l0xx_hal_i2c.o(i.HAL_I2C_Master_Receive_DMA) refers to stm32l0xx_hal_dma.o(i.HAL_DMA_Abort) for HAL_DMA_Abort
    stm32l0xx_hal_i2c.o(i.HAL_I2C_Master_Receive_DMA) refers to stm32l0xx_hal_i2c.o(i.I2C_DMAMasterReceiveCplt) for I2C_DMAMasterReceiveCplt
    stm32l0xx_hal_i2c.o(i.HAL_I2C_Master_Receive_DMA) refers to stm32l0xx_hal_i2c.o(i.I2C_DMAError) for I2C_DMAError
    stm32l0xx_hal_i2c.o(i.HAL_I2C_Master_Receive_IT) refers to stm32l0xx_hal_i2c.o(i.I2C_TransferConfig) for I2C_TransferConfig
    stm32l0xx_hal_i2c.o(i.HAL_I2C_Master_Transmit) refers to stm32l0xx_hal_i2c.o(i.I2C_TransferConfig) for I2C_TransferConfig
    stm32l0xx_hal_i2c.o(i.HAL_I2C_Master_Transmit) refers to stm32l0xx_hal_i2c.o(i.I2C_WaitOnTXISFlagUntilTimeout) for I2C_WaitOnTXISFlagUntilTimeout
    stm32l0xx_hal_i2c.o(i.HAL_I2C_Master_Transmit) refers to stm32l0xx_hal_i2c.o(i.I2C_WaitOnFlagUntilTimeout) for I2C_WaitOnFlagUntilTimeout
    stm32l0xx_hal_i2c.o(i.HAL_I2C_Master_Transmit) refers to stm32l0xx_hal_i2c.o(i.I2C_WaitOnSTOPFlagUntilTimeout) for I2C_WaitOnSTOPFlagUntilTimeout
    stm32l0xx_hal_i2c.o(i.HAL_I2C_Master_Transmit_DMA) refers to stm32l0xx_hal_dma.o(i.HAL_DMA_Start_IT) for HAL_DMA_Start_IT
    stm32l0xx_hal_i2c.o(i.HAL_I2C_Master_Transmit_DMA) refers to stm32l0xx_hal_i2c.o(i.I2C_TransferConfig) for I2C_TransferConfig
    stm32l0xx_hal_i2c.o(i.HAL_I2C_Master_Transmit_DMA) refers to stm32l0xx_hal_i2c.o(i.I2C_WaitOnTXISFlagUntilTimeout) for I2C_WaitOnTXISFlagUntilTimeout
    stm32l0xx_hal_i2c.o(i.HAL_I2C_Master_Transmit_DMA) refers to stm32l0xx_hal_dma.o(i.HAL_DMA_Abort) for HAL_DMA_Abort
    stm32l0xx_hal_i2c.o(i.HAL_I2C_Master_Transmit_DMA) refers to stm32l0xx_hal_i2c.o(i.I2C_DMAMasterTransmitCplt) for I2C_DMAMasterTransmitCplt
    stm32l0xx_hal_i2c.o(i.HAL_I2C_Master_Transmit_DMA) refers to stm32l0xx_hal_i2c.o(i.I2C_DMAError) for I2C_DMAError
    stm32l0xx_hal_i2c.o(i.HAL_I2C_Master_Transmit_IT) refers to stm32l0xx_hal_i2c.o(i.I2C_TransferConfig) for I2C_TransferConfig
    stm32l0xx_hal_i2c.o(i.HAL_I2C_Mem_Read) refers to stm32l0xx_hal_i2c.o(i.I2C_RequestMemoryRead) for I2C_RequestMemoryRead
    stm32l0xx_hal_i2c.o(i.HAL_I2C_Mem_Read) refers to stm32l0xx_hal_i2c.o(i.I2C_TransferConfig) for I2C_TransferConfig
    stm32l0xx_hal_i2c.o(i.HAL_I2C_Mem_Read) refers to stm32l0xx_hal_i2c.o(i.I2C_WaitOnFlagUntilTimeout) for I2C_WaitOnFlagUntilTimeout
    stm32l0xx_hal_i2c.o(i.HAL_I2C_Mem_Read) refers to stm32l0xx_hal_i2c.o(i.I2C_WaitOnSTOPFlagUntilTimeout) for I2C_WaitOnSTOPFlagUntilTimeout
    stm32l0xx_hal_i2c.o(i.HAL_I2C_Mem_Read_DMA) refers to stm32l0xx_hal_dma.o(i.HAL_DMA_Start_IT) for HAL_DMA_Start_IT
    stm32l0xx_hal_i2c.o(i.HAL_I2C_Mem_Read_DMA) refers to stm32l0xx_hal_i2c.o(i.I2C_RequestMemoryRead) for I2C_RequestMemoryRead
    stm32l0xx_hal_i2c.o(i.HAL_I2C_Mem_Read_DMA) refers to stm32l0xx_hal_i2c.o(i.I2C_TransferConfig) for I2C_TransferConfig
    stm32l0xx_hal_i2c.o(i.HAL_I2C_Mem_Read_DMA) refers to stm32l0xx_hal_i2c.o(i.I2C_WaitOnFlagUntilTimeout) for I2C_WaitOnFlagUntilTimeout
    stm32l0xx_hal_i2c.o(i.HAL_I2C_Mem_Read_DMA) refers to stm32l0xx_hal_i2c.o(i.I2C_DMAMemReceiveCplt) for I2C_DMAMemReceiveCplt
    stm32l0xx_hal_i2c.o(i.HAL_I2C_Mem_Read_DMA) refers to stm32l0xx_hal_i2c.o(i.I2C_DMAError) for I2C_DMAError
    stm32l0xx_hal_i2c.o(i.HAL_I2C_Mem_Read_IT) refers to stm32l0xx_hal_i2c.o(i.I2C_RequestMemoryRead) for I2C_RequestMemoryRead
    stm32l0xx_hal_i2c.o(i.HAL_I2C_Mem_Read_IT) refers to stm32l0xx_hal_i2c.o(i.I2C_TransferConfig) for I2C_TransferConfig
    stm32l0xx_hal_i2c.o(i.HAL_I2C_Mem_Write) refers to stm32l0xx_hal_i2c.o(i.I2C_RequestMemoryWrite) for I2C_RequestMemoryWrite
    stm32l0xx_hal_i2c.o(i.HAL_I2C_Mem_Write) refers to stm32l0xx_hal_i2c.o(i.I2C_TransferConfig) for I2C_TransferConfig
    stm32l0xx_hal_i2c.o(i.HAL_I2C_Mem_Write) refers to stm32l0xx_hal_i2c.o(i.I2C_WaitOnTXISFlagUntilTimeout) for I2C_WaitOnTXISFlagUntilTimeout
    stm32l0xx_hal_i2c.o(i.HAL_I2C_Mem_Write) refers to stm32l0xx_hal_i2c.o(i.I2C_WaitOnFlagUntilTimeout) for I2C_WaitOnFlagUntilTimeout
    stm32l0xx_hal_i2c.o(i.HAL_I2C_Mem_Write) refers to stm32l0xx_hal_i2c.o(i.I2C_WaitOnSTOPFlagUntilTimeout) for I2C_WaitOnSTOPFlagUntilTimeout
    stm32l0xx_hal_i2c.o(i.HAL_I2C_Mem_Write_DMA) refers to stm32l0xx_hal_dma.o(i.HAL_DMA_Start_IT) for HAL_DMA_Start_IT
    stm32l0xx_hal_i2c.o(i.HAL_I2C_Mem_Write_DMA) refers to stm32l0xx_hal_i2c.o(i.I2C_RequestMemoryWrite) for I2C_RequestMemoryWrite
    stm32l0xx_hal_i2c.o(i.HAL_I2C_Mem_Write_DMA) refers to stm32l0xx_hal_i2c.o(i.I2C_TransferConfig) for I2C_TransferConfig
    stm32l0xx_hal_i2c.o(i.HAL_I2C_Mem_Write_DMA) refers to stm32l0xx_hal_i2c.o(i.I2C_WaitOnTXISFlagUntilTimeout) for I2C_WaitOnTXISFlagUntilTimeout
    stm32l0xx_hal_i2c.o(i.HAL_I2C_Mem_Write_DMA) refers to stm32l0xx_hal_i2c.o(i.I2C_DMAMemTransmitCplt) for I2C_DMAMemTransmitCplt
    stm32l0xx_hal_i2c.o(i.HAL_I2C_Mem_Write_DMA) refers to stm32l0xx_hal_i2c.o(i.I2C_DMAError) for I2C_DMAError
    stm32l0xx_hal_i2c.o(i.HAL_I2C_Mem_Write_IT) refers to stm32l0xx_hal_i2c.o(i.I2C_RequestMemoryWrite) for I2C_RequestMemoryWrite
    stm32l0xx_hal_i2c.o(i.HAL_I2C_Mem_Write_IT) refers to stm32l0xx_hal_i2c.o(i.I2C_TransferConfig) for I2C_TransferConfig
    stm32l0xx_hal_i2c.o(i.HAL_I2C_Slave_Receive) refers to stm32l0xx_hal_i2c.o(i.I2C_WaitOnFlagUntilTimeout) for I2C_WaitOnFlagUntilTimeout
    stm32l0xx_hal_i2c.o(i.HAL_I2C_Slave_Receive) refers to stm32l0xx_hal_i2c.o(i.I2C_WaitOnRXNEFlagUntilTimeout) for I2C_WaitOnRXNEFlagUntilTimeout
    stm32l0xx_hal_i2c.o(i.HAL_I2C_Slave_Receive) refers to stm32l0xx_hal_i2c.o(i.I2C_WaitOnSTOPFlagUntilTimeout) for I2C_WaitOnSTOPFlagUntilTimeout
    stm32l0xx_hal_i2c.o(i.HAL_I2C_Slave_Receive_DMA) refers to stm32l0xx_hal_dma.o(i.HAL_DMA_Start_IT) for HAL_DMA_Start_IT
    stm32l0xx_hal_i2c.o(i.HAL_I2C_Slave_Receive_DMA) refers to stm32l0xx_hal_i2c.o(i.I2C_WaitOnFlagUntilTimeout) for I2C_WaitOnFlagUntilTimeout
    stm32l0xx_hal_i2c.o(i.HAL_I2C_Slave_Receive_DMA) refers to stm32l0xx_hal_i2c.o(i.I2C_DMASlaveReceiveCplt) for I2C_DMASlaveReceiveCplt
    stm32l0xx_hal_i2c.o(i.HAL_I2C_Slave_Receive_DMA) refers to stm32l0xx_hal_i2c.o(i.I2C_DMAError) for I2C_DMAError
    stm32l0xx_hal_i2c.o(i.HAL_I2C_Slave_Transmit) refers to stm32l0xx_hal_i2c.o(i.I2C_WaitOnFlagUntilTimeout) for I2C_WaitOnFlagUntilTimeout
    stm32l0xx_hal_i2c.o(i.HAL_I2C_Slave_Transmit) refers to stm32l0xx_hal_i2c.o(i.I2C_WaitOnTXISFlagUntilTimeout) for I2C_WaitOnTXISFlagUntilTimeout
    stm32l0xx_hal_i2c.o(i.HAL_I2C_Slave_Transmit) refers to stm32l0xx_hal_i2c.o(i.I2C_WaitOnSTOPFlagUntilTimeout) for I2C_WaitOnSTOPFlagUntilTimeout
    stm32l0xx_hal_i2c.o(i.HAL_I2C_Slave_Transmit_DMA) refers to stm32l0xx_hal_dma.o(i.HAL_DMA_Start_IT) for HAL_DMA_Start_IT
    stm32l0xx_hal_i2c.o(i.HAL_I2C_Slave_Transmit_DMA) refers to stm32l0xx_hal_i2c.o(i.I2C_WaitOnFlagUntilTimeout) for I2C_WaitOnFlagUntilTimeout
    stm32l0xx_hal_i2c.o(i.HAL_I2C_Slave_Transmit_DMA) refers to stm32l0xx_hal_i2c.o(i.I2C_DMASlaveTransmitCplt) for I2C_DMASlaveTransmitCplt
    stm32l0xx_hal_i2c.o(i.HAL_I2C_Slave_Transmit_DMA) refers to stm32l0xx_hal_i2c.o(i.I2C_DMAError) for I2C_DMAError
    stm32l0xx_hal_i2c.o(i.I2C_DMAError) refers to stm32l0xx_hal_i2c.o(i.HAL_I2C_ErrorCallback) for HAL_I2C_ErrorCallback
    stm32l0xx_hal_i2c.o(i.I2C_DMAMasterReceiveCplt) refers to stm32l0xx_hal_i2c.o(i.I2C_WaitOnFlagUntilTimeout) for I2C_WaitOnFlagUntilTimeout
    stm32l0xx_hal_i2c.o(i.I2C_DMAMasterReceiveCplt) refers to stm32l0xx_hal_i2c.o(i.I2C_WaitOnSTOPFlagUntilTimeout) for I2C_WaitOnSTOPFlagUntilTimeout
    stm32l0xx_hal_i2c.o(i.I2C_DMAMasterReceiveCplt) refers to stm32l0xx_hal_i2c.o(i.HAL_I2C_ErrorCallback) for HAL_I2C_ErrorCallback
    stm32l0xx_hal_i2c.o(i.I2C_DMAMasterReceiveCplt) refers to stm32l0xx_hal_dma.o(i.HAL_DMA_Start_IT) for HAL_DMA_Start_IT
    stm32l0xx_hal_i2c.o(i.I2C_DMAMasterReceiveCplt) refers to stm32l0xx_hal_i2c.o(i.I2C_TransferConfig) for I2C_TransferConfig
    stm32l0xx_hal_i2c.o(i.I2C_DMAMasterReceiveCplt) refers to stm32l0xx_hal_i2c.o(i.HAL_I2C_MasterRxCpltCallback) for HAL_I2C_MasterRxCpltCallback
    stm32l0xx_hal_i2c.o(i.I2C_DMAMasterTransmitCplt) refers to stm32l0xx_hal_i2c.o(i.I2C_WaitOnFlagUntilTimeout) for I2C_WaitOnFlagUntilTimeout
    stm32l0xx_hal_i2c.o(i.I2C_DMAMasterTransmitCplt) refers to stm32l0xx_hal_i2c.o(i.I2C_WaitOnSTOPFlagUntilTimeout) for I2C_WaitOnSTOPFlagUntilTimeout
    stm32l0xx_hal_i2c.o(i.I2C_DMAMasterTransmitCplt) refers to stm32l0xx_hal_i2c.o(i.HAL_I2C_ErrorCallback) for HAL_I2C_ErrorCallback
    stm32l0xx_hal_i2c.o(i.I2C_DMAMasterTransmitCplt) refers to stm32l0xx_hal_dma.o(i.HAL_DMA_Start_IT) for HAL_DMA_Start_IT
    stm32l0xx_hal_i2c.o(i.I2C_DMAMasterTransmitCplt) refers to stm32l0xx_hal_i2c.o(i.I2C_TransferConfig) for I2C_TransferConfig
    stm32l0xx_hal_i2c.o(i.I2C_DMAMasterTransmitCplt) refers to stm32l0xx_hal_i2c.o(i.I2C_WaitOnTXISFlagUntilTimeout) for I2C_WaitOnTXISFlagUntilTimeout
    stm32l0xx_hal_i2c.o(i.I2C_DMAMasterTransmitCplt) refers to stm32l0xx_hal_i2c.o(i.HAL_I2C_MasterTxCpltCallback) for HAL_I2C_MasterTxCpltCallback
    stm32l0xx_hal_i2c.o(i.I2C_DMAMemReceiveCplt) refers to stm32l0xx_hal_i2c.o(i.I2C_WaitOnFlagUntilTimeout) for I2C_WaitOnFlagUntilTimeout
    stm32l0xx_hal_i2c.o(i.I2C_DMAMemReceiveCplt) refers to stm32l0xx_hal_i2c.o(i.I2C_WaitOnSTOPFlagUntilTimeout) for I2C_WaitOnSTOPFlagUntilTimeout
    stm32l0xx_hal_i2c.o(i.I2C_DMAMemReceiveCplt) refers to stm32l0xx_hal_i2c.o(i.HAL_I2C_ErrorCallback) for HAL_I2C_ErrorCallback
    stm32l0xx_hal_i2c.o(i.I2C_DMAMemReceiveCplt) refers to stm32l0xx_hal_dma.o(i.HAL_DMA_Start_IT) for HAL_DMA_Start_IT
    stm32l0xx_hal_i2c.o(i.I2C_DMAMemReceiveCplt) refers to stm32l0xx_hal_i2c.o(i.I2C_TransferConfig) for I2C_TransferConfig
    stm32l0xx_hal_i2c.o(i.I2C_DMAMemReceiveCplt) refers to stm32l0xx_hal_i2c.o(i.HAL_I2C_MemRxCpltCallback) for HAL_I2C_MemRxCpltCallback
    stm32l0xx_hal_i2c.o(i.I2C_DMAMemTransmitCplt) refers to stm32l0xx_hal_i2c.o(i.I2C_WaitOnFlagUntilTimeout) for I2C_WaitOnFlagUntilTimeout
    stm32l0xx_hal_i2c.o(i.I2C_DMAMemTransmitCplt) refers to stm32l0xx_hal_i2c.o(i.I2C_WaitOnSTOPFlagUntilTimeout) for I2C_WaitOnSTOPFlagUntilTimeout
    stm32l0xx_hal_i2c.o(i.I2C_DMAMemTransmitCplt) refers to stm32l0xx_hal_i2c.o(i.HAL_I2C_ErrorCallback) for HAL_I2C_ErrorCallback
    stm32l0xx_hal_i2c.o(i.I2C_DMAMemTransmitCplt) refers to stm32l0xx_hal_dma.o(i.HAL_DMA_Start_IT) for HAL_DMA_Start_IT
    stm32l0xx_hal_i2c.o(i.I2C_DMAMemTransmitCplt) refers to stm32l0xx_hal_i2c.o(i.I2C_TransferConfig) for I2C_TransferConfig
    stm32l0xx_hal_i2c.o(i.I2C_DMAMemTransmitCplt) refers to stm32l0xx_hal_i2c.o(i.I2C_WaitOnTXISFlagUntilTimeout) for I2C_WaitOnTXISFlagUntilTimeout
    stm32l0xx_hal_i2c.o(i.I2C_DMAMemTransmitCplt) refers to stm32l0xx_hal_i2c.o(i.HAL_I2C_MemTxCpltCallback) for HAL_I2C_MemTxCpltCallback
    stm32l0xx_hal_i2c.o(i.I2C_DMASlaveReceiveCplt) refers to stm32l0xx_hal_i2c.o(i.I2C_WaitOnSTOPFlagUntilTimeout) for I2C_WaitOnSTOPFlagUntilTimeout
    stm32l0xx_hal_i2c.o(i.I2C_DMASlaveReceiveCplt) refers to stm32l0xx_hal_i2c.o(i.I2C_WaitOnFlagUntilTimeout) for I2C_WaitOnFlagUntilTimeout
    stm32l0xx_hal_i2c.o(i.I2C_DMASlaveReceiveCplt) refers to stm32l0xx_hal_i2c.o(i.HAL_I2C_ErrorCallback) for HAL_I2C_ErrorCallback
    stm32l0xx_hal_i2c.o(i.I2C_DMASlaveReceiveCplt) refers to stm32l0xx_hal_i2c.o(i.HAL_I2C_SlaveRxCpltCallback) for HAL_I2C_SlaveRxCpltCallback
    stm32l0xx_hal_i2c.o(i.I2C_DMASlaveTransmitCplt) refers to stm32l0xx_hal_i2c.o(i.I2C_WaitOnSTOPFlagUntilTimeout) for I2C_WaitOnSTOPFlagUntilTimeout
    stm32l0xx_hal_i2c.o(i.I2C_DMASlaveTransmitCplt) refers to stm32l0xx_hal_i2c.o(i.I2C_WaitOnFlagUntilTimeout) for I2C_WaitOnFlagUntilTimeout
    stm32l0xx_hal_i2c.o(i.I2C_DMASlaveTransmitCplt) refers to stm32l0xx_hal_i2c.o(i.HAL_I2C_ErrorCallback) for HAL_I2C_ErrorCallback
    stm32l0xx_hal_i2c.o(i.I2C_DMASlaveTransmitCplt) refers to stm32l0xx_hal_i2c.o(i.HAL_I2C_SlaveTxCpltCallback) for HAL_I2C_SlaveTxCpltCallback
    stm32l0xx_hal_i2c.o(i.I2C_IsAcknowledgeFailed) refers to stm32l0xx_hal.o(i.HAL_GetTick) for HAL_GetTick
    stm32l0xx_hal_i2c.o(i.I2C_MasterReceive_ISR) refers to stm32l0xx_hal_i2c.o(i.I2C_TransferConfig) for I2C_TransferConfig
    stm32l0xx_hal_i2c.o(i.I2C_MasterReceive_ISR) refers to stm32l0xx_hal_i2c.o(i.HAL_I2C_ErrorCallback) for HAL_I2C_ErrorCallback
    stm32l0xx_hal_i2c.o(i.I2C_MasterReceive_ISR) refers to stm32l0xx_hal_i2c.o(i.HAL_I2C_MemRxCpltCallback) for HAL_I2C_MemRxCpltCallback
    stm32l0xx_hal_i2c.o(i.I2C_MasterReceive_ISR) refers to stm32l0xx_hal_i2c.o(i.HAL_I2C_MasterRxCpltCallback) for HAL_I2C_MasterRxCpltCallback
    stm32l0xx_hal_i2c.o(i.I2C_MasterTransmit_ISR) refers to stm32l0xx_hal_i2c.o(i.I2C_TransferConfig) for I2C_TransferConfig
    stm32l0xx_hal_i2c.o(i.I2C_MasterTransmit_ISR) refers to stm32l0xx_hal_i2c.o(i.HAL_I2C_ErrorCallback) for HAL_I2C_ErrorCallback
    stm32l0xx_hal_i2c.o(i.I2C_MasterTransmit_ISR) refers to stm32l0xx_hal_i2c.o(i.HAL_I2C_MemTxCpltCallback) for HAL_I2C_MemTxCpltCallback
    stm32l0xx_hal_i2c.o(i.I2C_MasterTransmit_ISR) refers to stm32l0xx_hal_i2c.o(i.HAL_I2C_MasterTxCpltCallback) for HAL_I2C_MasterTxCpltCallback
    stm32l0xx_hal_i2c.o(i.I2C_RequestMemoryRead) refers to stm32l0xx_hal_i2c.o(i.I2C_TransferConfig) for I2C_TransferConfig
    stm32l0xx_hal_i2c.o(i.I2C_RequestMemoryRead) refers to stm32l0xx_hal_i2c.o(i.I2C_WaitOnTXISFlagUntilTimeout) for I2C_WaitOnTXISFlagUntilTimeout
    stm32l0xx_hal_i2c.o(i.I2C_RequestMemoryRead) refers to stm32l0xx_hal_i2c.o(i.I2C_WaitOnFlagUntilTimeout) for I2C_WaitOnFlagUntilTimeout
    stm32l0xx_hal_i2c.o(i.I2C_RequestMemoryWrite) refers to stm32l0xx_hal_i2c.o(i.I2C_TransferConfig) for I2C_TransferConfig
    stm32l0xx_hal_i2c.o(i.I2C_RequestMemoryWrite) refers to stm32l0xx_hal_i2c.o(i.I2C_WaitOnTXISFlagUntilTimeout) for I2C_WaitOnTXISFlagUntilTimeout
    stm32l0xx_hal_i2c.o(i.I2C_RequestMemoryWrite) refers to stm32l0xx_hal_i2c.o(i.I2C_WaitOnFlagUntilTimeout) for I2C_WaitOnFlagUntilTimeout
    stm32l0xx_hal_i2c.o(i.I2C_SlaveReceive_ISR) refers to stm32l0xx_hal_i2c.o(i.HAL_I2C_ErrorCallback) for HAL_I2C_ErrorCallback
    stm32l0xx_hal_i2c.o(i.I2C_SlaveReceive_ISR) refers to stm32l0xx_hal_i2c.o(i.HAL_I2C_SlaveRxCpltCallback) for HAL_I2C_SlaveRxCpltCallback
    stm32l0xx_hal_i2c.o(i.I2C_SlaveTransmit_ISR) refers to stm32l0xx_hal_i2c.o(i.HAL_I2C_ErrorCallback) for HAL_I2C_ErrorCallback
    stm32l0xx_hal_i2c.o(i.I2C_SlaveTransmit_ISR) refers to stm32l0xx_hal_i2c.o(i.HAL_I2C_SlaveTxCpltCallback) for HAL_I2C_SlaveTxCpltCallback
    stm32l0xx_hal_i2c.o(i.I2C_WaitOnFlagUntilTimeout) refers to stm32l0xx_hal.o(i.HAL_GetTick) for HAL_GetTick
    stm32l0xx_hal_i2c.o(i.I2C_WaitOnRXNEFlagUntilTimeout) refers to stm32l0xx_hal.o(i.HAL_GetTick) for HAL_GetTick
    stm32l0xx_hal_i2c.o(i.I2C_WaitOnRXNEFlagUntilTimeout) refers to stm32l0xx_hal_i2c.o(i.I2C_IsAcknowledgeFailed) for I2C_IsAcknowledgeFailed
    stm32l0xx_hal_i2c.o(i.I2C_WaitOnSTOPFlagUntilTimeout) refers to stm32l0xx_hal.o(i.HAL_GetTick) for HAL_GetTick
    stm32l0xx_hal_i2c.o(i.I2C_WaitOnSTOPFlagUntilTimeout) refers to stm32l0xx_hal_i2c.o(i.I2C_IsAcknowledgeFailed) for I2C_IsAcknowledgeFailed
    stm32l0xx_hal_i2c.o(i.I2C_WaitOnTXISFlagUntilTimeout) refers to stm32l0xx_hal.o(i.HAL_GetTick) for HAL_GetTick
    stm32l0xx_hal_i2c.o(i.I2C_WaitOnTXISFlagUntilTimeout) refers to stm32l0xx_hal_i2c.o(i.I2C_IsAcknowledgeFailed) for I2C_IsAcknowledgeFailed
    stm32l0xx_hal_iwdg.o(i.HAL_IWDG_Init) refers to stm32l0xx_hal_iwdg.o(i.HAL_IWDG_MspInit) for HAL_IWDG_MspInit
    stm32l0xx_hal_iwdg.o(i.HAL_IWDG_Init) refers to stm32l0xx_hal.o(i.HAL_GetTick) for HAL_GetTick
    stm32l0xx_hal_iwdg.o(i.HAL_IWDG_Refresh) refers to stm32l0xx_hal.o(i.HAL_GetTick) for HAL_GetTick
    stm32l0xx_hal_iwdg.o(i.HAL_IWDG_Start) refers to stm32l0xx_hal.o(i.HAL_GetTick) for HAL_GetTick
    stm32l0xx_hal_adc_ex.o(i.HAL_ADCEx_Calibration_Start) refers to stm32l0xx_hal.o(i.HAL_GetTick) for HAL_GetTick
    stm32l0xx_hal_adc_ex.o(i.HAL_ADCEx_EnableVREFINT) refers to stm32l0xx_hal.o(i.HAL_GetTick) for HAL_GetTick
    stm32l0xx_hal_adc_ex.o(i.HAL_ADCEx_EnableVREFINTTempSensor) refers to stm32l0xx_hal.o(i.HAL_GetTick) for HAL_GetTick
    stm32l0xx_hal_gpio.o(i.HAL_GPIO_EXTI_IRQHandler) refers to main.o(i.HAL_GPIO_EXTI_Callback) for HAL_GPIO_EXTI_Callback
    system_stm32l0xx.o(i.SystemCoreClockUpdate) refers to uidiv.o(.text) for __aeabi_uidivmod
    system_stm32l0xx.o(i.SystemCoreClockUpdate) refers to system_stm32l0xx.o(.data) for SystemCoreClock
    system_stm32l0xx.o(i.SystemCoreClockUpdate) refers to system_stm32l0xx.o(.constdata) for PLLMulTable
    startup_stm32l053xx.o(RESET) refers to startup_stm32l053xx.o(STACK) for __initial_sp
    startup_stm32l053xx.o(RESET) refers to startup_stm32l053xx.o(.text) for Reset_Handler
    startup_stm32l053xx.o(RESET) refers to stm32l0xx_it.o(i.SysTick_Handler) for SysTick_Handler
    startup_stm32l053xx.o(RESET) refers to stm32l0xx_it.o(i.EXTI0_1_IRQHandler) for EXTI0_1_IRQHandler
    startup_stm32l053xx.o(RESET) refers to stm32l0xx_it.o(i.I2C1_IRQHandler) for I2C1_IRQHandler
    startup_stm32l053xx.o(.text) refers to system_stm32l0xx.o(i.SystemInit) for SystemInit
    startup_stm32l053xx.o(.text) refers to entry.o(.ARM.Collect$$$$00000000) for __main
    entry.o(.ARM.Collect$$$$00000000) refers (Special) to entry10a.o(.ARM.Collect$$$$0000000D) for __rt_final_cpp
    entry.o(.ARM.Collect$$$$00000000) refers (Special) to entry11a.o(.ARM.Collect$$$$0000000F) for __rt_final_exit
    entry.o(.ARM.Collect$$$$00000000) refers (Special) to entry7b.o(.ARM.Collect$$$$00000008) for _main_clock
    entry.o(.ARM.Collect$$$$00000000) refers (Special) to entry8b.o(.ARM.Collect$$$$0000000A) for _main_cpp_init
    entry.o(.ARM.Collect$$$$00000000) refers (Special) to entry9a.o(.ARM.Collect$$$$0000000B) for _main_init
    entry.o(.ARM.Collect$$$$00000000) refers (Special) to entry5.o(.ARM.Collect$$$$00000004) for _main_scatterload
    entry.o(.ARM.Collect$$$$00000000) refers (Special) to entry2.o(.ARM.Collect$$$$00000001) for _main_stk
    entry2.o(.ARM.Collect$$$$00000001) refers to entry2.o(.ARM.Collect$$$$00002712) for __lit__00000000
    entry2.o(.ARM.Collect$$$$00002712) refers to startup_stm32l053xx.o(STACK) for __initial_sp
    entry2.o(__vectab_stack_and_reset_area) refers to startup_stm32l053xx.o(STACK) for __initial_sp
    entry2.o(__vectab_stack_and_reset_area) refers to entry.o(.ARM.Collect$$$$00000000) for __main
    entry5.o(.ARM.Collect$$$$00000004) refers to init.o(.text) for __scatterload
    entry9a.o(.ARM.Collect$$$$0000000B) refers to main.o(i.main) for main
    entry9b.o(.ARM.Collect$$$$0000000C) refers to main.o(i.main) for main
    init.o(.text) refers to entry5.o(.ARM.Collect$$$$00000004) for __main_after_scatterload


==============================================================================

Removing Unused input sections from the image.

    Removing gpio.o(.rev16_text), (4 bytes).
    Removing gpio.o(.revsh_text), (4 bytes).
    Removing i2c.o(.rev16_text), (4 bytes).
    Removing i2c.o(.revsh_text), (4 bytes).
    Removing i2c.o(i.HAL_I2C_MspDeInit), (56 bytes).
    Removing dac.o(.rev16_text), (4 bytes).
    Removing dac.o(.revsh_text), (4 bytes).
    Removing dac.o(i.HAL_DAC_MspDeInit), (48 bytes).
    Removing main.o(.rev16_text), (4 bytes).
    Removing main.o(.revsh_text), (4 bytes).
    Removing main.o(.bss), (60 bytes).
    Removing adc.o(.rev16_text), (4 bytes).
    Removing adc.o(.revsh_text), (4 bytes).
    Removing adc.o(i.HAL_ADC_MspDeInit), (56 bytes).
    Removing stm32l0xx_hal_msp.o(.rev16_text), (4 bytes).
    Removing stm32l0xx_hal_msp.o(.revsh_text), (4 bytes).
    Removing iwdg.o(.rev16_text), (4 bytes).
    Removing iwdg.o(.revsh_text), (4 bytes).
    Removing stm32l0xx_it.o(.rev16_text), (4 bytes).
    Removing stm32l0xx_it.o(.revsh_text), (4 bytes).
    Removing stm32l0xx_hal_adc.o(.rev16_text), (4 bytes).
    Removing stm32l0xx_hal_adc.o(.revsh_text), (4 bytes).
    Removing stm32l0xx_hal_adc.o(i.ADC_ConversionStop), (108 bytes).
    Removing stm32l0xx_hal_adc.o(i.ADC_DMAConvCplt), (134 bytes).
    Removing stm32l0xx_hal_adc.o(i.ADC_DMAError), (30 bytes).
    Removing stm32l0xx_hal_adc.o(i.ADC_DMAHalfConvCplt), (14 bytes).
    Removing stm32l0xx_hal_adc.o(i.ADC_Disable), (156 bytes).
    Removing stm32l0xx_hal_adc.o(i.ADC_Enable), (164 bytes).
    Removing stm32l0xx_hal_adc.o(i.HAL_ADC_AnalogWDGConfig), (212 bytes).
    Removing stm32l0xx_hal_adc.o(i.HAL_ADC_ConvCpltCallback), (2 bytes).
    Removing stm32l0xx_hal_adc.o(i.HAL_ADC_ConvHalfCpltCallback), (2 bytes).
    Removing stm32l0xx_hal_adc.o(i.HAL_ADC_DeInit), (212 bytes).
    Removing stm32l0xx_hal_adc.o(i.HAL_ADC_ErrorCallback), (2 bytes).
    Removing stm32l0xx_hal_adc.o(i.HAL_ADC_GetError), (6 bytes).
    Removing stm32l0xx_hal_adc.o(i.HAL_ADC_GetState), (6 bytes).
    Removing stm32l0xx_hal_adc.o(i.HAL_ADC_GetValue), (8 bytes).
    Removing stm32l0xx_hal_adc.o(i.HAL_ADC_IRQHandler), (278 bytes).
    Removing stm32l0xx_hal_adc.o(i.HAL_ADC_LevelOutOfWindowCallback), (2 bytes).
    Removing stm32l0xx_hal_adc.o(i.HAL_ADC_MspDeInit), (2 bytes).
    Removing stm32l0xx_hal_adc.o(i.HAL_ADC_MspInit), (2 bytes).
    Removing stm32l0xx_hal_adc.o(i.HAL_ADC_PollForConversion), (228 bytes).
    Removing stm32l0xx_hal_adc.o(i.HAL_ADC_PollForEvent), (138 bytes).
    Removing stm32l0xx_hal_adc.o(i.HAL_ADC_Start), (120 bytes).
    Removing stm32l0xx_hal_adc.o(i.HAL_ADC_Start_DMA), (192 bytes).
    Removing stm32l0xx_hal_adc.o(i.HAL_ADC_Start_IT), (168 bytes).
    Removing stm32l0xx_hal_adc.o(i.HAL_ADC_Stop), (80 bytes).
    Removing stm32l0xx_hal_adc.o(i.HAL_ADC_Stop_DMA), (136 bytes).
    Removing stm32l0xx_hal_adc.o(i.HAL_ADC_Stop_IT), (92 bytes).
    Removing stm32l0xx_hal_pwr.o(.rev16_text), (4 bytes).
    Removing stm32l0xx_hal_pwr.o(.revsh_text), (4 bytes).
    Removing stm32l0xx_hal_pwr.o(i.HAL_PWR_ConfigPVD), (176 bytes).
    Removing stm32l0xx_hal_pwr.o(i.HAL_PWR_DeInit), (32 bytes).
    Removing stm32l0xx_hal_pwr.o(i.HAL_PWR_DisableBkUpAccess), (20 bytes).
    Removing stm32l0xx_hal_pwr.o(i.HAL_PWR_DisablePVD), (20 bytes).
    Removing stm32l0xx_hal_pwr.o(i.HAL_PWR_DisableSEVOnPend), (20 bytes).
    Removing stm32l0xx_hal_pwr.o(i.HAL_PWR_DisableSleepOnExit), (20 bytes).
    Removing stm32l0xx_hal_pwr.o(i.HAL_PWR_DisableWakeUpPin), (16 bytes).
    Removing stm32l0xx_hal_pwr.o(i.HAL_PWR_EnableBkUpAccess), (20 bytes).
    Removing stm32l0xx_hal_pwr.o(i.HAL_PWR_EnablePVD), (20 bytes).
    Removing stm32l0xx_hal_pwr.o(i.HAL_PWR_EnableSEVOnPend), (20 bytes).
    Removing stm32l0xx_hal_pwr.o(i.HAL_PWR_EnableSleepOnExit), (20 bytes).
    Removing stm32l0xx_hal_pwr.o(i.HAL_PWR_EnableWakeUpPin), (16 bytes).
    Removing stm32l0xx_hal_pwr.o(i.HAL_PWR_EnterSLEEPMode), (60 bytes).
    Removing stm32l0xx_hal_pwr.o(i.HAL_PWR_EnterSTANDBYMode), (40 bytes).
    Removing stm32l0xx_hal_pwr.o(i.HAL_PWR_PVDCallback), (2 bytes).
    Removing stm32l0xx_hal_pwr.o(i.HAL_PWR_PVD_IRQHandler), (36 bytes).
    Removing stm32l0xx_hal_pwr_ex.o(.rev16_text), (4 bytes).
    Removing stm32l0xx_hal_pwr_ex.o(.revsh_text), (4 bytes).
    Removing stm32l0xx_hal_pwr_ex.o(i.HAL_PWREx_DisableFastWakeUp), (20 bytes).
    Removing stm32l0xx_hal_pwr_ex.o(i.HAL_PWREx_DisableLowPowerRunMode), (96 bytes).
    Removing stm32l0xx_hal_pwr_ex.o(i.HAL_PWREx_DisableUltraLowPower), (20 bytes).
    Removing stm32l0xx_hal_pwr_ex.o(i.HAL_PWREx_EnableLowPowerRunMode), (32 bytes).
    Removing stm32l0xx_hal_flash_ex.o(.rev16_text), (4 bytes).
    Removing stm32l0xx_hal_flash_ex.o(.revsh_text), (4 bytes).
    Removing stm32l0xx_hal_flash_ex.o(i.FLASH_OB_BOOTBit1Config), (84 bytes).
    Removing stm32l0xx_hal_flash_ex.o(i.FLASH_OB_BORConfig), (88 bytes).
    Removing stm32l0xx_hal_flash_ex.o(i.FLASH_OB_GetBOOTBit1), (12 bytes).
    Removing stm32l0xx_hal_flash_ex.o(i.FLASH_OB_GetBOR), (20 bytes).
    Removing stm32l0xx_hal_flash_ex.o(i.FLASH_OB_GetRDP), (12 bytes).
    Removing stm32l0xx_hal_flash_ex.o(i.FLASH_OB_GetUser), (20 bytes).
    Removing stm32l0xx_hal_flash_ex.o(i.FLASH_OB_GetWRP), (12 bytes).
    Removing stm32l0xx_hal_flash_ex.o(i.FLASH_OB_PCROPSelectionConfig), (76 bytes).
    Removing stm32l0xx_hal_flash_ex.o(i.FLASH_OB_ProtectedSectorsConfig), (108 bytes).
    Removing stm32l0xx_hal_flash_ex.o(i.FLASH_OB_RDPConfig), (80 bytes).
    Removing stm32l0xx_hal_flash_ex.o(i.FLASH_OB_UserConfig), (108 bytes).
    Removing stm32l0xx_hal_flash_ex.o(i.HAL_FLASHEx_AdvOBGetConfig), (32 bytes).
    Removing stm32l0xx_hal_flash_ex.o(i.HAL_FLASHEx_AdvOBProgram), (28 bytes).
    Removing stm32l0xx_hal_flash_ex.o(i.HAL_FLASHEx_DATAEEPROM_DisableFixedTimeProgram), (20 bytes).
    Removing stm32l0xx_hal_flash_ex.o(i.HAL_FLASHEx_DATAEEPROM_EnableFixedTimeProgram), (20 bytes).
    Removing stm32l0xx_hal_flash_ex.o(i.HAL_FLASHEx_DATAEEPROM_Erase), (44 bytes).
    Removing stm32l0xx_hal_flash_ex.o(i.HAL_FLASHEx_DATAEEPROM_Lock), (20 bytes).
    Removing stm32l0xx_hal_flash_ex.o(i.HAL_FLASHEx_DATAEEPROM_Program), (104 bytes).
    Removing stm32l0xx_hal_flash_ex.o(i.HAL_FLASHEx_DATAEEPROM_Unlock), (44 bytes).
    Removing stm32l0xx_hal_flash_ex.o(i.HAL_FLASHEx_Erase), (144 bytes).
    Removing stm32l0xx_hal_flash_ex.o(i.HAL_FLASHEx_Erase_IT), (108 bytes).
    Removing stm32l0xx_hal_flash_ex.o(i.HAL_FLASHEx_OBGetConfig), (40 bytes).
    Removing stm32l0xx_hal_flash_ex.o(i.HAL_FLASHEx_OBProgram), (216 bytes).
    Removing stm32l0xx_hal_flash_ex.o(i.HAL_FLASHEx_OB_DeSelectPCROP), (10 bytes).
    Removing stm32l0xx_hal_flash_ex.o(i.HAL_FLASHEx_OB_SelectPCROP), (10 bytes).
    Removing stm32l0xx_hal_cortex.o(.rev16_text), (4 bytes).
    Removing stm32l0xx_hal_cortex.o(.revsh_text), (4 bytes).
    Removing stm32l0xx_hal_cortex.o(i.HAL_MPU_ConfigRegion), (84 bytes).
    Removing stm32l0xx_hal_cortex.o(i.HAL_NVIC_ClearPendingIRQ), (24 bytes).
    Removing stm32l0xx_hal_cortex.o(i.HAL_NVIC_DisableIRQ), (24 bytes).
    Removing stm32l0xx_hal_cortex.o(i.HAL_NVIC_GetPendingIRQ), (40 bytes).
    Removing stm32l0xx_hal_cortex.o(i.HAL_NVIC_GetPriority), (72 bytes).
    Removing stm32l0xx_hal_cortex.o(i.HAL_NVIC_SetPendingIRQ), (24 bytes).
    Removing stm32l0xx_hal_cortex.o(i.HAL_NVIC_SystemReset), (56 bytes).
    Removing stm32l0xx_hal.o(.rev16_text), (4 bytes).
    Removing stm32l0xx_hal.o(.revsh_text), (4 bytes).
    Removing stm32l0xx_hal.o(i.HAL_DBGMCU_DBG_DisableLowPowerConfig), (16 bytes).
    Removing stm32l0xx_hal.o(i.HAL_DBGMCU_DBG_EnableLowPowerConfig), (16 bytes).
    Removing stm32l0xx_hal.o(i.HAL_DBGMCU_DisableDBGSleepMode), (20 bytes).
    Removing stm32l0xx_hal.o(i.HAL_DBGMCU_DisableDBGStandbyMode), (20 bytes).
    Removing stm32l0xx_hal.o(i.HAL_DBGMCU_DisableDBGStopMode), (20 bytes).
    Removing stm32l0xx_hal.o(i.HAL_DBGMCU_EnableDBGSleepMode), (20 bytes).
    Removing stm32l0xx_hal.o(i.HAL_DBGMCU_EnableDBGStandbyMode), (20 bytes).
    Removing stm32l0xx_hal.o(i.HAL_DBGMCU_EnableDBGStopMode), (20 bytes).
    Removing stm32l0xx_hal.o(i.HAL_DeInit), (52 bytes).
    Removing stm32l0xx_hal.o(i.HAL_GetDEVID), (16 bytes).
    Removing stm32l0xx_hal.o(i.HAL_GetHalVersion), (8 bytes).
    Removing stm32l0xx_hal.o(i.HAL_GetREVID), (12 bytes).
    Removing stm32l0xx_hal.o(i.HAL_MspDeInit), (2 bytes).
    Removing stm32l0xx_hal.o(i.HAL_MspInit), (2 bytes).
    Removing stm32l0xx_hal.o(i.HAL_ResumeTick), (20 bytes).
    Removing stm32l0xx_hal.o(i.HAL_SYSCFG_DisableVREFINT), (20 bytes).
    Removing stm32l0xx_hal.o(i.HAL_SYSCFG_Disable_Lock_VREFINT), (20 bytes).
    Removing stm32l0xx_hal.o(i.HAL_SYSCFG_EnableVREFINT), (20 bytes).
    Removing stm32l0xx_hal.o(i.HAL_SYSCFG_Enable_Lock_VREFINT), (20 bytes).
    Removing stm32l0xx_hal.o(i.HAL_SYSCFG_GetBootMode), (16 bytes).
    Removing stm32l0xx_hal.o(i.HAL_SYSCFG_VREFINT_OutputSelect), (28 bytes).
    Removing stm32l0xx_hal.o(i.HAL_SuspendTick), (20 bytes).
    Removing stm32l0xx_hal_dac.o(.rev16_text), (4 bytes).
    Removing stm32l0xx_hal_dac.o(.revsh_text), (4 bytes).
    Removing stm32l0xx_hal_dac.o(i.HAL_DAC_ConvCpltCallbackCh1), (2 bytes).
    Removing stm32l0xx_hal_dac.o(i.HAL_DAC_ConvHalfCpltCallbackCh1), (2 bytes).
    Removing stm32l0xx_hal_dac.o(i.HAL_DAC_DMAUnderrunCallbackCh1), (2 bytes).
    Removing stm32l0xx_hal_dac.o(i.HAL_DAC_DeInit), (38 bytes).
    Removing stm32l0xx_hal_dac.o(i.HAL_DAC_ErrorCallbackCh1), (2 bytes).
    Removing stm32l0xx_hal_dac.o(i.HAL_DAC_GetError), (6 bytes).
    Removing stm32l0xx_hal_dac.o(i.HAL_DAC_GetState), (6 bytes).
    Removing stm32l0xx_hal_dac.o(i.HAL_DAC_GetValue), (6 bytes).
    Removing stm32l0xx_hal_dac.o(i.HAL_DAC_IRQHandler), (2 bytes).
    Removing stm32l0xx_hal_dac.o(i.HAL_DAC_MspDeInit), (2 bytes).
    Removing stm32l0xx_hal_dac.o(i.HAL_DAC_MspInit), (2 bytes).
    Removing stm32l0xx_hal_dac.o(i.HAL_DAC_SetValue), (8 bytes).
    Removing stm32l0xx_hal_dac.o(i.HAL_DAC_Start), (6 bytes).
    Removing stm32l0xx_hal_dac.o(i.HAL_DAC_Start_DMA), (10 bytes).
    Removing stm32l0xx_hal_dac.o(i.HAL_DAC_Stop), (24 bytes).
    Removing stm32l0xx_hal_dac.o(i.HAL_DAC_Stop_DMA), (6 bytes).
    Removing stm32l0xx_hal_dac_ex.o(.rev16_text), (4 bytes).
    Removing stm32l0xx_hal_dac_ex.o(.revsh_text), (4 bytes).
    Removing stm32l0xx_hal_dac_ex.o(i.DAC_DMAConvCpltCh1), (18 bytes).
    Removing stm32l0xx_hal_dac_ex.o(i.DAC_DMAErrorCh1), (26 bytes).
    Removing stm32l0xx_hal_dac_ex.o(i.DAC_DMAHalfConvCpltCh1), (14 bytes).
    Removing stm32l0xx_hal_dac_ex.o(i.HAL_DACEx_NoiseWaveGenerate), (66 bytes).
    Removing stm32l0xx_hal_dac_ex.o(i.HAL_DACEx_TriangleWaveGenerate), (66 bytes).
    Removing stm32l0xx_hal_dac_ex.o(i.HAL_DAC_GetValue), (8 bytes).
    Removing stm32l0xx_hal_dac_ex.o(i.HAL_DAC_IRQHandler), (58 bytes).
    Removing stm32l0xx_hal_dac_ex.o(i.HAL_DAC_SetValue), (30 bytes).
    Removing stm32l0xx_hal_dac_ex.o(i.HAL_DAC_Start), (100 bytes).
    Removing stm32l0xx_hal_dac_ex.o(i.HAL_DAC_Start_DMA), (176 bytes).
    Removing stm32l0xx_hal_dac_ex.o(i.HAL_DAC_Stop_DMA), (64 bytes).
    Removing stm32l0xx_hal_rcc_ex.o(.rev16_text), (4 bytes).
    Removing stm32l0xx_hal_rcc_ex.o(.revsh_text), (4 bytes).
    Removing stm32l0xx_hal_rcc_ex.o(i.HAL_RCCEx_CRSConfig), (176 bytes).
    Removing stm32l0xx_hal_rcc_ex.o(i.HAL_RCCEx_CRSGetSynchronizationInfo), (48 bytes).
    Removing stm32l0xx_hal_rcc_ex.o(i.HAL_RCCEx_CRSSoftwareSynchronizationGenerate), (20 bytes).
    Removing stm32l0xx_hal_rcc_ex.o(i.HAL_RCCEx_CRSWaitSynchronization), (200 bytes).
    Removing stm32l0xx_hal_rcc_ex.o(i.HAL_RCCEx_DisableHSI48_VREFINT), (24 bytes).
    Removing stm32l0xx_hal_rcc_ex.o(i.HAL_RCCEx_DisableLSECSS), (36 bytes).
    Removing stm32l0xx_hal_rcc_ex.o(i.HAL_RCCEx_EnableHSI48_VREFINT), (24 bytes).
    Removing stm32l0xx_hal_rcc_ex.o(i.HAL_RCCEx_EnableLSECSS), (20 bytes).
    Removing stm32l0xx_hal_rcc_ex.o(i.HAL_RCCEx_EnableLSECSS_IT), (68 bytes).
    Removing stm32l0xx_hal_rcc_ex.o(i.HAL_RCCEx_GetPeriphCLKConfig), (92 bytes).
    Removing stm32l0xx_hal_rcc_ex.o(i.HAL_RCCEx_GetPeriphCLKFreq), (972 bytes).
    Removing stm32l0xx_hal_rcc_ex.o(i.HAL_RCCEx_LSECSS_Callback), (2 bytes).
    Removing stm32l0xx_hal_rcc_ex.o(i.HAL_RCCEx_LSECSS_IRQHandler), (32 bytes).
    Removing stm32l0xx_hal_rcc_ex.o(i.HAL_RCC_DeInit), (72 bytes).
    Removing stm32l0xx_hal_tim.o(.rev16_text), (4 bytes).
    Removing stm32l0xx_hal_tim.o(.revsh_text), (4 bytes).
    Removing stm32l0xx_hal_dma.o(.rev16_text), (4 bytes).
    Removing stm32l0xx_hal_dma.o(.revsh_text), (4 bytes).
    Removing stm32l0xx_hal_dma.o(i.DMA_SetConfig), (32 bytes).
    Removing stm32l0xx_hal_dma.o(i.HAL_DMA_Abort), (100 bytes).
    Removing stm32l0xx_hal_dma.o(i.HAL_DMA_DeInit), (668 bytes).
    Removing stm32l0xx_hal_dma.o(i.HAL_DMA_GetError), (6 bytes).
    Removing stm32l0xx_hal_dma.o(i.HAL_DMA_GetState), (8 bytes).
    Removing stm32l0xx_hal_dma.o(i.HAL_DMA_IRQHandler), (796 bytes).
    Removing stm32l0xx_hal_dma.o(i.HAL_DMA_Init), (400 bytes).
    Removing stm32l0xx_hal_dma.o(i.HAL_DMA_PollForTransfer), (748 bytes).
    Removing stm32l0xx_hal_dma.o(i.HAL_DMA_Start), (78 bytes).
    Removing stm32l0xx_hal_dma.o(i.HAL_DMA_Start_IT), (114 bytes).
    Removing stm32l0xx_hal_rcc.o(.rev16_text), (4 bytes).
    Removing stm32l0xx_hal_rcc.o(.revsh_text), (4 bytes).
    Removing stm32l0xx_hal_rcc.o(i.HAL_RCC_CSSCallback), (2 bytes).
    Removing stm32l0xx_hal_rcc.o(i.HAL_RCC_DeInit), (2 bytes).
    Removing stm32l0xx_hal_rcc.o(i.HAL_RCC_EnableCSS), (20 bytes).
    Removing stm32l0xx_hal_rcc.o(i.HAL_RCC_GetClockConfig), (68 bytes).
    Removing stm32l0xx_hal_rcc.o(i.HAL_RCC_GetOscConfig), (300 bytes).
    Removing stm32l0xx_hal_rcc.o(i.HAL_RCC_GetPCLK1Freq), (36 bytes).
    Removing stm32l0xx_hal_rcc.o(i.HAL_RCC_GetPCLK2Freq), (36 bytes).
    Removing stm32l0xx_hal_rcc.o(i.HAL_RCC_MCOConfig), (152 bytes).
    Removing stm32l0xx_hal_rcc.o(i.HAL_RCC_NMI_IRQHandler), (36 bytes).
    Removing stm32l0xx_hal_tim_ex.o(.rev16_text), (4 bytes).
    Removing stm32l0xx_hal_tim_ex.o(.revsh_text), (4 bytes).
    Removing stm32l0xx_hal_flash.o(.rev16_text), (4 bytes).
    Removing stm32l0xx_hal_flash.o(.revsh_text), (4 bytes).
    Removing stm32l0xx_hal_flash.o(i.FLASH_ErasePage), (48 bytes).
    Removing stm32l0xx_hal_flash.o(i.FLASH_Program_Word), (16 bytes).
    Removing stm32l0xx_hal_flash.o(i.FLASH_SetErrorCode), (204 bytes).
    Removing stm32l0xx_hal_flash.o(i.FLASH_WaitForLastOperation), (188 bytes).
    Removing stm32l0xx_hal_flash.o(i.HAL_FLASH_EndOfOperationCallback), (2 bytes).
    Removing stm32l0xx_hal_flash.o(i.HAL_FLASH_GetError), (12 bytes).
    Removing stm32l0xx_hal_flash.o(i.HAL_FLASH_IRQHandler), (300 bytes).
    Removing stm32l0xx_hal_flash.o(i.HAL_FLASH_Lock), (20 bytes).
    Removing stm32l0xx_hal_flash.o(i.HAL_FLASH_OB_Launch), (44 bytes).
    Removing stm32l0xx_hal_flash.o(i.HAL_FLASH_OB_Lock), (20 bytes).
    Removing stm32l0xx_hal_flash.o(i.HAL_FLASH_OB_Unlock), (76 bytes).
    Removing stm32l0xx_hal_flash.o(i.HAL_FLASH_OperationErrorCallback), (2 bytes).
    Removing stm32l0xx_hal_flash.o(i.HAL_FLASH_Program), (84 bytes).
    Removing stm32l0xx_hal_flash.o(i.HAL_FLASH_Program_IT), (112 bytes).
    Removing stm32l0xx_hal_flash.o(i.HAL_FLASH_Unlock), (76 bytes).
    Removing stm32l0xx_hal_flash.o(.bss), (24 bytes).
    Removing stm32l0xx_hal_flash_ramfunc.o(.rev16_text), (4 bytes).
    Removing stm32l0xx_hal_flash_ramfunc.o(.revsh_text), (4 bytes).
    Removing stm32l0xx_hal_flash_ramfunc.o(i.FLASHRAM_SetErrorCode), (204 bytes).
    Removing stm32l0xx_hal_flash_ramfunc.o(i.FLASHRAM_WaitForLastOperation), (148 bytes).
    Removing stm32l0xx_hal_flash_ramfunc.o(i.HAL_FLASHEx_DisableRunPowerDown), (44 bytes).
    Removing stm32l0xx_hal_flash_ramfunc.o(i.HAL_FLASHEx_EnableRunPowerDown), (44 bytes).
    Removing stm32l0xx_hal_flash_ramfunc.o(i.HAL_FLASHEx_HalfPageProgram), (108 bytes).
    Removing stm32l0xx_hal_flash_ramfunc.o(i.HAL_FLASHRAM_GetError), (16 bytes).
    Removing stm32l0xx_hal_i2c_ex.o(.rev16_text), (4 bytes).
    Removing stm32l0xx_hal_i2c_ex.o(.revsh_text), (4 bytes).
    Removing stm32l0xx_hal_i2c_ex.o(i.HAL_I2CEx_ConfigDigitalFilter), (146 bytes).
    Removing stm32l0xx_hal_i2c_ex.o(i.HAL_I2CEx_DisableFastModePlus), (32 bytes).
    Removing stm32l0xx_hal_i2c_ex.o(i.HAL_I2CEx_DisableWakeUp), (132 bytes).
    Removing stm32l0xx_hal_i2c_ex.o(i.HAL_I2CEx_EnableFastModePlus), (32 bytes).
    Removing stm32l0xx_hal_i2c_ex.o(i.HAL_I2CEx_EnableWakeUp), (132 bytes).
    Removing stm32l0xx_hal_i2c.o(.rev16_text), (4 bytes).
    Removing stm32l0xx_hal_i2c.o(.revsh_text), (4 bytes).
    Removing stm32l0xx_hal_i2c.o(i.HAL_I2C_DeInit), (58 bytes).
    Removing stm32l0xx_hal_i2c.o(i.HAL_I2C_GetError), (6 bytes).
    Removing stm32l0xx_hal_i2c.o(i.HAL_I2C_GetState), (8 bytes).
    Removing stm32l0xx_hal_i2c.o(i.HAL_I2C_IsDeviceReady), (388 bytes).
    Removing stm32l0xx_hal_i2c.o(i.HAL_I2C_Master_Receive), (332 bytes).
    Removing stm32l0xx_hal_i2c.o(i.HAL_I2C_Master_Receive_DMA), (260 bytes).
    Removing stm32l0xx_hal_i2c.o(i.HAL_I2C_Master_Receive_IT), (188 bytes).
    Removing stm32l0xx_hal_i2c.o(i.HAL_I2C_Master_Transmit), (344 bytes).
    Removing stm32l0xx_hal_i2c.o(i.HAL_I2C_Master_Transmit_DMA), (276 bytes).
    Removing stm32l0xx_hal_i2c.o(i.HAL_I2C_Master_Transmit_IT), (188 bytes).
    Removing stm32l0xx_hal_i2c.o(i.HAL_I2C_Mem_Read), (388 bytes).
    Removing stm32l0xx_hal_i2c.o(i.HAL_I2C_Mem_Read_DMA), (304 bytes).
    Removing stm32l0xx_hal_i2c.o(i.HAL_I2C_Mem_Read_IT), (242 bytes).
    Removing stm32l0xx_hal_i2c.o(i.HAL_I2C_Mem_Write), (392 bytes).
    Removing stm32l0xx_hal_i2c.o(i.HAL_I2C_Mem_Write_DMA), (308 bytes).
    Removing stm32l0xx_hal_i2c.o(i.HAL_I2C_Mem_Write_IT), (242 bytes).
    Removing stm32l0xx_hal_i2c.o(i.HAL_I2C_MspDeInit), (2 bytes).
    Removing stm32l0xx_hal_i2c.o(i.HAL_I2C_MspInit), (2 bytes).
    Removing stm32l0xx_hal_i2c.o(i.HAL_I2C_Slave_Receive), (350 bytes).
    Removing stm32l0xx_hal_i2c.o(i.HAL_I2C_Slave_Receive_DMA), (228 bytes).
    Removing stm32l0xx_hal_i2c.o(i.HAL_I2C_Slave_Receive_IT), (106 bytes).
    Removing stm32l0xx_hal_i2c.o(i.HAL_I2C_Slave_Transmit), (380 bytes).
    Removing stm32l0xx_hal_i2c.o(i.HAL_I2C_Slave_Transmit_DMA), (276 bytes).
    Removing stm32l0xx_hal_i2c.o(i.HAL_I2C_Slave_Transmit_IT), (106 bytes).
    Removing stm32l0xx_hal_i2c.o(i.I2C_DMAError), (46 bytes).
    Removing stm32l0xx_hal_i2c.o(i.I2C_DMAMasterReceiveCplt), (476 bytes).
    Removing stm32l0xx_hal_i2c.o(i.I2C_DMAMasterTransmitCplt), (456 bytes).
    Removing stm32l0xx_hal_i2c.o(i.I2C_DMAMemReceiveCplt), (476 bytes).
    Removing stm32l0xx_hal_i2c.o(i.I2C_DMAMemTransmitCplt), (456 bytes).
    Removing stm32l0xx_hal_i2c.o(i.I2C_DMASlaveReceiveCplt), (132 bytes).
    Removing stm32l0xx_hal_i2c.o(i.I2C_DMASlaveTransmitCplt), (114 bytes).
    Removing stm32l0xx_hal_i2c.o(i.I2C_IsAcknowledgeFailed), (216 bytes).
    Removing stm32l0xx_hal_i2c.o(i.I2C_RequestMemoryRead), (138 bytes).
    Removing stm32l0xx_hal_i2c.o(i.I2C_RequestMemoryWrite), (138 bytes).
    Removing stm32l0xx_hal_i2c.o(i.I2C_WaitOnFlagUntilTimeout), (170 bytes).
    Removing stm32l0xx_hal_i2c.o(i.I2C_WaitOnRXNEFlagUntilTimeout), (152 bytes).
    Removing stm32l0xx_hal_i2c.o(i.I2C_WaitOnSTOPFlagUntilTimeout), (92 bytes).
    Removing stm32l0xx_hal_i2c.o(i.I2C_WaitOnTXISFlagUntilTimeout), (96 bytes).
    Removing stm32l0xx_hal_iwdg.o(.rev16_text), (4 bytes).
    Removing stm32l0xx_hal_iwdg.o(.revsh_text), (4 bytes).
    Removing stm32l0xx_hal_iwdg.o(i.HAL_IWDG_GetState), (6 bytes).
    Removing stm32l0xx_hal_iwdg.o(i.HAL_IWDG_Refresh), (108 bytes).
    Removing stm32l0xx_hal_iwdg.o(i.HAL_IWDG_Start), (128 bytes).
    Removing stm32l0xx_hal_adc_ex.o(.rev16_text), (4 bytes).
    Removing stm32l0xx_hal_adc_ex.o(.revsh_text), (4 bytes).
    Removing stm32l0xx_hal_adc_ex.o(i.HAL_ADCEx_Calibration_GetValue), (14 bytes).
    Removing stm32l0xx_hal_adc_ex.o(i.HAL_ADCEx_Calibration_SetValue), (140 bytes).
    Removing stm32l0xx_hal_adc_ex.o(i.HAL_ADCEx_Calibration_Start), (184 bytes).
    Removing stm32l0xx_hal_adc_ex.o(i.HAL_ADCEx_DisableVREFINT), (20 bytes).
    Removing stm32l0xx_hal_adc_ex.o(i.HAL_ADCEx_DisableVREFINTTempSensor), (24 bytes).
    Removing stm32l0xx_hal_adc_ex.o(i.HAL_ADCEx_EnableVREFINT), (64 bytes).
    Removing stm32l0xx_hal_adc_ex.o(i.HAL_ADCEx_EnableVREFINTTempSensor), (64 bytes).
    Removing stm32l0xx_hal_gpio.o(.rev16_text), (4 bytes).
    Removing stm32l0xx_hal_gpio.o(.revsh_text), (4 bytes).
    Removing stm32l0xx_hal_gpio.o(i.HAL_GPIO_DeInit), (280 bytes).
    Removing stm32l0xx_hal_gpio.o(i.HAL_GPIO_EXTI_Callback), (2 bytes).
    Removing stm32l0xx_hal_gpio.o(i.HAL_GPIO_LockPin), (50 bytes).
    Removing stm32l0xx_hal_gpio.o(i.HAL_GPIO_ReadPin), (18 bytes).
    Removing system_stm32l0xx.o(.rev16_text), (4 bytes).
    Removing system_stm32l0xx.o(.revsh_text), (4 bytes).
    Removing system_stm32l0xx.o(i.SystemCoreClockUpdate), (252 bytes).
    Removing startup_stm32l053xx.o(HEAP), (512 bytes).

303 unused section(s) (total 24646 bytes) removed from the image.

==============================================================================

Image Symbol Table

    Local Symbols

    Symbol Name                              Value     Ov Type        Size  Object(Section)

    ../Drivers/CMSIS/Device/ST/STM32L0xx/Source/Templates/system_stm32l0xx.c 0x00000000   Number         0  system_stm32l0xx.o ABSOLUTE
    ../Drivers/STM32L0xx_HAL_Driver/Src/stm32l0xx_hal.c 0x00000000   Number         0  stm32l0xx_hal.o ABSOLUTE
    ../Drivers/STM32L0xx_HAL_Driver/Src/stm32l0xx_hal_adc.c 0x00000000   Number         0  stm32l0xx_hal_adc.o ABSOLUTE
    ../Drivers/STM32L0xx_HAL_Driver/Src/stm32l0xx_hal_adc_ex.c 0x00000000   Number         0  stm32l0xx_hal_adc_ex.o ABSOLUTE
    ../Drivers/STM32L0xx_HAL_Driver/Src/stm32l0xx_hal_cortex.c 0x00000000   Number         0  stm32l0xx_hal_cortex.o ABSOLUTE
    ../Drivers/STM32L0xx_HAL_Driver/Src/stm32l0xx_hal_dac.c 0x00000000   Number         0  stm32l0xx_hal_dac.o ABSOLUTE
    ../Drivers/STM32L0xx_HAL_Driver/Src/stm32l0xx_hal_dac_ex.c 0x00000000   Number         0  stm32l0xx_hal_dac_ex.o ABSOLUTE
    ../Drivers/STM32L0xx_HAL_Driver/Src/stm32l0xx_hal_dma.c 0x00000000   Number         0  stm32l0xx_hal_dma.o ABSOLUTE
    ../Drivers/STM32L0xx_HAL_Driver/Src/stm32l0xx_hal_flash.c 0x00000000   Number         0  stm32l0xx_hal_flash.o ABSOLUTE
    ../Drivers/STM32L0xx_HAL_Driver/Src/stm32l0xx_hal_flash_ex.c 0x00000000   Number         0  stm32l0xx_hal_flash_ex.o ABSOLUTE
    ../Drivers/STM32L0xx_HAL_Driver/Src/stm32l0xx_hal_flash_ramfunc.c 0x00000000   Number         0  stm32l0xx_hal_flash_ramfunc.o ABSOLUTE
    ../Drivers/STM32L0xx_HAL_Driver/Src/stm32l0xx_hal_gpio.c 0x00000000   Number         0  stm32l0xx_hal_gpio.o ABSOLUTE
    ../Drivers/STM32L0xx_HAL_Driver/Src/stm32l0xx_hal_i2c.c 0x00000000   Number         0  stm32l0xx_hal_i2c.o ABSOLUTE
    ../Drivers/STM32L0xx_HAL_Driver/Src/stm32l0xx_hal_i2c_ex.c 0x00000000   Number         0  stm32l0xx_hal_i2c_ex.o ABSOLUTE
    ../Drivers/STM32L0xx_HAL_Driver/Src/stm32l0xx_hal_iwdg.c 0x00000000   Number         0  stm32l0xx_hal_iwdg.o ABSOLUTE
    ../Drivers/STM32L0xx_HAL_Driver/Src/stm32l0xx_hal_pwr.c 0x00000000   Number         0  stm32l0xx_hal_pwr.o ABSOLUTE
    ../Drivers/STM32L0xx_HAL_Driver/Src/stm32l0xx_hal_pwr_ex.c 0x00000000   Number         0  stm32l0xx_hal_pwr_ex.o ABSOLUTE
    ../Drivers/STM32L0xx_HAL_Driver/Src/stm32l0xx_hal_rcc.c 0x00000000   Number         0  stm32l0xx_hal_rcc.o ABSOLUTE
    ../Drivers/STM32L0xx_HAL_Driver/Src/stm32l0xx_hal_rcc_ex.c 0x00000000   Number         0  stm32l0xx_hal_rcc_ex.o ABSOLUTE
    ../Drivers/STM32L0xx_HAL_Driver/Src/stm32l0xx_hal_tim.c 0x00000000   Number         0  stm32l0xx_hal_tim.o ABSOLUTE
    ../Drivers/STM32L0xx_HAL_Driver/Src/stm32l0xx_hal_tim_ex.c 0x00000000   Number         0  stm32l0xx_hal_tim_ex.o ABSOLUTE
    ../Src/adc.c                             0x00000000   Number         0  adc.o ABSOLUTE
    ../Src/dac.c                             0x00000000   Number         0  dac.o ABSOLUTE
    ../Src/gpio.c                            0x00000000   Number         0  gpio.o ABSOLUTE
    ../Src/i2c.c                             0x00000000   Number         0  i2c.o ABSOLUTE
    ../Src/iwdg.c                            0x00000000   Number         0  iwdg.o ABSOLUTE
    ../Src/main.c                            0x00000000   Number         0  main.o ABSOLUTE
    ../Src/stm32l0xx_hal_msp.c               0x00000000   Number         0  stm32l0xx_hal_msp.o ABSOLUTE
    ../Src/stm32l0xx_it.c                    0x00000000   Number         0  stm32l0xx_it.o ABSOLUTE
    ../clib/microlib/division.c              0x00000000   Number         0  uidiv.o ABSOLUTE
    ../clib/microlib/init/entry.s            0x00000000   Number         0  entry8a.o ABSOLUTE
    ../clib/microlib/init/entry.s            0x00000000   Number         0  entry10b.o ABSOLUTE
    ../clib/microlib/init/entry.s            0x00000000   Number         0  entry7b.o ABSOLUTE
    ../clib/microlib/init/entry.s            0x00000000   Number         0  entry7a.o ABSOLUTE
    ../clib/microlib/init/entry.s            0x00000000   Number         0  entry11a.o ABSOLUTE
    ../clib/microlib/init/entry.s            0x00000000   Number         0  entry11b.o ABSOLUTE
    ../clib/microlib/init/entry.s            0x00000000   Number         0  entry.o ABSOLUTE
    ../clib/microlib/init/entry.s            0x00000000   Number         0  entry2.o ABSOLUTE
    ../clib/microlib/init/entry.s            0x00000000   Number         0  entry5.o ABSOLUTE
    ../clib/microlib/init/entry.s            0x00000000   Number         0  entry8b.o ABSOLUTE
    ../clib/microlib/init/entry.s            0x00000000   Number         0  entry9a.o ABSOLUTE
    ../clib/microlib/init/entry.s            0x00000000   Number         0  entry9b.o ABSOLUTE
    ../clib/microlib/init/entry.s            0x00000000   Number         0  entry10a.o ABSOLUTE
    ../clib/microlib/string/memset.c         0x00000000   Number         0  memseta.o ABSOLUTE
    ..\Drivers\CMSIS\Device\ST\STM32L0xx\Source\Templates\system_stm32l0xx.c 0x00000000   Number         0  system_stm32l0xx.o ABSOLUTE
    ..\Drivers\STM32L0xx_HAL_Driver\Src\stm32l0xx_hal.c 0x00000000   Number         0  stm32l0xx_hal.o ABSOLUTE
    ..\Drivers\STM32L0xx_HAL_Driver\Src\stm32l0xx_hal_adc.c 0x00000000   Number         0  stm32l0xx_hal_adc.o ABSOLUTE
    ..\Drivers\STM32L0xx_HAL_Driver\Src\stm32l0xx_hal_adc_ex.c 0x00000000   Number         0  stm32l0xx_hal_adc_ex.o ABSOLUTE
    ..\Drivers\STM32L0xx_HAL_Driver\Src\stm32l0xx_hal_cortex.c 0x00000000   Number         0  stm32l0xx_hal_cortex.o ABSOLUTE
    ..\Drivers\STM32L0xx_HAL_Driver\Src\stm32l0xx_hal_dac.c 0x00000000   Number         0  stm32l0xx_hal_dac.o ABSOLUTE
    ..\Drivers\STM32L0xx_HAL_Driver\Src\stm32l0xx_hal_dac_ex.c 0x00000000   Number         0  stm32l0xx_hal_dac_ex.o ABSOLUTE
    ..\Drivers\STM32L0xx_HAL_Driver\Src\stm32l0xx_hal_dma.c 0x00000000   Number         0  stm32l0xx_hal_dma.o ABSOLUTE
    ..\Drivers\STM32L0xx_HAL_Driver\Src\stm32l0xx_hal_flash.c 0x00000000   Number         0  stm32l0xx_hal_flash.o ABSOLUTE
    ..\Drivers\STM32L0xx_HAL_Driver\Src\stm32l0xx_hal_flash_ex.c 0x00000000   Number         0  stm32l0xx_hal_flash_ex.o ABSOLUTE
    ..\Drivers\STM32L0xx_HAL_Driver\Src\stm32l0xx_hal_flash_ramfunc.c 0x00000000   Number         0  stm32l0xx_hal_flash_ramfunc.o ABSOLUTE
    ..\Drivers\STM32L0xx_HAL_Driver\Src\stm32l0xx_hal_gpio.c 0x00000000   Number         0  stm32l0xx_hal_gpio.o ABSOLUTE
    ..\Drivers\STM32L0xx_HAL_Driver\Src\stm32l0xx_hal_i2c.c 0x00000000   Number         0  stm32l0xx_hal_i2c.o ABSOLUTE
    ..\Drivers\STM32L0xx_HAL_Driver\Src\stm32l0xx_hal_i2c_ex.c 0x00000000   Number         0  stm32l0xx_hal_i2c_ex.o ABSOLUTE
    ..\Drivers\STM32L0xx_HAL_Driver\Src\stm32l0xx_hal_iwdg.c 0x00000000   Number         0  stm32l0xx_hal_iwdg.o ABSOLUTE
    ..\Drivers\STM32L0xx_HAL_Driver\Src\stm32l0xx_hal_pwr.c 0x00000000   Number         0  stm32l0xx_hal_pwr.o ABSOLUTE
    ..\Drivers\STM32L0xx_HAL_Driver\Src\stm32l0xx_hal_pwr_ex.c 0x00000000   Number         0  stm32l0xx_hal_pwr_ex.o ABSOLUTE
    ..\Drivers\STM32L0xx_HAL_Driver\Src\stm32l0xx_hal_rcc.c 0x00000000   Number         0  stm32l0xx_hal_rcc.o ABSOLUTE
    ..\Drivers\STM32L0xx_HAL_Driver\Src\stm32l0xx_hal_rcc_ex.c 0x00000000   Number         0  stm32l0xx_hal_rcc_ex.o ABSOLUTE
    ..\Drivers\STM32L0xx_HAL_Driver\Src\stm32l0xx_hal_tim.c 0x00000000   Number         0  stm32l0xx_hal_tim.o ABSOLUTE
    ..\Drivers\STM32L0xx_HAL_Driver\Src\stm32l0xx_hal_tim_ex.c 0x00000000   Number         0  stm32l0xx_hal_tim_ex.o ABSOLUTE
    ..\Src\adc.c                             0x00000000   Number         0  adc.o ABSOLUTE
    ..\Src\dac.c                             0x00000000   Number         0  dac.o ABSOLUTE
    ..\Src\gpio.c                            0x00000000   Number         0  gpio.o ABSOLUTE
    ..\Src\i2c.c                             0x00000000   Number         0  i2c.o ABSOLUTE
    ..\Src\iwdg.c                            0x00000000   Number         0  iwdg.o ABSOLUTE
    ..\Src\main.c                            0x00000000   Number         0  main.o ABSOLUTE
    ..\Src\stm32l0xx_hal_msp.c               0x00000000   Number         0  stm32l0xx_hal_msp.o ABSOLUTE
    ..\Src\stm32l0xx_it.c                    0x00000000   Number         0  stm32l0xx_it.o ABSOLUTE
    dc.s                                     0x00000000   Number         0  dc.o ABSOLUTE
    handlers.s                               0x00000000   Number         0  handlers.o ABSOLUTE
    init.s                                   0x00000000   Number         0  init.o ABSOLUTE
    startup_stm32l053xx.s                    0x00000000   Number         0  startup_stm32l053xx.o ABSOLUTE
    RESET                                    0x08000000   Section      192  startup_stm32l053xx.o(RESET)
    .ARM.Collect$$$$00000000                 0x080000c0   Section        0  entry.o(.ARM.Collect$$$$00000000)
    .ARM.Collect$$$$00000001                 0x080000c0   Section        4  entry2.o(.ARM.Collect$$$$00000001)
    .ARM.Collect$$$$00000004                 0x080000c4   Section        4  entry5.o(.ARM.Collect$$$$00000004)
    .ARM.Collect$$$$00000008                 0x080000c8   Section        0  entry7b.o(.ARM.Collect$$$$00000008)
    .ARM.Collect$$$$0000000A                 0x080000c8   Section        0  entry8b.o(.ARM.Collect$$$$0000000A)
    .ARM.Collect$$$$0000000B                 0x080000c8   Section        8  entry9a.o(.ARM.Collect$$$$0000000B)
    .ARM.Collect$$$$0000000D                 0x080000d0   Section        0  entry10a.o(.ARM.Collect$$$$0000000D)
    .ARM.Collect$$$$0000000F                 0x080000d0   Section        0  entry11a.o(.ARM.Collect$$$$0000000F)
    .ARM.Collect$$$$00002712                 0x080000d0   Section        4  entry2.o(.ARM.Collect$$$$00002712)
    __lit__00000000                          0x080000d0   Data           4  entry2.o(.ARM.Collect$$$$00002712)
    .text                                    0x080000d4   Section       28  startup_stm32l053xx.o(.text)
    .text                                    0x080000f0   Section        0  uidiv.o(.text)
    .text                                    0x0800011c   Section        0  memseta.o(.text)
    .text                                    0x08000140   Section       36  init.o(.text)
    i.ADC_DelayMicroSecond                   0x08000164   Section        0  stm32l0xx_hal_adc.o(i.ADC_DelayMicroSecond)
    ADC_DelayMicroSecond                     0x08000165   Thumb Code    34  stm32l0xx_hal_adc.o(i.ADC_DelayMicroSecond)
    i.EXTI0_1_IRQHandler                     0x08000190   Section        0  stm32l0xx_it.o(i.EXTI0_1_IRQHandler)
    i.HAL_ADC_ConfigChannel                  0x0800019c   Section        0  stm32l0xx_hal_adc.o(i.HAL_ADC_ConfigChannel)
    i.HAL_ADC_Init                           0x080002e4   Section        0  stm32l0xx_hal_adc.o(i.HAL_ADC_Init)
    i.HAL_ADC_MspInit                        0x08000518   Section        0  adc.o(i.HAL_ADC_MspInit)
    i.HAL_DAC_ConfigChannel                  0x0800056c   Section        0  stm32l0xx_hal_dac.o(i.HAL_DAC_ConfigChannel)
    i.HAL_DAC_Init                           0x080005cc   Section        0  stm32l0xx_hal_dac.o(i.HAL_DAC_Init)
    i.HAL_DAC_MspInit                        0x080005f8   Section        0  dac.o(i.HAL_DAC_MspInit)
    i.HAL_Delay                              0x08000638   Section        0  stm32l0xx_hal.o(i.HAL_Delay)
    i.HAL_GPIO_EXTI_Callback                 0x08000654   Section        0  main.o(i.HAL_GPIO_EXTI_Callback)
    i.HAL_GPIO_EXTI_IRQHandler               0x08000668   Section        0  stm32l0xx_hal_gpio.o(i.HAL_GPIO_EXTI_IRQHandler)
    i.HAL_GPIO_Init                          0x08000688   Section        0  stm32l0xx_hal_gpio.o(i.HAL_GPIO_Init)
    i.HAL_GPIO_TogglePin                     0x08000874   Section        0  stm32l0xx_hal_gpio.o(i.HAL_GPIO_TogglePin)
    i.HAL_GPIO_WritePin                      0x0800087c   Section        0  stm32l0xx_hal_gpio.o(i.HAL_GPIO_WritePin)
    i.HAL_GetTick                            0x08000888   Section        0  stm32l0xx_hal.o(i.HAL_GetTick)
    i.HAL_I2CEx_ConfigAnalogFilter           0x08000894   Section        0  stm32l0xx_hal_i2c_ex.o(i.HAL_I2CEx_ConfigAnalogFilter)
    i.HAL_I2C_ER_IRQHandler                  0x08000922   Section        0  stm32l0xx_hal_i2c.o(i.HAL_I2C_ER_IRQHandler)
    i.HAL_I2C_EV_IRQHandler                  0x080009be   Section        0  stm32l0xx_hal_i2c.o(i.HAL_I2C_EV_IRQHandler)
    i.HAL_I2C_ErrorCallback                  0x08000b98   Section        0  stm32l0xx_hal_i2c.o(i.HAL_I2C_ErrorCallback)
    i.HAL_I2C_Init                           0x08000b9c   Section        0  stm32l0xx_hal_i2c.o(i.HAL_I2C_Init)
    i.HAL_I2C_MasterRxCpltCallback           0x08000c60   Section        0  stm32l0xx_hal_i2c.o(i.HAL_I2C_MasterRxCpltCallback)
    i.HAL_I2C_MasterTxCpltCallback           0x08000c62   Section        0  stm32l0xx_hal_i2c.o(i.HAL_I2C_MasterTxCpltCallback)
    i.HAL_I2C_MemRxCpltCallback              0x08000c64   Section        0  stm32l0xx_hal_i2c.o(i.HAL_I2C_MemRxCpltCallback)
    i.HAL_I2C_MemTxCpltCallback              0x08000c66   Section        0  stm32l0xx_hal_i2c.o(i.HAL_I2C_MemTxCpltCallback)
    i.HAL_I2C_MspInit                        0x08000c68   Section        0  i2c.o(i.HAL_I2C_MspInit)
    i.HAL_I2C_SlaveRxCpltCallback            0x08000cc4   Section        0  stm32l0xx_hal_i2c.o(i.HAL_I2C_SlaveRxCpltCallback)
    i.HAL_I2C_SlaveTxCpltCallback            0x08000cc6   Section        0  stm32l0xx_hal_i2c.o(i.HAL_I2C_SlaveTxCpltCallback)
    i.HAL_IWDG_Init                          0x08000cc8   Section        0  stm32l0xx_hal_iwdg.o(i.HAL_IWDG_Init)
    i.HAL_IWDG_MspInit                       0x08000d78   Section        0  stm32l0xx_hal_iwdg.o(i.HAL_IWDG_MspInit)
    i.HAL_IncTick                            0x08000d7c   Section        0  stm32l0xx_hal.o(i.HAL_IncTick)
    i.HAL_Init                               0x08000d8c   Section        0  stm32l0xx_hal.o(i.HAL_Init)
    i.HAL_InitTick                           0x08000dac   Section        0  stm32l0xx_hal.o(i.HAL_InitTick)
    i.HAL_MspInit                            0x08000dd4   Section        0  stm32l0xx_hal_msp.o(i.HAL_MspInit)
    i.HAL_NVIC_EnableIRQ                     0x08000df4   Section        0  stm32l0xx_hal_cortex.o(i.HAL_NVIC_EnableIRQ)
    i.HAL_NVIC_SetPriority                   0x08000e0c   Section        0  stm32l0xx_hal_cortex.o(i.HAL_NVIC_SetPriority)
    i.HAL_PWREx_EnableFastWakeUp             0x08000e20   Section        0  stm32l0xx_hal_pwr_ex.o(i.HAL_PWREx_EnableFastWakeUp)
    i.HAL_PWREx_EnableUltraLowPower          0x08000e34   Section        0  stm32l0xx_hal_pwr_ex.o(i.HAL_PWREx_EnableUltraLowPower)
    i.HAL_PWR_EnterSTOPMode                  0x08000e48   Section        0  stm32l0xx_hal_pwr.o(i.HAL_PWR_EnterSTOPMode)
    i.HAL_RCCEx_PeriphCLKConfig              0x08000e90   Section        0  stm32l0xx_hal_rcc_ex.o(i.HAL_RCCEx_PeriphCLKConfig)
    i.HAL_RCC_ClockConfig                    0x080010dc   Section        0  stm32l0xx_hal_rcc.o(i.HAL_RCC_ClockConfig)
    i.HAL_RCC_GetHCLKFreq                    0x080012b4   Section        0  stm32l0xx_hal_rcc.o(i.HAL_RCC_GetHCLKFreq)
    i.HAL_RCC_GetSysClockFreq                0x080012e0   Section        0  stm32l0xx_hal_rcc.o(i.HAL_RCC_GetSysClockFreq)
    i.HAL_RCC_OscConfig                      0x080013cc   Section        0  stm32l0xx_hal_rcc.o(i.HAL_RCC_OscConfig)
    i.HAL_SYSTICK_CLKSourceConfig            0x08001a4c   Section        0  stm32l0xx_hal_cortex.o(i.HAL_SYSTICK_CLKSourceConfig)
    i.HAL_SYSTICK_Callback                   0x08001a70   Section        0  stm32l0xx_hal_cortex.o(i.HAL_SYSTICK_Callback)
    i.HAL_SYSTICK_Config                     0x08001a74   Section        0  stm32l0xx_hal_cortex.o(i.HAL_SYSTICK_Config)
    i.HAL_SYSTICK_IRQHandler                 0x08001aac   Section        0  stm32l0xx_hal_cortex.o(i.HAL_SYSTICK_IRQHandler)
    i.I2C1_IRQHandler                        0x08001ab4   Section        0  stm32l0xx_it.o(i.I2C1_IRQHandler)
    i.I2C_MasterReceive_ISR                  0x08001adc   Section        0  stm32l0xx_hal_i2c.o(i.I2C_MasterReceive_ISR)
    I2C_MasterReceive_ISR                    0x08001add   Thumb Code   458  stm32l0xx_hal_i2c.o(i.I2C_MasterReceive_ISR)
    i.I2C_MasterTransmit_ISR                 0x08001cac   Section        0  stm32l0xx_hal_i2c.o(i.I2C_MasterTransmit_ISR)
    I2C_MasterTransmit_ISR                   0x08001cad   Thumb Code   480  stm32l0xx_hal_i2c.o(i.I2C_MasterTransmit_ISR)
    i.I2C_SlaveReceive_ISR                   0x08001e90   Section        0  stm32l0xx_hal_i2c.o(i.I2C_SlaveReceive_ISR)
    I2C_SlaveReceive_ISR                     0x08001e91   Thumb Code   218  stm32l0xx_hal_i2c.o(i.I2C_SlaveReceive_ISR)
    i.I2C_SlaveTransmit_ISR                  0x08001f6a   Section        0  stm32l0xx_hal_i2c.o(i.I2C_SlaveTransmit_ISR)
    I2C_SlaveTransmit_ISR                    0x08001f6b   Thumb Code   238  stm32l0xx_hal_i2c.o(i.I2C_SlaveTransmit_ISR)
    i.I2C_TransferConfig                     0x08002058   Section        0  stm32l0xx_hal_i2c.o(i.I2C_TransferConfig)
    I2C_TransferConfig                       0x08002059   Thumb Code    42  stm32l0xx_hal_i2c.o(i.I2C_TransferConfig)
    i.MX_ADC_Init                            0x08002088   Section        0  adc.o(i.MX_ADC_Init)
    i.MX_DAC_Init                            0x08002124   Section        0  dac.o(i.MX_DAC_Init)
    i.MX_GPIO_Init                           0x0800214c   Section        0  gpio.o(i.MX_GPIO_Init)
    i.MX_I2C1_Init                           0x08002348   Section        0  i2c.o(i.MX_I2C1_Init)
    i.MX_IWDG_Init                           0x08002388   Section        0  iwdg.o(i.MX_IWDG_Init)
    i.NVIC_SetPriority                       0x080023b0   Section        0  stm32l0xx_hal_cortex.o(i.NVIC_SetPriority)
    NVIC_SetPriority                         0x080023b1   Thumb Code   110  stm32l0xx_hal_cortex.o(i.NVIC_SetPriority)
    i.SysTick_Handler                        0x08002428   Section        0  stm32l0xx_it.o(i.SysTick_Handler)
    i.SystemClock_Config                     0x08002434   Section        0  main.o(i.SystemClock_Config)
    i.SystemInit                             0x080024d0   Section        0  system_stm32l0xx.o(i.SystemInit)
    i.SystemPower_Config                     0x08002538   Section        0  main.o(i.SystemPower_Config)
    SystemPower_Config                       0x08002539   Thumb Code   316  main.o(i.SystemPower_Config)
    i.__scatterload_copy                     0x08002690   Section       14  handlers.o(i.__scatterload_copy)
    i.__scatterload_null                     0x0800269e   Section        2  handlers.o(i.__scatterload_null)
    i.__scatterload_zeroinit                 0x080026a0   Section       14  handlers.o(i.__scatterload_zeroinit)
    i.create_i2c_package                     0x080026ae   Section        0  main.o(i.create_i2c_package)
    i.main                                   0x080026fc   Section        0  main.o(i.main)
    i.read_s                                 0x0800279c   Section        0  main.o(i.read_s)
    i.read_sic                               0x080027c0   Section        0  main.o(i.read_sic)
    i.send_message                           0x080027e4   Section        0  main.o(i.send_message)
    .constdata                               0x080027e6   Section       16  stm32l0xx_hal_rcc.o(.constdata)
    APBAHBPrescTable                         0x080027e6   Data          16  stm32l0xx_hal_rcc.o(.constdata)
    .constdata                               0x080027f6   Section       25  system_stm32l0xx.o(.constdata)
    .data                                    0x20000000   Section        4  stm32l0xx_hal.o(.data)
    uwTick                                   0x20000000   Data           4  stm32l0xx_hal.o(.data)
    .data                                    0x20000004   Section        4  system_stm32l0xx.o(.data)
    .bss                                     0x20000008   Section       60  i2c.o(.bss)
    .bss                                     0x20000044   Section       16  dac.o(.bss)
    .bss                                     0x20000054   Section       96  adc.o(.bss)
    .bss                                     0x200000b4   Section       20  iwdg.o(.bss)
    STACK                                    0x200000c8   Section     1024  startup_stm32l053xx.o(STACK)

    Global Symbols

    Symbol Name                              Value     Ov Type        Size  Object(Section)

    BuildAttributes$$THM_ISAv3M$S$PE$A:L22$X:L11$S22$IEEE1$IW$USESV6$~STKCKD$USESV7$~SHL$OSPACE$EBA8$MICROLIB$REQ8$PRES8$EABIv2 0x00000000   Number         0  anon$$obj.o ABSOLUTE
    __ARM_use_no_argv                        0x00000000   Number         0  main.o ABSOLUTE
    __cpp_initialize__aeabi_                  - Undefined Weak Reference
    __cxa_finalize                            - Undefined Weak Reference
    __decompress                              - Undefined Weak Reference
    _clock_init                               - Undefined Weak Reference
    _microlib_exit                            - Undefined Weak Reference
    __Vectors_Size                           0x000000c0   Number         0  startup_stm32l053xx.o ABSOLUTE
    __Vectors                                0x08000000   Data           4  startup_stm32l053xx.o(RESET)
    __Vectors_End                            0x080000c0   Data           0  startup_stm32l053xx.o(RESET)
    __main                                   0x080000c1   Thumb Code     0  entry.o(.ARM.Collect$$$$00000000)
    _main_stk                                0x080000c1   Thumb Code     0  entry2.o(.ARM.Collect$$$$00000001)
    _main_scatterload                        0x080000c5   Thumb Code     0  entry5.o(.ARM.Collect$$$$00000004)
    __main_after_scatterload                 0x080000c9   Thumb Code     0  entry5.o(.ARM.Collect$$$$00000004)
    _main_clock                              0x080000c9   Thumb Code     0  entry7b.o(.ARM.Collect$$$$00000008)
    _main_cpp_init                           0x080000c9   Thumb Code     0  entry8b.o(.ARM.Collect$$$$0000000A)
    _main_init                               0x080000c9   Thumb Code     0  entry9a.o(.ARM.Collect$$$$0000000B)
    __rt_final_cpp                           0x080000d1   Thumb Code     0  entry10a.o(.ARM.Collect$$$$0000000D)
    __rt_final_exit                          0x080000d1   Thumb Code     0  entry11a.o(.ARM.Collect$$$$0000000F)
    Reset_Handler                            0x080000d5   Thumb Code     8  startup_stm32l053xx.o(.text)
    NMI_Handler                              0x080000dd   Thumb Code     2  startup_stm32l053xx.o(.text)
    HardFault_Handler                        0x080000df   Thumb Code     2  startup_stm32l053xx.o(.text)
    SVC_Handler                              0x080000e1   Thumb Code     2  startup_stm32l053xx.o(.text)
    PendSV_Handler                           0x080000e3   Thumb Code     2  startup_stm32l053xx.o(.text)
    ADC1_COMP_IRQHandler                     0x080000e7   Thumb Code     0  startup_stm32l053xx.o(.text)
    DMA1_Channel1_IRQHandler                 0x080000e7   Thumb Code     0  startup_stm32l053xx.o(.text)
    DMA1_Channel2_3_IRQHandler               0x080000e7   Thumb Code     0  startup_stm32l053xx.o(.text)
    DMA1_Channel4_5_6_7_IRQHandler           0x080000e7   Thumb Code     0  startup_stm32l053xx.o(.text)
    EXTI2_3_IRQHandler                       0x080000e7   Thumb Code     0  startup_stm32l053xx.o(.text)
    EXTI4_15_IRQHandler                      0x080000e7   Thumb Code     0  startup_stm32l053xx.o(.text)
    FLASH_IRQHandler                         0x080000e7   Thumb Code     0  startup_stm32l053xx.o(.text)
    I2C2_IRQHandler                          0x080000e7   Thumb Code     0  startup_stm32l053xx.o(.text)
    LCD_IRQHandler                           0x080000e7   Thumb Code     0  startup_stm32l053xx.o(.text)
    LPTIM1_IRQHandler                        0x080000e7   Thumb Code     0  startup_stm32l053xx.o(.text)
    PVD_IRQHandler                           0x080000e7   Thumb Code     0  startup_stm32l053xx.o(.text)
    RCC_CRS_IRQHandler                       0x080000e7   Thumb Code     0  startup_stm32l053xx.o(.text)
    RNG_LPUART1_IRQHandler                   0x080000e7   Thumb Code     0  startup_stm32l053xx.o(.text)
    RTC_IRQHandler                           0x080000e7   Thumb Code     0  startup_stm32l053xx.o(.text)
    SPI1_IRQHandler                          0x080000e7   Thumb Code     0  startup_stm32l053xx.o(.text)
    SPI2_IRQHandler                          0x080000e7   Thumb Code     0  startup_stm32l053xx.o(.text)
    TIM21_IRQHandler                         0x080000e7   Thumb Code     0  startup_stm32l053xx.o(.text)
    TIM22_IRQHandler                         0x080000e7   Thumb Code     0  startup_stm32l053xx.o(.text)
    TIM2_IRQHandler                          0x080000e7   Thumb Code     0  startup_stm32l053xx.o(.text)
    TIM6_DAC_IRQHandler                      0x080000e7   Thumb Code     0  startup_stm32l053xx.o(.text)
    TSC_IRQHandler                           0x080000e7   Thumb Code     0  startup_stm32l053xx.o(.text)
    USART1_IRQHandler                        0x080000e7   Thumb Code     0  startup_stm32l053xx.o(.text)
    USART2_IRQHandler                        0x080000e7   Thumb Code     0  startup_stm32l053xx.o(.text)
    USB_IRQHandler                           0x080000e7   Thumb Code     0  startup_stm32l053xx.o(.text)
    WWDG_IRQHandler                          0x080000e7   Thumb Code     0  startup_stm32l053xx.o(.text)
    __aeabi_uidiv                            0x080000f1   Thumb Code     0  uidiv.o(.text)
    __aeabi_uidivmod                         0x080000f1   Thumb Code    44  uidiv.o(.text)
    __aeabi_memset                           0x0800011d   Thumb Code    14  memseta.o(.text)
    __aeabi_memset4                          0x0800011d   Thumb Code     0  memseta.o(.text)
    __aeabi_memset8                          0x0800011d   Thumb Code     0  memseta.o(.text)
    __aeabi_memclr                           0x0800012b   Thumb Code     4  memseta.o(.text)
    __aeabi_memclr4                          0x0800012b   Thumb Code     0  memseta.o(.text)
    __aeabi_memclr8                          0x0800012b   Thumb Code     0  memseta.o(.text)
    _memset$wrapper                          0x0800012f   Thumb Code    18  memseta.o(.text)
    __scatterload                            0x08000141   Thumb Code    28  init.o(.text)
    __scatterload_rt2                        0x08000141   Thumb Code     0  init.o(.text)
    EXTI0_1_IRQHandler                       0x08000191   Thumb Code    10  stm32l0xx_it.o(i.EXTI0_1_IRQHandler)
    HAL_ADC_ConfigChannel                    0x0800019d   Thumb Code   306  stm32l0xx_hal_adc.o(i.HAL_ADC_ConfigChannel)
    HAL_ADC_Init                             0x080002e5   Thumb Code   552  stm32l0xx_hal_adc.o(i.HAL_ADC_Init)
    HAL_ADC_MspInit                          0x08000519   Thumb Code    70  adc.o(i.HAL_ADC_MspInit)
    HAL_DAC_ConfigChannel                    0x0800056d   Thumb Code    92  stm32l0xx_hal_dac.o(i.HAL_DAC_ConfigChannel)
    HAL_DAC_Init                             0x080005cd   Thumb Code    42  stm32l0xx_hal_dac.o(i.HAL_DAC_Init)
    HAL_DAC_MspInit                          0x080005f9   Thumb Code    54  dac.o(i.HAL_DAC_MspInit)
    HAL_Delay                                0x08000639   Thumb Code    26  stm32l0xx_hal.o(i.HAL_Delay)
    HAL_GPIO_EXTI_Callback                   0x08000655   Thumb Code    14  main.o(i.HAL_GPIO_EXTI_Callback)
    HAL_GPIO_EXTI_IRQHandler                 0x08000669   Thumb Code    26  stm32l0xx_hal_gpio.o(i.HAL_GPIO_EXTI_IRQHandler)
    HAL_GPIO_Init                            0x08000689   Thumb Code   462  stm32l0xx_hal_gpio.o(i.HAL_GPIO_Init)
    HAL_GPIO_TogglePin                       0x08000875   Thumb Code     8  stm32l0xx_hal_gpio.o(i.HAL_GPIO_TogglePin)
    HAL_GPIO_WritePin                        0x0800087d   Thumb Code    12  stm32l0xx_hal_gpio.o(i.HAL_GPIO_WritePin)
    HAL_GetTick                              0x08000889   Thumb Code     6  stm32l0xx_hal.o(i.HAL_GetTick)
    HAL_I2CEx_ConfigAnalogFilter             0x08000895   Thumb Code   142  stm32l0xx_hal_i2c_ex.o(i.HAL_I2CEx_ConfigAnalogFilter)
    HAL_I2C_ER_IRQHandler                    0x08000923   Thumb Code   156  stm32l0xx_hal_i2c.o(i.HAL_I2C_ER_IRQHandler)
    HAL_I2C_EV_IRQHandler                    0x080009bf   Thumb Code   474  stm32l0xx_hal_i2c.o(i.HAL_I2C_EV_IRQHandler)
    HAL_I2C_ErrorCallback                    0x08000b99   Thumb Code     2  stm32l0xx_hal_i2c.o(i.HAL_I2C_ErrorCallback)
    HAL_I2C_Init                             0x08000b9d   Thumb Code   190  stm32l0xx_hal_i2c.o(i.HAL_I2C_Init)
    HAL_I2C_MasterRxCpltCallback             0x08000c61   Thumb Code     2  stm32l0xx_hal_i2c.o(i.HAL_I2C_MasterRxCpltCallback)
    HAL_I2C_MasterTxCpltCallback             0x08000c63   Thumb Code     2  stm32l0xx_hal_i2c.o(i.HAL_I2C_MasterTxCpltCallback)
    HAL_I2C_MemRxCpltCallback                0x08000c65   Thumb Code     2  stm32l0xx_hal_i2c.o(i.HAL_I2C_MemRxCpltCallback)
    HAL_I2C_MemTxCpltCallback                0x08000c67   Thumb Code     2  stm32l0xx_hal_i2c.o(i.HAL_I2C_MemTxCpltCallback)
    HAL_I2C_MspInit                          0x08000c69   Thumb Code    78  i2c.o(i.HAL_I2C_MspInit)
    HAL_I2C_SlaveRxCpltCallback              0x08000cc5   Thumb Code     2  stm32l0xx_hal_i2c.o(i.HAL_I2C_SlaveRxCpltCallback)
    HAL_I2C_SlaveTxCpltCallback              0x08000cc7   Thumb Code     2  stm32l0xx_hal_i2c.o(i.HAL_I2C_SlaveTxCpltCallback)
    HAL_IWDG_Init                            0x08000cc9   Thumb Code   166  stm32l0xx_hal_iwdg.o(i.HAL_IWDG_Init)
    HAL_IWDG_MspInit                         0x08000d79   Thumb Code     2  stm32l0xx_hal_iwdg.o(i.HAL_IWDG_MspInit)
    HAL_IncTick                              0x08000d7d   Thumb Code    12  stm32l0xx_hal.o(i.HAL_IncTick)
    HAL_Init                                 0x08000d8d   Thumb Code    28  stm32l0xx_hal.o(i.HAL_Init)
    HAL_InitTick                             0x08000dad   Thumb Code    38  stm32l0xx_hal.o(i.HAL_InitTick)
    HAL_MspInit                              0x08000dd5   Thumb Code    26  stm32l0xx_hal_msp.o(i.HAL_MspInit)
    HAL_NVIC_EnableIRQ                       0x08000df5   Thumb Code    18  stm32l0xx_hal_cortex.o(i.HAL_NVIC_EnableIRQ)
    HAL_NVIC_SetPriority                     0x08000e0d   Thumb Code    18  stm32l0xx_hal_cortex.o(i.HAL_NVIC_SetPriority)
    HAL_PWREx_EnableFastWakeUp               0x08000e21   Thumb Code    16  stm32l0xx_hal_pwr_ex.o(i.HAL_PWREx_EnableFastWakeUp)
    HAL_PWREx_EnableUltraLowPower            0x08000e35   Thumb Code    16  stm32l0xx_hal_pwr_ex.o(i.HAL_PWREx_EnableUltraLowPower)
    HAL_PWR_EnterSTOPMode                    0x08000e49   Thumb Code    64  stm32l0xx_hal_pwr.o(i.HAL_PWR_EnterSTOPMode)
    HAL_RCCEx_PeriphCLKConfig                0x08000e91   Thumb Code   576  stm32l0xx_hal_rcc_ex.o(i.HAL_RCCEx_PeriphCLKConfig)
    HAL_RCC_ClockConfig                      0x080010dd   Thumb Code   458  stm32l0xx_hal_rcc.o(i.HAL_RCC_ClockConfig)
    HAL_RCC_GetHCLKFreq                      0x080012b5   Thumb Code    32  stm32l0xx_hal_rcc.o(i.HAL_RCC_GetHCLKFreq)
    HAL_RCC_GetSysClockFreq                  0x080012e1   Thumb Code   214  stm32l0xx_hal_rcc.o(i.HAL_RCC_GetSysClockFreq)
    HAL_RCC_OscConfig                        0x080013cd   Thumb Code  1650  stm32l0xx_hal_rcc.o(i.HAL_RCC_OscConfig)
    HAL_SYSTICK_CLKSourceConfig              0x08001a4d   Thumb Code    32  stm32l0xx_hal_cortex.o(i.HAL_SYSTICK_CLKSourceConfig)
    HAL_SYSTICK_Callback                     0x08001a71   Thumb Code     2  stm32l0xx_hal_cortex.o(i.HAL_SYSTICK_Callback)
    HAL_SYSTICK_Config                       0x08001a75   Thumb Code    46  stm32l0xx_hal_cortex.o(i.HAL_SYSTICK_Config)
    HAL_SYSTICK_IRQHandler                   0x08001aad   Thumb Code     8  stm32l0xx_hal_cortex.o(i.HAL_SYSTICK_IRQHandler)
    I2C1_IRQHandler                          0x08001ab5   Thumb Code    34  stm32l0xx_it.o(i.I2C1_IRQHandler)
    MX_ADC_Init                              0x08002089   Thumb Code   126  adc.o(i.MX_ADC_Init)
    MX_DAC_Init                              0x08002125   Thumb Code    32  dac.o(i.MX_DAC_Init)
    MX_GPIO_Init                             0x0800214d   Thumb Code   478  gpio.o(i.MX_GPIO_Init)
    MX_I2C1_Init                             0x08002349   Thumb Code    52  i2c.o(i.MX_I2C1_Init)
    MX_IWDG_Init                             0x08002389   Thumb Code    26  iwdg.o(i.MX_IWDG_Init)
    SysTick_Handler                          0x08002429   Thumb Code    12  stm32l0xx_it.o(i.SysTick_Handler)
    SystemClock_Config                       0x08002435   Thumb Code   148  main.o(i.SystemClock_Config)
    SystemInit                               0x080024d1   Thumb Code    88  system_stm32l0xx.o(i.SystemInit)
    __scatterload_copy                       0x08002691   Thumb Code    14  handlers.o(i.__scatterload_copy)
    __scatterload_null                       0x0800269f   Thumb Code     2  handlers.o(i.__scatterload_null)
    __scatterload_zeroinit                   0x080026a1   Thumb Code    14  handlers.o(i.__scatterload_zeroinit)
    create_i2c_package                       0x080026af   Thumb Code    76  main.o(i.create_i2c_package)
    main                                     0x080026fd   Thumb Code   156  main.o(i.main)
    read_s                                   0x0800279d   Thumb Code    18  main.o(i.read_s)
    read_sic                                 0x080027c1   Thumb Code    18  main.o(i.read_sic)
    send_message                             0x080027e5   Thumb Code     2  main.o(i.send_message)
    AHBPrescTable                            0x080027f6   Data          16  system_stm32l0xx.o(.constdata)
    PLLMulTable                              0x08002806   Data           9  system_stm32l0xx.o(.constdata)
    Region$$Table$$Base                      0x08002810   Number         0  anon$$obj.o(Region$$Table)
    Region$$Table$$Limit                     0x08002830   Number         0  anon$$obj.o(Region$$Table)
    SystemCoreClock                          0x20000004   Data           4  system_stm32l0xx.o(.data)
    hi2c1                                    0x20000008   Data          60  i2c.o(.bss)
    hdac                                     0x20000044   Data          16  dac.o(.bss)
    hadc                                     0x20000054   Data          96  adc.o(.bss)
    hiwdg                                    0x200000b4   Data          20  iwdg.o(.bss)
    __initial_sp                             0x200004c8   Data           0  startup_stm32l053xx.o(STACK)



==============================================================================

Memory Map of the image

  Image Entry point : 0x080000c1

  Load Region LR_IROM1 (Base: 0x08000000, Size: 0x00002838, Max: 0x00010000, ABSOLUTE)

    Execution Region ER_IROM1 (Base: 0x08000000, Size: 0x00002830, Max: 0x00010000, ABSOLUTE)

    Base Addr    Size         Type   Attr      Idx    E Section Name        Object

    0x08000000   0x000000c0   Data   RO         2393    RESET               startup_stm32l053xx.o
    0x080000c0   0x00000000   Code   RO         2398  * .ARM.Collect$$$$00000000  mc_p.l(entry.o)
    0x080000c0   0x00000004   Code   RO         2405    .ARM.Collect$$$$00000001  mc_p.l(entry2.o)
    0x080000c4   0x00000004   Code   RO         2408    .ARM.Collect$$$$00000004  mc_p.l(entry5.o)
    0x080000c8   0x00000000   Code   RO         2410    .ARM.Collect$$$$00000008  mc_p.l(entry7b.o)
    0x080000c8   0x00000000   Code   RO         2412    .ARM.Collect$$$$0000000A  mc_p.l(entry8b.o)
    0x080000c8   0x00000008   Code   RO         2413    .ARM.Collect$$$$0000000B  mc_p.l(entry9a.o)
    0x080000d0   0x00000000   Code   RO         2415    .ARM.Collect$$$$0000000D  mc_p.l(entry10a.o)
    0x080000d0   0x00000000   Code   RO         2417    .ARM.Collect$$$$0000000F  mc_p.l(entry11a.o)
    0x080000d0   0x00000004   Code   RO         2406    .ARM.Collect$$$$00002712  mc_p.l(entry2.o)
    0x080000d4   0x0000001c   Code   RO         2394    .text               startup_stm32l053xx.o
    0x080000f0   0x0000002c   Code   RO         2401    .text               mc_p.l(uidiv.o)
    0x0800011c   0x00000024   Code   RO         2403    .text               mc_p.l(memseta.o)
    0x08000140   0x00000024   Code   RO         2419    .text               mc_p.l(init.o)
    0x08000164   0x0000002c   Code   RO          407    i.ADC_DelayMicroSecond  stm32l0xx_hal_adc.o
    0x08000190   0x0000000a   Code   RO          367    i.EXTI0_1_IRQHandler  stm32l0xx_it.o
    0x0800019a   0x00000002   PAD
    0x0800019c   0x00000148   Code   RO          411    i.HAL_ADC_ConfigChannel  stm32l0xx_hal_adc.o
    0x080002e4   0x00000234   Code   RO          420    i.HAL_ADC_Init      stm32l0xx_hal_adc.o
    0x08000518   0x00000054   Code   RO          284    i.HAL_ADC_MspInit   adc.o
    0x0800056c   0x00000060   Code   RO         1181    i.HAL_DAC_ConfigChannel  stm32l0xx_hal_dac.o
    0x080005cc   0x0000002a   Code   RO         1191    i.HAL_DAC_Init      stm32l0xx_hal_dac.o
    0x080005f6   0x00000002   PAD
    0x080005f8   0x00000040   Code   RO          167    i.HAL_DAC_MspInit   dac.o
    0x08000638   0x0000001a   Code   RO         1012    i.HAL_Delay         stm32l0xx_hal.o
    0x08000652   0x00000002   PAD
    0x08000654   0x00000014   Code   RO          204    i.HAL_GPIO_EXTI_Callback  main.o
    0x08000668   0x00000020   Code   RO         2300    i.HAL_GPIO_EXTI_IRQHandler  stm32l0xx_hal_gpio.o
    0x08000688   0x000001ec   Code   RO         2301    i.HAL_GPIO_Init     stm32l0xx_hal_gpio.o
    0x08000874   0x00000008   Code   RO         2304    i.HAL_GPIO_TogglePin  stm32l0xx_hal_gpio.o
    0x0800087c   0x0000000c   Code   RO         2305    i.HAL_GPIO_WritePin  stm32l0xx_hal_gpio.o
    0x08000888   0x0000000c   Code   RO         1016    i.HAL_GetTick       stm32l0xx_hal.o
    0x08000894   0x0000008e   Code   RO         1835    i.HAL_I2CEx_ConfigAnalogFilter  stm32l0xx_hal_i2c_ex.o
    0x08000922   0x0000009c   Code   RO         1886    i.HAL_I2C_ER_IRQHandler  stm32l0xx_hal_i2c.o
    0x080009be   0x000001da   Code   RO         1887    i.HAL_I2C_EV_IRQHandler  stm32l0xx_hal_i2c.o
    0x08000b98   0x00000002   Code   RO         1888    i.HAL_I2C_ErrorCallback  stm32l0xx_hal_i2c.o
    0x08000b9a   0x00000002   PAD
    0x08000b9c   0x000000c4   Code   RO         1891    i.HAL_I2C_Init      stm32l0xx_hal_i2c.o
    0x08000c60   0x00000002   Code   RO         1893    i.HAL_I2C_MasterRxCpltCallback  stm32l0xx_hal_i2c.o
    0x08000c62   0x00000002   Code   RO         1894    i.HAL_I2C_MasterTxCpltCallback  stm32l0xx_hal_i2c.o
    0x08000c64   0x00000002   Code   RO         1901    i.HAL_I2C_MemRxCpltCallback  stm32l0xx_hal_i2c.o
    0x08000c66   0x00000002   Code   RO         1902    i.HAL_I2C_MemTxCpltCallback  stm32l0xx_hal_i2c.o
    0x08000c68   0x0000005c   Code   RO          129    i.HAL_I2C_MspInit   i2c.o
    0x08000cc4   0x00000002   Code   RO         1911    i.HAL_I2C_SlaveRxCpltCallback  stm32l0xx_hal_i2c.o
    0x08000cc6   0x00000002   Code   RO         1912    i.HAL_I2C_SlaveTxCpltCallback  stm32l0xx_hal_i2c.o
    0x08000cc8   0x000000b0   Code   RO         2199    i.HAL_IWDG_Init     stm32l0xx_hal_iwdg.o
    0x08000d78   0x00000002   Code   RO         2200    i.HAL_IWDG_MspInit  stm32l0xx_hal_iwdg.o
    0x08000d7a   0x00000002   PAD
    0x08000d7c   0x00000010   Code   RO         1017    i.HAL_IncTick       stm32l0xx_hal.o
    0x08000d8c   0x00000020   Code   RO         1018    i.HAL_Init          stm32l0xx_hal.o
    0x08000dac   0x00000026   Code   RO         1019    i.HAL_InitTick      stm32l0xx_hal.o
    0x08000dd2   0x00000002   PAD
    0x08000dd4   0x00000020   Code   RO          321    i.HAL_MspInit       stm32l0xx_hal_msp.o
    0x08000df4   0x00000018   Code   RO          906    i.HAL_NVIC_EnableIRQ  stm32l0xx_hal_cortex.o
    0x08000e0c   0x00000012   Code   RO          910    i.HAL_NVIC_SetPriority  stm32l0xx_hal_cortex.o
    0x08000e1e   0x00000002   PAD
    0x08000e20   0x00000014   Code   RO          703    i.HAL_PWREx_EnableFastWakeUp  stm32l0xx_hal_pwr_ex.o
    0x08000e34   0x00000014   Code   RO          705    i.HAL_PWREx_EnableUltraLowPower  stm32l0xx_hal_pwr_ex.o
    0x08000e48   0x00000048   Code   RO          598    i.HAL_PWR_EnterSTOPMode  stm32l0xx_hal_pwr.o
    0x08000e90   0x0000024c   Code   RO         1393    i.HAL_RCCEx_PeriphCLKConfig  stm32l0xx_hal_rcc_ex.o
    0x080010dc   0x000001d8   Code   RO         1572    i.HAL_RCC_ClockConfig  stm32l0xx_hal_rcc.o
    0x080012b4   0x0000002c   Code   RO         1576    i.HAL_RCC_GetHCLKFreq  stm32l0xx_hal_rcc.o
    0x080012e0   0x000000ec   Code   RO         1580    i.HAL_RCC_GetSysClockFreq  stm32l0xx_hal_rcc.o
    0x080013cc   0x00000680   Code   RO         1583    i.HAL_RCC_OscConfig  stm32l0xx_hal_rcc.o
    0x08001a4c   0x00000024   Code   RO          912    i.HAL_SYSTICK_CLKSourceConfig  stm32l0xx_hal_cortex.o
    0x08001a70   0x00000002   Code   RO          913    i.HAL_SYSTICK_Callback  stm32l0xx_hal_cortex.o
    0x08001a72   0x00000002   PAD
    0x08001a74   0x00000038   Code   RO          914    i.HAL_SYSTICK_Config  stm32l0xx_hal_cortex.o
    0x08001aac   0x00000008   Code   RO          915    i.HAL_SYSTICK_IRQHandler  stm32l0xx_hal_cortex.o
    0x08001ab4   0x00000028   Code   RO          368    i.I2C1_IRQHandler   stm32l0xx_it.o
    0x08001adc   0x000001d0   Code   RO         1927    i.I2C_MasterReceive_ISR  stm32l0xx_hal_i2c.o
    0x08001cac   0x000001e4   Code   RO         1928    i.I2C_MasterTransmit_ISR  stm32l0xx_hal_i2c.o
    0x08001e90   0x000000da   Code   RO         1931    i.I2C_SlaveReceive_ISR  stm32l0xx_hal_i2c.o
    0x08001f6a   0x000000ee   Code   RO         1932    i.I2C_SlaveTransmit_ISR  stm32l0xx_hal_i2c.o
    0x08002058   0x00000030   Code   RO         1933    i.I2C_TransferConfig  stm32l0xx_hal_i2c.o
    0x08002088   0x0000009c   Code   RO          285    i.MX_ADC_Init       adc.o
    0x08002124   0x00000028   Code   RO          168    i.MX_DAC_Init       dac.o
    0x0800214c   0x000001fc   Code   RO            3    i.MX_GPIO_Init      gpio.o
    0x08002348   0x00000040   Code   RO          130    i.MX_I2C1_Init      i2c.o
    0x08002388   0x00000028   Code   RO          341    i.MX_IWDG_Init      iwdg.o
    0x080023b0   0x00000078   Code   RO          916    i.NVIC_SetPriority  stm32l0xx_hal_cortex.o
    0x08002428   0x0000000c   Code   RO          369    i.SysTick_Handler   stm32l0xx_it.o
    0x08002434   0x0000009c   Code   RO          205    i.SystemClock_Config  main.o
    0x080024d0   0x00000068   Code   RO         2361    i.SystemInit        system_stm32l0xx.o
    0x08002538   0x00000158   Code   RO          206    i.SystemPower_Config  main.o
    0x08002690   0x0000000e   Code   RO         2423    i.__scatterload_copy  mc_p.l(handlers.o)
    0x0800269e   0x00000002   Code   RO         2424    i.__scatterload_null  mc_p.l(handlers.o)
    0x080026a0   0x0000000e   Code   RO         2425    i.__scatterload_zeroinit  mc_p.l(handlers.o)
    0x080026ae   0x0000004c   Code   RO          207    i.create_i2c_package  main.o
    0x080026fa   0x00000002   PAD
    0x080026fc   0x000000a0   Code   RO          208    i.main              main.o
    0x0800279c   0x00000024   Code   RO          209    i.read_s            main.o
    0x080027c0   0x00000024   Code   RO          210    i.read_sic          main.o
    0x080027e4   0x00000002   Code   RO          211    i.send_message      main.o
    0x080027e6   0x00000010   Data   RO         1584    .constdata          stm32l0xx_hal_rcc.o
    0x080027f6   0x00000019   Data   RO         2362    .constdata          system_stm32l0xx.o
    0x0800280f   0x00000001   PAD
    0x08002810   0x00000020   Data   RO         2421    Region$$Table       anon$$obj.o


    Execution Region RW_IRAM1 (Base: 0x20000000, Size: 0x000004c8, Max: 0x00002000, ABSOLUTE)

    Base Addr    Size         Type   Attr      Idx    E Section Name        Object

    0x20000000   0x00000004   Data   RW         1030    .data               stm32l0xx_hal.o
    0x20000004   0x00000004   Data   RW         2363    .data               system_stm32l0xx.o
    0x20000008   0x0000003c   Zero   RW          131    .bss                i2c.o
    0x20000044   0x00000010   Zero   RW          169    .bss                dac.o
    0x20000054   0x00000060   Zero   RW          286    .bss                adc.o
    0x200000b4   0x00000014   Zero   RW          342    .bss                iwdg.o
    0x200000c8   0x00000400   Zero   RW         2391    STACK               startup_stm32l053xx.o


==============================================================================

Image component sizes


      Code (inc. data)   RO Data    RW Data    ZI Data      Debug   Object Name

       240         44          0          0         96       1507   adc.o
       104         18          0          0         16       1423   dac.o
       508         30          0          0          0     217899   gpio.o
       156         26          0          0         60       1481   i2c.o
        40         14          0          0         20        615   iwdg.o
       830         82          0          0          0       5005   main.o
        28          8        192          0       1024        584   startup_stm32l053xx.o
       124         14          0          4          0       3474   stm32l0xx_hal.o
       936         44          0          0          0       2691   stm32l0xx_hal_adc.o
       264         30          0          0          0      12179   stm32l0xx_hal_cortex.o
       138          4          0          0          0       1811   stm32l0xx_hal_dac.o
       544         36          0          0          0       3344   stm32l0xx_hal_gpio.o
      2292         22          0          0          0      10301   stm32l0xx_hal_i2c.o
       142          0          0          0          0       1091   stm32l0xx_hal_i2c_ex.o
       178         10          0          0          0       1723   stm32l0xx_hal_iwdg.o
        32          6          0          0          0        434   stm32l0xx_hal_msp.o
        72          8          0          0          0        660   stm32l0xx_hal_pwr.o
        40          8          0          0          0       1001   stm32l0xx_hal_pwr_ex.o
      2416         74         16          0          0       5106   stm32l0xx_hal_rcc.o
       588         12          0          0          0       1436   stm32l0xx_hal_rcc_ex.o
        62          6          0          0          0       1297   stm32l0xx_it.o
       104         16         25          4          0       1329   system_stm32l0xx.o

    ----------------------------------------------------------------------
      9856        512        266          8       1216     276391   Object Totals
         0          0         32          0          0          0   (incl. Generated)
        18          0          1          0          0          0   (incl. Padding)

    ----------------------------------------------------------------------

      Code (inc. data)   RO Data    RW Data    ZI Data      Debug   Library Member Name

         0          0          0          0          0          0   entry.o
         0          0          0          0          0          0   entry10a.o
         0          0          0          0          0          0   entry11a.o
         8          4          0          0          0          0   entry2.o
         4          0          0          0          0          0   entry5.o
         0          0          0          0          0          0   entry7b.o
         0          0          0          0          0          0   entry8b.o
         8          4          0          0          0          0   entry9a.o
        30          0          0          0          0          0   handlers.o
        36          8          0          0          0         68   init.o
        36          0          0          0          0        100   memseta.o
        44          0          0          0          0         72   uidiv.o

    ----------------------------------------------------------------------
       166         16          0          0          0        240   Library Totals
         0          0          0          0          0          0   (incl. Padding)

    ----------------------------------------------------------------------

      Code (inc. data)   RO Data    RW Data    ZI Data      Debug   Library Name

       166         16          0          0          0        240   mc_p.l

    ----------------------------------------------------------------------
       166         16          0          0          0        240   Library Totals

    ----------------------------------------------------------------------

==============================================================================


      Code (inc. data)   RO Data    RW Data    ZI Data      Debug   

     10022        528        266          8       1216     273923   Grand Totals
     10022        528        266          8       1216     273923   ELF Image Totals
     10022        528        266          8          0          0   ROM Totals

==============================================================================

    Total RO  Size (Code + RO Data)                10288 (  10.05kB)
    Total RW  Size (RW Data + ZI Data)              1224 (   1.20kB)
    Total ROM Size (Code + RO Data + RW Data)      10296 (  10.05kB)

==============================================================================

