Component: ARM Compiler 5.06 update 1 (build 61) Tool: armlink [4d35a8]

==============================================================================

Section Cross References

    gpio.o(i.MX_GPIO_Init) refers to stm32l0xx_hal_gpio.o(i.HAL_GPIO_Init) for HAL_GPIO_Init
    gpio.o(i.MX_GPIO_Init) refers to stm32l0xx_hal_gpio.o(i.HAL_GPIO_WritePin) for HAL_GPIO_WritePin
    i2c.o(i.HAL_I2C_MspDeInit) refers to stm32l0xx_hal_gpio.o(i.HAL_GPIO_DeInit) for HAL_GPIO_DeInit
    i2c.o(i.HAL_I2C_MspInit) refers to stm32l0xx_hal_gpio.o(i.HAL_GPIO_Init) for HAL_GPIO_Init
    i2c.o(i.MX_I2C1_Init) refers to stm32l0xx_hal_i2c.o(i.HAL_I2C_Init) for HAL_I2C_Init
    i2c.o(i.MX_I2C1_Init) refers to stm32l0xx_hal_i2c_ex.o(i.HAL_I2CEx_ConfigAnalogFilter) for HAL_I2CEx_ConfigAnalogFilter
    i2c.o(i.MX_I2C1_Init) refers to i2c.o(.bss) for .bss
    dac.o(i.HAL_DAC_MspDeInit) refers to stm32l0xx_hal_gpio.o(i.HAL_GPIO_DeInit) for HAL_GPIO_DeInit
    dac.o(i.HAL_DAC_MspInit) refers to stm32l0xx_hal_gpio.o(i.HAL_GPIO_Init) for HAL_GPIO_Init
    dac.o(i.MX_DAC_Init) refers to stm32l0xx_hal_dac.o(i.HAL_DAC_Init) for HAL_DAC_Init
    dac.o(i.MX_DAC_Init) refers to stm32l0xx_hal_dac.o(i.HAL_DAC_ConfigChannel) for HAL_DAC_ConfigChannel
    dac.o(i.MX_DAC_Init) refers to dac.o(.bss) for .bss
    dac.o(i.MX_DAC_Init) refers to dac.o(.data) for .data
    main.o(i.SystemClock_Config) refers to stm32l0xx_hal_rcc.o(i.HAL_RCC_OscConfig) for HAL_RCC_OscConfig
    main.o(i.SystemClock_Config) refers to stm32l0xx_hal_rcc.o(i.HAL_RCC_ClockConfig) for HAL_RCC_ClockConfig
    main.o(i.SystemClock_Config) refers to stm32l0xx_hal_rcc_ex.o(i.HAL_RCCEx_PeriphCLKConfig) for HAL_RCCEx_PeriphCLKConfig
    main.o(i.SystemClock_Config) refers to stm32l0xx_hal_rcc.o(i.HAL_RCC_GetHCLKFreq) for HAL_RCC_GetHCLKFreq
    main.o(i.SystemClock_Config) refers to uidiv.o(.text) for __aeabi_uidivmod
    main.o(i.SystemClock_Config) refers to stm32l0xx_hal_cortex.o(i.HAL_SYSTICK_Config) for HAL_SYSTICK_Config
    main.o(i.SystemClock_Config) refers to stm32l0xx_hal_cortex.o(i.HAL_SYSTICK_CLKSourceConfig) for HAL_SYSTICK_CLKSourceConfig
    main.o(i.SystemClock_Config) refers to stm32l0xx_hal_cortex.o(i.HAL_NVIC_SetPriority) for HAL_NVIC_SetPriority
    main.o(i.SystemPower_Config) refers to stm32l0xx_hal_pwr_ex.o(i.HAL_PWREx_EnableUltraLowPower) for HAL_PWREx_EnableUltraLowPower
    main.o(i.SystemPower_Config) refers to stm32l0xx_hal_pwr_ex.o(i.HAL_PWREx_EnableFastWakeUp) for HAL_PWREx_EnableFastWakeUp
    main.o(i.SystemPower_Config) refers to stm32l0xx_hal_gpio.o(i.HAL_GPIO_Init) for HAL_GPIO_Init
    main.o(i.create_i2c_package) refers to main.o(.bss) for .bss
    main.o(i.main) refers to stm32l0xx_hal.o(i.HAL_Init) for HAL_Init
    main.o(i.main) refers to main.o(i.SystemClock_Config) for SystemClock_Config
    main.o(i.main) refers to gpio.o(i.MX_GPIO_Init) for MX_GPIO_Init
    main.o(i.main) refers to adc.o(i.MX_ADC_Init) for MX_ADC_Init
    main.o(i.main) refers to dac.o(i.MX_DAC_Init) for MX_DAC_Init
    main.o(i.main) refers to i2c.o(i.MX_I2C1_Init) for MX_I2C1_Init
    main.o(i.main) refers to iwdg.o(i.MX_IWDG_Init) for MX_IWDG_Init
    main.o(i.main) refers to usart.o(i.MX_USART1_UART_Init) for MX_USART1_UART_Init
    main.o(i.main) refers to stm32l0xx_hal_adc_ex.o(i.HAL_ADCEx_Calibration_Start) for HAL_ADCEx_Calibration_Start
    main.o(i.main) refers to main.o(i.normalRun) for normalRun
    main.o(i.main) refers to main.o(.data) for .data
    main.o(i.main) refers to adc.o(.bss) for hadc
    main.o(i.normalRun) refers to stm32l0xx_hal_gpio.o(i.HAL_GPIO_WritePin) for HAL_GPIO_WritePin
    main.o(i.normalRun) refers to stm32l0xx_hal.o(i.HAL_Delay) for HAL_Delay
    main.o(i.normalRun) refers to main.o(i.setDAC) for setDAC
    main.o(i.normalRun) refers to main.o(i.readRollingADC) for readRollingADC
    main.o(i.normalRun) refers to main.o(i.shiftAverages) for shiftAverages
    main.o(i.normalRun) refers to memseta.o(.text) for __aeabi_memclr4
    main.o(i.normalRun) refers to main.o(i.create_i2c_package) for create_i2c_package
    main.o(i.normalRun) refers to stm32l0xx_hal_uart.o(i.HAL_UART_Transmit) for HAL_UART_Transmit
    main.o(i.normalRun) refers to main.o(i.SystemPower_Config) for SystemPower_Config
    main.o(i.normalRun) refers to stm32l0xx_hal_pwr.o(i.HAL_PWR_EnterSTOPMode) for HAL_PWR_EnterSTOPMode
    main.o(i.normalRun) refers to usart.o(.bss) for huart1
    main.o(i.readRollingADC) refers to stm32l0xx_hal.o(i.HAL_Delay) for HAL_Delay
    main.o(i.readRollingADC) refers to stm32l0xx_hal_adc.o(i.HAL_ADC_Start) for HAL_ADC_Start
    main.o(i.readRollingADC) refers to adc.o(.bss) for hadc
    main.o(i.readRollingADC) refers to main.o(.bss) for .bss
    main.o(i.setDAC) refers to stm32l0xx_hal_dac_ex.o(i.HAL_DAC_SetValue) for HAL_DAC_SetValue
    main.o(i.setDAC) refers to stm32l0xx_hal_dac_ex.o(i.HAL_DAC_Start) for HAL_DAC_Start
    main.o(i.setDAC) refers to dac.o(.bss) for hdac
    main.o(i.shiftAverages) refers to main.o(.bss) for .bss
[...]
    stm32l0xx_hal_i2c.o(i.I2C_MasterReceive_ISR) refers to stm32l0xx_hal_i2c.o(i.HAL_I2C_MemRxCpltCallback) for HAL_I2C_MemRxCpltCallback
    stm32l0xx_hal_i2c.o(i.I2C_MasterReceive_ISR) refers to stm32l0xx_hal_i2c.o(i.HAL_I2C_ErrorCallback) for HAL_I2C_ErrorCallback
    stm32l0xx_hal_i2c.o(i.I2C_MasterTransmit_ISR) refers to stm32l0xx_hal_i2c.o(i.I2C_TransferConfig) for I2C_TransferConfig
    stm32l0xx_hal_i2c.o(i.I2C_MasterTransmit_ISR) refers to stm32l0xx_hal_i2c.o(i.HAL_I2C_MasterTxCpltCallback) for HAL_I2C_MasterTxCpltCallback
    stm32l0xx_hal_i2c.o(i.I2C_MasterTransmit_ISR) refers to stm32l0xx_hal_i2c.o(i.HAL_I2C_MemTxCpltCallback) for HAL_I2C_MemTxCpltCallback
    stm32l0xx_hal_i2c.o(i.I2C_MasterTransmit_ISR) refers to stm32l0xx_hal_i2c.o(i.HAL_I2C_ErrorCallback) for HAL_I2C_ErrorCallback
    stm32l0xx_hal_i2c.o(i.I2C_RequestMemoryRead) refers to stm32l0xx_hal_i2c.o(i.I2C_TransferConfig) for I2C_TransferConfig
    stm32l0xx_hal_i2c.o(i.I2C_RequestMemoryRead) refers to stm32l0xx_hal_i2c.o(i.I2C_WaitOnTXISFlagUntilTimeout) for I2C_WaitOnTXISFlagUntilTimeout
    stm32l0xx_hal_i2c.o(i.I2C_RequestMemoryRead) refers to stm32l0xx_hal_i2c.o(i.I2C_WaitOnFlagUntilTimeout) for I2C_WaitOnFlagUntilTimeout
    stm32l0xx_hal_i2c.o(i.I2C_RequestMemoryWrite) refers to stm32l0xx_hal_i2c.o(i.I2C_TransferConfig) for I2C_TransferConfig
    stm32l0xx_hal_i2c.o(i.I2C_RequestMemoryWrite) refers to stm32l0xx_hal_i2c.o(i.I2C_WaitOnTXISFlagUntilTimeout) for I2C_WaitOnTXISFlagUntilTimeout
    stm32l0xx_hal_i2c.o(i.I2C_RequestMemoryWrite) refers to stm32l0xx_hal_i2c.o(i.I2C_WaitOnFlagUntilTimeout) for I2C_WaitOnFlagUntilTimeout
    stm32l0xx_hal_i2c.o(i.I2C_SlaveReceive_ISR) refers to stm32l0xx_hal_i2c.o(i.HAL_I2C_ErrorCallback) for HAL_I2C_ErrorCallback
    stm32l0xx_hal_i2c.o(i.I2C_SlaveReceive_ISR) refers to stm32l0xx_hal_i2c.o(i.HAL_I2C_SlaveRxCpltCallback) for HAL_I2C_SlaveRxCpltCallback
    stm32l0xx_hal_i2c.o(i.I2C_SlaveTransmit_ISR) refers to stm32l0xx_hal_i2c.o(i.HAL_I2C_ErrorCallback) for HAL_I2C_ErrorCallback
    stm32l0xx_hal_i2c.o(i.I2C_SlaveTransmit_ISR) refers to stm32l0xx_hal_i2c.o(i.HAL_I2C_SlaveTxCpltCallback) for HAL_I2C_SlaveTxCpltCallback
    stm32l0xx_hal_i2c.o(i.I2C_WaitOnFlagUntilTimeout) refers to stm32l0xx_hal.o(i.HAL_GetTick) for HAL_GetTick
    stm32l0xx_hal_i2c.o(i.I2C_WaitOnRXNEFlagUntilTimeout) refers to stm32l0xx_hal.o(i.HAL_GetTick) for HAL_GetTick
    stm32l0xx_hal_i2c.o(i.I2C_WaitOnRXNEFlagUntilTimeout) refers to stm32l0xx_hal_i2c.o(i.I2C_IsAcknowledgeFailed) for I2C_IsAcknowledgeFailed
    stm32l0xx_hal_i2c.o(i.I2C_WaitOnSTOPFlagUntilTimeout) refers to stm32l0xx_hal.o(i.HAL_GetTick) for HAL_GetTick
    stm32l0xx_hal_i2c.o(i.I2C_WaitOnSTOPFlagUntilTimeout) refers to stm32l0xx_hal_i2c.o(i.I2C_IsAcknowledgeFailed) for I2C_IsAcknowledgeFailed
    stm32l0xx_hal_i2c.o(i.I2C_WaitOnTXISFlagUntilTimeout) refers to stm32l0xx_hal.o(i.HAL_GetTick) for HAL_GetTick
    stm32l0xx_hal_i2c.o(i.I2C_WaitOnTXISFlagUntilTimeout) refers to stm32l0xx_hal_i2c.o(i.I2C_IsAcknowledgeFailed) for I2C_IsAcknowledgeFailed
    stm32l0xx_hal_iwdg.o(i.HAL_IWDG_Init) refers to stm32l0xx_hal_iwdg.o(i.HAL_IWDG_MspInit) for HAL_IWDG_MspInit
    stm32l0xx_hal_iwdg.o(i.HAL_IWDG_Init) refers to stm32l0xx_hal.o(i.HAL_GetTick) for HAL_GetTick
    stm32l0xx_hal_iwdg.o(i.HAL_IWDG_Refresh) refers to stm32l0xx_hal.o(i.HAL_GetTick) for HAL_GetTick
    stm32l0xx_hal_iwdg.o(i.HAL_IWDG_Start) refers to stm32l0xx_hal.o(i.HAL_GetTick) for HAL_GetTick
    stm32l0xx_hal_adc_ex.o(i.HAL_ADCEx_Calibration_Start) refers to stm32l0xx_hal.o(i.HAL_GetTick) for HAL_GetTick
    stm32l0xx_hal_adc_ex.o(i.HAL_ADCEx_EnableVREFINT) refers to stm32l0xx_hal.o(i.HAL_GetTick) for HAL_GetTick
    stm32l0xx_hal_adc_ex.o(i.HAL_ADCEx_EnableVREFINTTempSensor) refers to stm32l0xx_hal.o(i.HAL_GetTick) for HAL_GetTick
    stm32l0xx_hal_gpio.o(i.HAL_GPIO_EXTI_IRQHandler) refers to stm32l0xx_hal_gpio.o(i.HAL_GPIO_EXTI_Callback) for HAL_GPIO_EXTI_Callback
    stm32l0xx_hal_uart.o(i.HAL_HalfDuplex_Init) refers to usart.o(i.HAL_UART_MspInit) for HAL_UART_MspInit
    stm32l0xx_hal_uart.o(i.HAL_HalfDuplex_Init) refers to stm32l0xx_hal_uart.o(i.UART_SetConfig) for UART_SetConfig
    stm32l0xx_hal_uart.o(i.HAL_HalfDuplex_Init) refers to stm32l0xx_hal_uart.o(i.UART_AdvFeatureConfig) for UART_AdvFeatureConfig
    stm32l0xx_hal_uart.o(i.HAL_HalfDuplex_Init) refers to stm32l0xx_hal_uart.o(i.UART_CheckIdleState) for UART_CheckIdleState
    stm32l0xx_hal_uart.o(i.HAL_LIN_Init) refers to usart.o(i.HAL_UART_MspInit) for HAL_UART_MspInit
    stm32l0xx_hal_uart.o(i.HAL_LIN_Init) refers to stm32l0xx_hal_uart.o(i.UART_SetConfig) for UART_SetConfig
    stm32l0xx_hal_uart.o(i.HAL_LIN_Init) refers to stm32l0xx_hal_uart.o(i.UART_AdvFeatureConfig) for UART_AdvFeatureConfig
    stm32l0xx_hal_uart.o(i.HAL_LIN_Init) refers to stm32l0xx_hal_uart.o(i.UART_CheckIdleState) for UART_CheckIdleState
    stm32l0xx_hal_uart.o(i.HAL_MultiProcessor_DisableMuteMode) refers to stm32l0xx_hal_uart.o(i.UART_CheckIdleState) for UART_CheckIdleState
    stm32l0xx_hal_uart.o(i.HAL_MultiProcessor_EnableMuteMode) refers to stm32l0xx_hal_uart.o(i.UART_CheckIdleState) for UART_CheckIdleState
    stm32l0xx_hal_uart.o(i.HAL_MultiProcessor_Init) refers to usart.o(i.HAL_UART_MspInit) for HAL_UART_MspInit
    stm32l0xx_hal_uart.o(i.HAL_MultiProcessor_Init) refers to stm32l0xx_hal_uart.o(i.UART_SetConfig) for UART_SetConfig
    stm32l0xx_hal_uart.o(i.HAL_MultiProcessor_Init) refers to stm32l0xx_hal_uart.o(i.UART_AdvFeatureConfig) for UART_AdvFeatureConfig
    stm32l0xx_hal_uart.o(i.HAL_MultiProcessor_Init) refers to stm32l0xx_hal_uart.o(i.UART_CheckIdleState) for UART_CheckIdleState
    stm32l0xx_hal_uart.o(i.HAL_UART_DMAStop) refers to stm32l0xx_hal_dma.o(i.HAL_DMA_Abort) for HAL_DMA_Abort
    stm32l0xx_hal_uart.o(i.HAL_UART_DeInit) refers to usart.o(i.HAL_UART_MspDeInit) for HAL_UART_MspDeInit
    stm32l0xx_hal_uart.o(i.HAL_UART_IRQHandler) refers to stm32l0xx_hal_uart.o(i.HAL_UART_ErrorCallback) for HAL_UART_ErrorCallback
    stm32l0xx_hal_uart.o(i.HAL_UART_IRQHandler) refers to stm32l0xx_hal_uart_ex.o(i.HAL_UARTEx_WakeupCallback) for HAL_UARTEx_WakeupCallback
    stm32l0xx_hal_uart.o(i.HAL_UART_IRQHandler) refers to stm32l0xx_hal_uart.o(i.UART_Receive_IT) for UART_Receive_IT
    stm32l0xx_hal_uart.o(i.HAL_UART_IRQHandler) refers to stm32l0xx_hal_uart.o(i.UART_Transmit_IT) for UART_Transmit_IT
    stm32l0xx_hal_uart.o(i.HAL_UART_IRQHandler) refers to stm32l0xx_hal_uart.o(i.HAL_UART_TxCpltCallback) for HAL_UART_TxCpltCallback
    stm32l0xx_hal_uart.o(i.HAL_UART_Init) refers to usart.o(i.HAL_UART_MspInit) for HAL_UART_MspInit
    stm32l0xx_hal_uart.o(i.HAL_UART_Init) refers to stm32l0xx_hal_uart.o(i.UART_SetConfig) for UART_SetConfig
    stm32l0xx_hal_uart.o(i.HAL_UART_Init) refers to stm32l0xx_hal_uart.o(i.UART_AdvFeatureConfig) for UART_AdvFeatureConfig
    stm32l0xx_hal_uart.o(i.HAL_UART_Init) refers to stm32l0xx_hal_uart.o(i.UART_CheckIdleState) for UART_CheckIdleState
    stm32l0xx_hal_uart.o(i.HAL_UART_Receive) refers to stm32l0xx_hal_uart.o(i.UART_WaitOnFlagUntilTimeout) for UART_WaitOnFlagUntilTimeout
    stm32l0xx_hal_uart.o(i.HAL_UART_Receive_DMA) refers to stm32l0xx_hal_dma.o(i.HAL_DMA_Start_IT) for HAL_DMA_Start_IT
    stm32l0xx_hal_uart.o(i.HAL_UART_Receive_DMA) refers to stm32l0xx_hal_uart.o(i.UART_DMAReceiveCplt) for UART_DMAReceiveCplt
    stm32l0xx_hal_uart.o(i.HAL_UART_Receive_DMA) refers to stm32l0xx_hal_uart.o(i.UART_DMARxHalfCplt) for UART_DMARxHalfCplt
    stm32l0xx_hal_uart.o(i.HAL_UART_Receive_DMA) refers to stm32l0xx_hal_uart.o(i.UART_DMAError) for UART_DMAError
    stm32l0xx_hal_uart.o(i.HAL_UART_Transmit) refers to stm32l0xx_hal_uart.o(i.UART_WaitOnFlagUntilTimeout) for UART_WaitOnFlagUntilTimeout
    stm32l0xx_hal_uart.o(i.HAL_UART_Transmit_DMA) refers to stm32l0xx_hal_dma.o(i.HAL_DMA_Start_IT) for HAL_DMA_Start_IT
    stm32l0xx_hal_uart.o(i.HAL_UART_Transmit_DMA) refers to stm32l0xx_hal_uart.o(i.UART_DMATransmitCplt) for UART_DMATransmitCplt
    stm32l0xx_hal_uart.o(i.HAL_UART_Transmit_DMA) refers to stm32l0xx_hal_uart.o(i.UART_DMATxHalfCplt) for UART_DMATxHalfCplt
    stm32l0xx_hal_uart.o(i.HAL_UART_Transmit_DMA) refers to stm32l0xx_hal_uart.o(i.UART_DMAError) for UART_DMAError
    stm32l0xx_hal_uart.o(i.UART_CheckIdleState) refers to stm32l0xx_hal_uart.o(i.UART_WaitOnFlagUntilTimeout) for UART_WaitOnFlagUntilTimeout
    stm32l0xx_hal_uart.o(i.UART_DMAError) refers to stm32l0xx_hal_uart.o(i.HAL_UART_ErrorCallback) for HAL_UART_ErrorCallback
    stm32l0xx_hal_uart.o(i.UART_DMAReceiveCplt) refers to stm32l0xx_hal_uart.o(i.HAL_UART_RxCpltCallback) for HAL_UART_RxCpltCallback
    stm32l0xx_hal_uart.o(i.UART_DMARxHalfCplt) refers to stm32l0xx_hal_uart.o(i.HAL_UART_RxHalfCpltCallback) for HAL_UART_RxHalfCpltCallback
    stm32l0xx_hal_uart.o(i.UART_DMATransmitCplt) refers to stm32l0xx_hal_uart.o(i.HAL_UART_TxCpltCallback) for HAL_UART_TxCpltCallback
    stm32l0xx_hal_uart.o(i.UART_DMATxHalfCplt) refers to stm32l0xx_hal_uart.o(i.HAL_UART_TxHalfCpltCallback) for HAL_UART_TxHalfCpltCallback
    stm32l0xx_hal_uart.o(i.UART_Receive_IT) refers to stm32l0xx_hal_uart.o(i.HAL_UART_RxCpltCallback) for HAL_UART_RxCpltCallback
    stm32l0xx_hal_uart.o(i.UART_SetConfig) refers to dfltui.o(.text) for __aeabi_ui2d
    stm32l0xx_hal_uart.o(i.UART_SetConfig) refers to stm32l0xx_hal_rcc.o(i.HAL_RCC_GetPCLK1Freq) for HAL_RCC_GetPCLK1Freq
    stm32l0xx_hal_uart.o(i.UART_SetConfig) refers to ddiv.o(.text) for __aeabi_ddiv
    stm32l0xx_hal_uart.o(i.UART_SetConfig) refers to dfixui.o(.text) for __aeabi_d2uiz
    stm32l0xx_hal_uart.o(i.UART_SetConfig) refers to stm32l0xx_hal_rcc.o(i.HAL_RCC_GetSysClockFreq) for HAL_RCC_GetSysClockFreq
    stm32l0xx_hal_uart.o(i.UART_SetConfig) refers to dscalb.o(.text) for __ARM_scalbn
    stm32l0xx_hal_uart.o(i.UART_SetConfig) refers to stm32l0xx_hal_uart.o(i.__ARM_common_switch8) for __ARM_common_switch8
    stm32l0xx_hal_uart.o(i.UART_SetConfig) refers to stm32l0xx_hal_rcc.o(i.HAL_RCC_GetPCLK2Freq) for HAL_RCC_GetPCLK2Freq
    stm32l0xx_hal_uart.o(i.UART_SetConfig) refers to uidiv.o(.text) for __aeabi_uidivmod
    stm32l0xx_hal_uart.o(i.UART_WaitOnFlagUntilTimeout) refers to stm32l0xx_hal.o(i.HAL_GetTick) for HAL_GetTick
    stm32l0xx_hal_uart_ex.o(i.HAL_MultiProcessorEx_AddressLength_Set) refers to stm32l0xx_hal_uart.o(i.UART_CheckIdleState) for UART_CheckIdleState
    stm32l0xx_hal_uart_ex.o(i.HAL_RS485Ex_Init) refers to usart.o(i.HAL_UART_MspInit) for HAL_UART_MspInit
    stm32l0xx_hal_uart_ex.o(i.HAL_RS485Ex_Init) refers to stm32l0xx_hal_uart.o(i.UART_SetConfig) for UART_SetConfig
    stm32l0xx_hal_uart_ex.o(i.HAL_RS485Ex_Init) refers to stm32l0xx_hal_uart.o(i.UART_AdvFeatureConfig) for UART_AdvFeatureConfig
    stm32l0xx_hal_uart_ex.o(i.HAL_RS485Ex_Init) refers to stm32l0xx_hal_uart.o(i.UART_CheckIdleState) for UART_CheckIdleState
    stm32l0xx_hal_uart_ex.o(i.HAL_UARTEx_StopModeWakeUpSourceConfig) refers to stm32l0xx_hal_uart.o(i.UART_WaitOnFlagUntilTimeout) for UART_WaitOnFlagUntilTimeout
    system_stm32l0xx.o(i.SystemCoreClockUpdate) refers to uidiv.o(.text) for __aeabi_uidivmod
    system_stm32l0xx.o(i.SystemCoreClockUpdate) refers to system_stm32l0xx.o(.data) for .data
    system_stm32l0xx.o(i.SystemCoreClockUpdate) refers to system_stm32l0xx.o(.constdata) for .constdata
    startup_stm32l053xx.o(RESET) refers to startup_stm32l053xx.o(STACK) for __initial_sp
    startup_stm32l053xx.o(RESET) refers to startup_stm32l053xx.o(.text) for Reset_Handler
    startup_stm32l053xx.o(RESET) refers to stm32l0xx_it.o(i.SysTick_Handler) for SysTick_Handler
    startup_stm32l053xx.o(.text) refers to system_stm32l0xx.o(i.SystemInit) for SystemInit
    startup_stm32l053xx.o(.text) refers to entry.o(.ARM.Collect$$$$00000000) for __main
    entry.o(.ARM.Collect$$$$00000000) refers (Special) to entry10a.o(.ARM.Collect$$$$0000000D) for __rt_final_cpp
    entry.o(.ARM.Collect$$$$00000000) refers (Special) to entry11a.o(.ARM.Collect$$$$0000000F) for __rt_final_exit
    entry.o(.ARM.Collect$$$$00000000) refers (Special) to entry7b.o(.ARM.Collect$$$$00000008) for _main_clock
    entry.o(.ARM.Collect$$$$00000000) refers (Special) to entry8b.o(.ARM.Collect$$$$0000000A) for _main_cpp_init
    entry.o(.ARM.Collect$$$$00000000) refers (Special) to entry9a.o(.ARM.Collect$$$$0000000B) for _main_init
    entry.o(.ARM.Collect$$$$00000000) refers (Special) to entry5.o(.ARM.Collect$$$$00000004) for _main_scatterload
    entry.o(.ARM.Collect$$$$00000000) refers (Special) to entry2.o(.ARM.Collect$$$$00000001) for _main_stk
    ddiv.o(.text) refers (Special) to iusefp.o(.text) for __I$use$fp
    ddiv.o(.text) refers to depilogue.o(.text) for _double_round
    dscalb.o(.text) refers (Special) to iusefp.o(.text) for __I$use$fp
    dfltui.o(.text) refers (Special) to iusefp.o(.text) for __I$use$fp
    dfltui.o(.text) refers to depilogue.o(.text) for _double_epilogue
    dfixui.o(.text) refers (Special) to iusefp.o(.text) for __I$use$fp
    dfixui.o(.text) refers to llushr.o(.text) for __aeabi_llsr
    entry2.o(.ARM.Collect$$$$00000001) refers to entry2.o(.ARM.Collect$$$$00002712) for __lit__00000000
    entry2.o(.ARM.Collect$$$$00002712) refers to startup_stm32l053xx.o(STACK) for __initial_sp
    entry2.o(__vectab_stack_and_reset_area) refers to startup_stm32l053xx.o(STACK) for __initial_sp
    entry2.o(__vectab_stack_and_reset_area) refers to entry.o(.ARM.Collect$$$$00000000) for __main
    entry5.o(.ARM.Collect$$$$00000004) refers to init.o(.text) for __scatterload
    entry9a.o(.ARM.Collect$$$$0000000B) refers to main.o(i.main) for main
    entry9b.o(.ARM.Collect$$$$0000000C) refers to main.o(i.main) for main
    depilogue.o(.text) refers to depilogue.o(i.__ARM_clz) for __ARM_clz
    depilogue.o(.text) refers to llshl.o(.text) for __aeabi_llsl
    depilogue.o(.text) refers to llushr.o(.text) for __aeabi_llsr
    init.o(.text) refers to entry5.o(.ARM.Collect$$$$00000004) for __main_after_scatterload


==============================================================================

Removing Unused input sections from the image.

    Removing gpio.o(.rev16_text), (4 bytes).
    Removing gpio.o(.revsh_text), (4 bytes).
    Removing i2c.o(.rev16_text), (4 bytes).
    Removing i2c.o(.revsh_text), (4 bytes).
    Removing i2c.o(i.HAL_I2C_MspDeInit), (44 bytes).
    Removing dac.o(.rev16_text), (4 bytes).
    Removing dac.o(.revsh_text), (4 bytes).
    Removing dac.o(i.HAL_DAC_MspDeInit), (40 bytes).
    Removing main.o(.rev16_text), (4 bytes).
    Removing main.o(.revsh_text), (4 bytes).
    Removing main.o(i.receive_OBC_message), (4 bytes).
    Removing main.o(i.send_message), (2 bytes).
    Removing main.o(.data), (2 bytes).
    Removing main.o(.data), (4 bytes).
    Removing adc.o(.rev16_text), (4 bytes).
    Removing adc.o(.revsh_text), (4 bytes).
    Removing adc.o(i.HAL_ADC_MspDeInit), (52 bytes).
    Removing stm32l0xx_hal_msp.o(.rev16_text), (4 bytes).
    Removing stm32l0xx_hal_msp.o(.revsh_text), (4 bytes).
    Removing iwdg.o(.rev16_text), (4 bytes).
    Removing iwdg.o(.revsh_text), (4 bytes).
    Removing stm32l0xx_it.o(.rev16_text), (4 bytes).
    Removing stm32l0xx_it.o(.revsh_text), (4 bytes).
    Removing usart.o(.rev16_text), (4 bytes).
    Removing usart.o(.revsh_text), (4 bytes).
    Removing usart.o(i.HAL_UART_MspDeInit), (44 bytes).
    Removing stm32l0xx_hal_adc.o(.rev16_text), (4 bytes).
    Removing stm32l0xx_hal_adc.o(.revsh_text), (4 bytes).
    Removing stm32l0xx_hal_adc.o(i.ADC_ConversionStop), (82 bytes).
    Removing stm32l0xx_hal_adc.o(i.ADC_DMAConvCplt), (108 bytes).
    Removing stm32l0xx_hal_adc.o(i.ADC_DMAError), (26 bytes).
    Removing stm32l0xx_hal_adc.o(i.ADC_DMAHalfConvCplt), (10 bytes).
    Removing stm32l0xx_hal_adc.o(i.ADC_Disable), (96 bytes).
    Removing stm32l0xx_hal_adc.o(i.HAL_ADC_AnalogWDGConfig), (156 bytes).
    Removing stm32l0xx_hal_adc.o(i.HAL_ADC_ConvCpltCallback), (2 bytes).
    Removing stm32l0xx_hal_adc.o(i.HAL_ADC_ConvHalfCpltCallback), (2 bytes).
    Removing stm32l0xx_hal_adc.o(i.HAL_ADC_DeInit), (180 bytes).
    Removing stm32l0xx_hal_adc.o(i.HAL_ADC_ErrorCallback), (2 bytes).
    Removing stm32l0xx_hal_adc.o(i.HAL_ADC_GetError), (4 bytes).
    Removing stm32l0xx_hal_adc.o(i.HAL_ADC_GetState), (4 bytes).
    Removing stm32l0xx_hal_adc.o(i.HAL_ADC_GetValue), (6 bytes).
    Removing stm32l0xx_hal_adc.o(i.HAL_ADC_IRQHandler), (208 bytes).
    Removing stm32l0xx_hal_adc.o(i.HAL_ADC_LevelOutOfWindowCallback), (2 bytes).
    Removing stm32l0xx_hal_adc.o(i.HAL_ADC_MspDeInit), (2 bytes).
    Removing stm32l0xx_hal_adc.o(i.HAL_ADC_MspInit), (2 bytes).
    Removing stm32l0xx_hal_adc.o(i.HAL_ADC_PollForConversion), (190 bytes).
    Removing stm32l0xx_hal_adc.o(i.HAL_ADC_PollForEvent), (116 bytes).
    Removing stm32l0xx_hal_adc.o(i.HAL_ADC_Start_DMA), (160 bytes).
    Removing stm32l0xx_hal_adc.o(i.HAL_ADC_Start_IT), (124 bytes).
    Removing stm32l0xx_hal_adc.o(i.HAL_ADC_Stop), (62 bytes).
    Removing stm32l0xx_hal_adc.o(i.HAL_ADC_Stop_DMA), (112 bytes).
    Removing stm32l0xx_hal_adc.o(i.HAL_ADC_Stop_IT), (72 bytes).
    Removing stm32l0xx_hal_pwr.o(.rev16_text), (4 bytes).
    Removing stm32l0xx_hal_pwr.o(.revsh_text), (4 bytes).
    Removing stm32l0xx_hal_pwr.o(i.HAL_PWR_ConfigPVD), (104 bytes).
    Removing stm32l0xx_hal_pwr.o(i.HAL_PWR_DeInit), (24 bytes).
    Removing stm32l0xx_hal_pwr.o(i.HAL_PWR_DisableBkUpAccess), (16 bytes).
    Removing stm32l0xx_hal_pwr.o(i.HAL_PWR_DisablePVD), (16 bytes).
    Removing stm32l0xx_hal_pwr.o(i.HAL_PWR_DisableSEVOnPend), (16 bytes).
    Removing stm32l0xx_hal_pwr.o(i.HAL_PWR_DisableSleepOnExit), (16 bytes).
    Removing stm32l0xx_hal_pwr.o(i.HAL_PWR_DisableWakeUpPin), (16 bytes).
    Removing stm32l0xx_hal_pwr.o(i.HAL_PWR_EnableBkUpAccess), (16 bytes).
    Removing stm32l0xx_hal_pwr.o(i.HAL_PWR_EnablePVD), (16 bytes).
    Removing stm32l0xx_hal_pwr.o(i.HAL_PWR_EnableSEVOnPend), (16 bytes).
    Removing stm32l0xx_hal_pwr.o(i.HAL_PWR_EnableSleepOnExit), (16 bytes).
    Removing stm32l0xx_hal_pwr.o(i.HAL_PWR_EnableWakeUpPin), (16 bytes).
    Removing stm32l0xx_hal_pwr.o(i.HAL_PWR_EnterSLEEPMode), (48 bytes).
    Removing stm32l0xx_hal_pwr.o(i.HAL_PWR_EnterSTANDBYMode), (32 bytes).
    Removing stm32l0xx_hal_pwr.o(i.HAL_PWR_PVDCallback), (2 bytes).
    Removing stm32l0xx_hal_pwr.o(i.HAL_PWR_PVD_IRQHandler), (28 bytes).
    Removing stm32l0xx_hal_pwr_ex.o(.rev16_text), (4 bytes).
    Removing stm32l0xx_hal_pwr_ex.o(.revsh_text), (4 bytes).
    Removing stm32l0xx_hal_pwr_ex.o(i.HAL_PWREx_DisableFastWakeUp), (16 bytes).
    Removing stm32l0xx_hal_pwr_ex.o(i.HAL_PWREx_DisableLowPowerRunMode), (76 bytes).
    Removing stm32l0xx_hal_pwr_ex.o(i.HAL_PWREx_DisableUltraLowPower), (16 bytes).
    Removing stm32l0xx_hal_pwr_ex.o(i.HAL_PWREx_EnableLowPowerRunMode), (24 bytes).
    Removing stm32l0xx_hal_flash_ex.o(.rev16_text), (4 bytes).
    Removing stm32l0xx_hal_flash_ex.o(.revsh_text), (4 bytes).
    Removing stm32l0xx_hal_flash_ex.o(i.FLASH_OB_PCROPSelectionConfig), (56 bytes).
    Removing stm32l0xx_hal_flash_ex.o(i.FLASH_OB_ProtectedSectorsConfig), (76 bytes).
    Removing stm32l0xx_hal_flash_ex.o(i.HAL_FLASHEx_AdvOBGetConfig), (24 bytes).
    Removing stm32l0xx_hal_flash_ex.o(i.HAL_FLASHEx_AdvOBProgram), (24 bytes).
    Removing stm32l0xx_hal_flash_ex.o(i.HAL_FLASHEx_DATAEEPROM_DisableFixedTimeProgram), (16 bytes).
    Removing stm32l0xx_hal_flash_ex.o(i.HAL_FLASHEx_DATAEEPROM_EnableFixedTimeProgram), (16 bytes).
    Removing stm32l0xx_hal_flash_ex.o(i.HAL_FLASHEx_DATAEEPROM_Erase), (40 bytes).
    Removing stm32l0xx_hal_flash_ex.o(i.HAL_FLASHEx_DATAEEPROM_Lock), (20 bytes).
    Removing stm32l0xx_hal_flash_ex.o(i.HAL_FLASHEx_DATAEEPROM_Program), (84 bytes).
    Removing stm32l0xx_hal_flash_ex.o(i.HAL_FLASHEx_DATAEEPROM_Unlock), (36 bytes).
    Removing stm32l0xx_hal_flash_ex.o(i.HAL_FLASHEx_Erase), (120 bytes).
    Removing stm32l0xx_hal_flash_ex.o(i.HAL_FLASHEx_Erase_IT), (88 bytes).
    Removing stm32l0xx_hal_flash_ex.o(i.HAL_FLASHEx_OBGetConfig), (44 bytes).
    Removing stm32l0xx_hal_flash_ex.o(i.HAL_FLASHEx_OBProgram), (284 bytes).
    Removing stm32l0xx_hal_flash_ex.o(i.HAL_FLASHEx_OB_DeSelectPCROP), (10 bytes).
    Removing stm32l0xx_hal_flash_ex.o(i.HAL_FLASHEx_OB_SelectPCROP), (10 bytes).
    Removing stm32l0xx_hal_cortex.o(.rev16_text), (4 bytes).
    Removing stm32l0xx_hal_cortex.o(.revsh_text), (4 bytes).
    Removing stm32l0xx_hal_cortex.o(i.HAL_MPU_ConfigRegion), (80 bytes).
    Removing stm32l0xx_hal_cortex.o(i.HAL_NVIC_ClearPendingIRQ), (20 bytes).
    Removing stm32l0xx_hal_cortex.o(i.HAL_NVIC_DisableIRQ), (20 bytes).
    Removing stm32l0xx_hal_cortex.o(i.HAL_NVIC_EnableIRQ), (20 bytes).
    Removing stm32l0xx_hal_cortex.o(i.HAL_NVIC_GetPendingIRQ), (28 bytes).
    Removing stm32l0xx_hal_cortex.o(i.HAL_NVIC_GetPriority), (52 bytes).
    Removing stm32l0xx_hal_cortex.o(i.HAL_NVIC_SetPendingIRQ), (20 bytes).
    Removing stm32l0xx_hal_cortex.o(i.HAL_NVIC_SystemReset), (28 bytes).
    Removing stm32l0xx_hal.o(.rev16_text), (4 bytes).
    Removing stm32l0xx_hal.o(.revsh_text), (4 bytes).
    Removing stm32l0xx_hal.o(i.HAL_DBGMCU_DBG_DisableLowPowerConfig), (16 bytes).
    Removing stm32l0xx_hal.o(i.HAL_DBGMCU_DBG_EnableLowPowerConfig), (16 bytes).
    Removing stm32l0xx_hal.o(i.HAL_DBGMCU_DisableDBGSleepMode), (16 bytes).
    Removing stm32l0xx_hal.o(i.HAL_DBGMCU_DisableDBGStandbyMode), (16 bytes).
    Removing stm32l0xx_hal.o(i.HAL_DBGMCU_DisableDBGStopMode), (16 bytes).
    Removing stm32l0xx_hal.o(i.HAL_DBGMCU_EnableDBGSleepMode), (16 bytes).
    Removing stm32l0xx_hal.o(i.HAL_DBGMCU_EnableDBGStandbyMode), (16 bytes).
    Removing stm32l0xx_hal.o(i.HAL_DBGMCU_EnableDBGStopMode), (16 bytes).
    Removing stm32l0xx_hal.o(i.HAL_DeInit), (40 bytes).
    Removing stm32l0xx_hal.o(i.HAL_GetDEVID), (16 bytes).
    Removing stm32l0xx_hal.o(i.HAL_GetHalVersion), (8 bytes).
    Removing stm32l0xx_hal.o(i.HAL_GetREVID), (12 bytes).
    Removing stm32l0xx_hal.o(i.HAL_MspDeInit), (2 bytes).
    Removing stm32l0xx_hal.o(i.HAL_MspInit), (2 bytes).
    Removing stm32l0xx_hal.o(i.HAL_ResumeTick), (16 bytes).
    Removing stm32l0xx_hal.o(i.HAL_SYSCFG_DisableVREFINT), (16 bytes).
    Removing stm32l0xx_hal.o(i.HAL_SYSCFG_Disable_Lock_VREFINT), (16 bytes).
    Removing stm32l0xx_hal.o(i.HAL_SYSCFG_EnableVREFINT), (16 bytes).
    Removing stm32l0xx_hal.o(i.HAL_SYSCFG_Enable_Lock_VREFINT), (16 bytes).
    Removing stm32l0xx_hal.o(i.HAL_SYSCFG_GetBootMode), (16 bytes).
    Removing stm32l0xx_hal.o(i.HAL_SYSCFG_VREFINT_OutputSelect), (24 bytes).
    Removing stm32l0xx_hal.o(i.HAL_SuspendTick), (16 bytes).
    Removing stm32l0xx_hal_dac.o(.rev16_text), (4 bytes).
    Removing stm32l0xx_hal_dac.o(.revsh_text), (4 bytes).
    Removing stm32l0xx_hal_dac.o(i.HAL_DAC_ConvCpltCallbackCh1), (2 bytes).
    Removing stm32l0xx_hal_dac.o(i.HAL_DAC_ConvHalfCpltCallbackCh1), (2 bytes).
    Removing stm32l0xx_hal_dac.o(i.HAL_DAC_DMAUnderrunCallbackCh1), (2 bytes).
    Removing stm32l0xx_hal_dac.o(i.HAL_DAC_DeInit), (30 bytes).
    Removing stm32l0xx_hal_dac.o(i.HAL_DAC_ErrorCallbackCh1), (2 bytes).
    Removing stm32l0xx_hal_dac.o(i.HAL_DAC_GetError), (4 bytes).
    Removing stm32l0xx_hal_dac.o(i.HAL_DAC_GetState), (4 bytes).
    Removing stm32l0xx_hal_dac.o(i.HAL_DAC_GetValue), (4 bytes).
    Removing stm32l0xx_hal_dac.o(i.HAL_DAC_IRQHandler), (2 bytes).
    Removing stm32l0xx_hal_dac.o(i.HAL_DAC_MspDeInit), (2 bytes).
    Removing stm32l0xx_hal_dac.o(i.HAL_DAC_MspInit), (2 bytes).
    Removing stm32l0xx_hal_dac.o(i.HAL_DAC_SetValue), (4 bytes).
    Removing stm32l0xx_hal_dac.o(i.HAL_DAC_Start), (4 bytes).
    Removing stm32l0xx_hal_dac.o(i.HAL_DAC_Start_DMA), (4 bytes).
    Removing stm32l0xx_hal_dac.o(i.HAL_DAC_Stop), (22 bytes).
    Removing stm32l0xx_hal_dac.o(i.HAL_DAC_Stop_DMA), (4 bytes).
    Removing stm32l0xx_hal_dac_ex.o(.rev16_text), (4 bytes).
    Removing stm32l0xx_hal_dac_ex.o(.revsh_text), (4 bytes).
    Removing stm32l0xx_hal_dac_ex.o(i.DAC_DMAConvCpltCh1), (16 bytes).
    Removing stm32l0xx_hal_dac_ex.o(i.DAC_DMAErrorCh1), (24 bytes).
    Removing stm32l0xx_hal_dac_ex.o(i.DAC_DMAHalfConvCpltCh1), (10 bytes).
    Removing stm32l0xx_hal_dac_ex.o(i.HAL_DACEx_NoiseWaveGenerate), (52 bytes).
    Removing stm32l0xx_hal_dac_ex.o(i.HAL_DACEx_TriangleWaveGenerate), (52 bytes).
    Removing stm32l0xx_hal_dac_ex.o(i.HAL_DAC_GetValue), (6 bytes).
    Removing stm32l0xx_hal_dac_ex.o(i.HAL_DAC_IRQHandler), (42 bytes).
    Removing stm32l0xx_hal_dac_ex.o(i.HAL_DAC_Start_DMA), (140 bytes).
    Removing stm32l0xx_hal_dac_ex.o(i.HAL_DAC_Stop_DMA), (52 bytes).
    Removing stm32l0xx_hal_rcc_ex.o(.rev16_text), (4 bytes).
    Removing stm32l0xx_hal_rcc_ex.o(.revsh_text), (4 bytes).
    Removing stm32l0xx_hal_rcc_ex.o(i.HAL_RCCEx_CRSConfig), (124 bytes).
    Removing stm32l0xx_hal_rcc_ex.o(i.HAL_RCCEx_CRSGetSynchronizationInfo), (40 bytes).
    Removing stm32l0xx_hal_rcc_ex.o(i.HAL_RCCEx_CRSSoftwareSynchronizationGenerate), (16 bytes).
    Removing stm32l0xx_hal_rcc_ex.o(i.HAL_RCCEx_CRSWaitSynchronization), (136 bytes).
    Removing stm32l0xx_hal_rcc_ex.o(i.HAL_RCCEx_DisableHSI48_VREFINT), (20 bytes).
    Removing stm32l0xx_hal_rcc_ex.o(i.HAL_RCCEx_DisableLSECSS), (32 bytes).
    Removing stm32l0xx_hal_rcc_ex.o(i.HAL_RCCEx_EnableHSI48_VREFINT), (20 bytes).
    Removing stm32l0xx_hal_rcc_ex.o(i.HAL_RCCEx_EnableLSECSS), (20 bytes).
    Removing stm32l0xx_hal_rcc_ex.o(i.HAL_RCCEx_EnableLSECSS_IT), (52 bytes).
    Removing stm32l0xx_hal_rcc_ex.o(i.HAL_RCCEx_GetPeriphCLKConfig), (76 bytes).
    Removing stm32l0xx_hal_rcc_ex.o(i.HAL_RCCEx_GetPeriphCLKFreq), (416 bytes).
    Removing stm32l0xx_hal_rcc_ex.o(i.HAL_RCCEx_LSECSS_Callback), (2 bytes).
    Removing stm32l0xx_hal_rcc_ex.o(i.HAL_RCCEx_LSECSS_IRQHandler), (24 bytes).
    Removing stm32l0xx_hal_rcc_ex.o(i.HAL_RCC_DeInit), (56 bytes).
    Removing stm32l0xx_hal_tim.o(.rev16_text), (4 bytes).
    Removing stm32l0xx_hal_tim.o(.revsh_text), (4 bytes).
    Removing stm32l0xx_hal_dma.o(.rev16_text), (4 bytes).
    Removing stm32l0xx_hal_dma.o(.revsh_text), (4 bytes).
    Removing stm32l0xx_hal_dma.o(i.DMA_SetConfig), (30 bytes).
    Removing stm32l0xx_hal_dma.o(i.HAL_DMA_Abort), (76 bytes).
    Removing stm32l0xx_hal_dma.o(i.HAL_DMA_DeInit), (468 bytes).
    Removing stm32l0xx_hal_dma.o(i.HAL_DMA_GetError), (4 bytes).
    Removing stm32l0xx_hal_dma.o(i.HAL_DMA_GetState), (6 bytes).
    Removing stm32l0xx_hal_dma.o(i.HAL_DMA_IRQHandler), (640 bytes).
    Removing stm32l0xx_hal_dma.o(i.HAL_DMA_Init), (264 bytes).
    Removing stm32l0xx_hal_dma.o(i.HAL_DMA_PollForTransfer), (616 bytes).
    Removing stm32l0xx_hal_dma.o(i.HAL_DMA_Start), (50 bytes).
    Removing stm32l0xx_hal_dma.o(i.HAL_DMA_Start_IT), (78 bytes).
    Removing stm32l0xx_hal_rcc.o(.rev16_text), (4 bytes).
    Removing stm32l0xx_hal_rcc.o(.revsh_text), (4 bytes).
    Removing stm32l0xx_hal_rcc.o(i.HAL_RCC_CSSCallback), (2 bytes).
    Removing stm32l0xx_hal_rcc.o(i.HAL_RCC_DeInit), (2 bytes).
    Removing stm32l0xx_hal_rcc.o(i.HAL_RCC_EnableCSS), (20 bytes).
    Removing stm32l0xx_hal_rcc.o(i.HAL_RCC_GetClockConfig), (64 bytes).
    Removing stm32l0xx_hal_rcc.o(i.HAL_RCC_GetOscConfig), (192 bytes).
    Removing stm32l0xx_hal_rcc.o(i.HAL_RCC_MCOConfig), (112 bytes).
    Removing stm32l0xx_hal_rcc.o(i.HAL_RCC_NMI_IRQHandler), (24 bytes).
    Removing stm32l0xx_hal_tim_ex.o(.rev16_text), (4 bytes).
    Removing stm32l0xx_hal_tim_ex.o(.revsh_text), (4 bytes).
    Removing stm32l0xx_hal_flash.o(.rev16_text), (4 bytes).
    Removing stm32l0xx_hal_flash.o(.revsh_text), (4 bytes).
    Removing stm32l0xx_hal_flash.o(i.FLASH_ErasePage), (40 bytes).
    Removing stm32l0xx_hal_flash.o(i.FLASH_SetErrorCode), (120 bytes).
    Removing stm32l0xx_hal_flash.o(i.FLASH_WaitForLastOperation), (128 bytes).
    Removing stm32l0xx_hal_flash.o(i.HAL_FLASH_EndOfOperationCallback), (2 bytes).
    Removing stm32l0xx_hal_flash.o(i.HAL_FLASH_GetError), (12 bytes).
    Removing stm32l0xx_hal_flash.o(i.HAL_FLASH_IRQHandler), (204 bytes).
    Removing stm32l0xx_hal_flash.o(i.HAL_FLASH_Lock), (20 bytes).
    Removing stm32l0xx_hal_flash.o(i.HAL_FLASH_OB_Launch), (40 bytes).
    Removing stm32l0xx_hal_flash.o(i.HAL_FLASH_OB_Lock), (20 bytes).
    Removing stm32l0xx_hal_flash.o(i.HAL_FLASH_OB_Unlock), (60 bytes).
    Removing stm32l0xx_hal_flash.o(i.HAL_FLASH_OperationErrorCallback), (2 bytes).
    Removing stm32l0xx_hal_flash.o(i.HAL_FLASH_Program), (60 bytes).
    Removing stm32l0xx_hal_flash.o(i.HAL_FLASH_Program_IT), (88 bytes).
    Removing stm32l0xx_hal_flash.o(i.HAL_FLASH_Unlock), (60 bytes).
    Removing stm32l0xx_hal_flash.o(.bss), (24 bytes).
    Removing stm32l0xx_hal_flash_ramfunc.o(.rev16_text), (4 bytes).
    Removing stm32l0xx_hal_flash_ramfunc.o(.revsh_text), (4 bytes).
    Removing stm32l0xx_hal_flash_ramfunc.o(i.FLASHRAM_SetErrorCode), (124 bytes).
    Removing stm32l0xx_hal_flash_ramfunc.o(i.FLASHRAM_WaitForLastOperation), (100 bytes).
    Removing stm32l0xx_hal_flash_ramfunc.o(i.HAL_FLASHEx_DisableRunPowerDown), (36 bytes).
    Removing stm32l0xx_hal_flash_ramfunc.o(i.HAL_FLASHEx_EnableRunPowerDown), (36 bytes).
    Removing stm32l0xx_hal_flash_ramfunc.o(i.HAL_FLASHEx_HalfPageProgram), (84 bytes).
    Removing stm32l0xx_hal_flash_ramfunc.o(i.HAL_FLASHRAM_GetError), (16 bytes).
    Removing stm32l0xx_hal_i2c_ex.o(.rev16_text), (4 bytes).
    Removing stm32l0xx_hal_i2c_ex.o(.revsh_text), (4 bytes).
    Removing stm32l0xx_hal_i2c_ex.o(i.HAL_I2CEx_ConfigDigitalFilter), (94 bytes).
    Removing stm32l0xx_hal_i2c_ex.o(i.HAL_I2CEx_DisableFastModePlus), (28 bytes).
    Removing stm32l0xx_hal_i2c_ex.o(i.HAL_I2CEx_DisableWakeUp), (88 bytes).
    Removing stm32l0xx_hal_i2c_ex.o(i.HAL_I2CEx_EnableFastModePlus), (28 bytes).
    Removing stm32l0xx_hal_i2c_ex.o(i.HAL_I2CEx_EnableWakeUp), (88 bytes).
    Removing stm32l0xx_hal_i2c.o(.rev16_text), (4 bytes).
    Removing stm32l0xx_hal_i2c.o(.revsh_text), (4 bytes).
    Removing stm32l0xx_hal_i2c.o(i.HAL_I2C_DeInit), (48 bytes).
    Removing stm32l0xx_hal_i2c.o(i.HAL_I2C_ER_IRQHandler), (110 bytes).
    Removing stm32l0xx_hal_i2c.o(i.HAL_I2C_EV_IRQHandler), (290 bytes).
    Removing stm32l0xx_hal_i2c.o(i.HAL_I2C_ErrorCallback), (2 bytes).
    Removing stm32l0xx_hal_i2c.o(i.HAL_I2C_GetError), (4 bytes).
    Removing stm32l0xx_hal_i2c.o(i.HAL_I2C_GetState), (6 bytes).
    Removing stm32l0xx_hal_i2c.o(i.HAL_I2C_IsDeviceReady), (284 bytes).
    Removing stm32l0xx_hal_i2c.o(i.HAL_I2C_MasterRxCpltCallback), (2 bytes).
    Removing stm32l0xx_hal_i2c.o(i.HAL_I2C_MasterTxCpltCallback), (2 bytes).
    Removing stm32l0xx_hal_i2c.o(i.HAL_I2C_Master_Receive), (236 bytes).
    Removing stm32l0xx_hal_i2c.o(i.HAL_I2C_Master_Receive_DMA), (196 bytes).
    Removing stm32l0xx_hal_i2c.o(i.HAL_I2C_Master_Receive_IT), (132 bytes).
    Removing stm32l0xx_hal_i2c.o(i.HAL_I2C_Master_Transmit), (236 bytes).
    Removing stm32l0xx_hal_i2c.o(i.HAL_I2C_Master_Transmit_DMA), (212 bytes).
    Removing stm32l0xx_hal_i2c.o(i.HAL_I2C_Master_Transmit_IT), (132 bytes).
    Removing stm32l0xx_hal_i2c.o(i.HAL_I2C_MemRxCpltCallback), (2 bytes).
    Removing stm32l0xx_hal_i2c.o(i.HAL_I2C_MemTxCpltCallback), (2 bytes).
    Removing stm32l0xx_hal_i2c.o(i.HAL_I2C_Mem_Read), (276 bytes).
    Removing stm32l0xx_hal_i2c.o(i.HAL_I2C_Mem_Read_DMA), (220 bytes).
    Removing stm32l0xx_hal_i2c.o(i.HAL_I2C_Mem_Read_IT), (160 bytes).
    Removing stm32l0xx_hal_i2c.o(i.HAL_I2C_Mem_Write), (264 bytes).
    Removing stm32l0xx_hal_i2c.o(i.HAL_I2C_Mem_Write_DMA), (220 bytes).
    Removing stm32l0xx_hal_i2c.o(i.HAL_I2C_Mem_Write_IT), (158 bytes).
    Removing stm32l0xx_hal_i2c.o(i.HAL_I2C_MspDeInit), (2 bytes).
    Removing stm32l0xx_hal_i2c.o(i.HAL_I2C_MspInit), (2 bytes).
    Removing stm32l0xx_hal_i2c.o(i.HAL_I2C_SlaveRxCpltCallback), (2 bytes).
    Removing stm32l0xx_hal_i2c.o(i.HAL_I2C_SlaveTxCpltCallback), (2 bytes).
    Removing stm32l0xx_hal_i2c.o(i.HAL_I2C_Slave_Receive), (262 bytes).
    Removing stm32l0xx_hal_i2c.o(i.HAL_I2C_Slave_Receive_DMA), (172 bytes).
    Removing stm32l0xx_hal_i2c.o(i.HAL_I2C_Slave_Receive_IT), (80 bytes).
    Removing stm32l0xx_hal_i2c.o(i.HAL_I2C_Slave_Transmit), (270 bytes).
    Removing stm32l0xx_hal_i2c.o(i.HAL_I2C_Slave_Transmit_DMA), (204 bytes).
    Removing stm32l0xx_hal_i2c.o(i.HAL_I2C_Slave_Transmit_IT), (80 bytes).
    Removing stm32l0xx_hal_i2c.o(i.I2C_DMAError), (40 bytes).
    Removing stm32l0xx_hal_i2c.o(i.I2C_DMAMasterReceiveCplt), (336 bytes).
    Removing stm32l0xx_hal_i2c.o(i.I2C_DMAMasterTransmitCplt), (320 bytes).
    Removing stm32l0xx_hal_i2c.o(i.I2C_DMAMemReceiveCplt), (336 bytes).
    Removing stm32l0xx_hal_i2c.o(i.I2C_DMAMemTransmitCplt), (320 bytes).
    Removing stm32l0xx_hal_i2c.o(i.I2C_DMASlaveReceiveCplt), (110 bytes).
    Removing stm32l0xx_hal_i2c.o(i.I2C_DMASlaveTransmitCplt), (102 bytes).
    Removing stm32l0xx_hal_i2c.o(i.I2C_IsAcknowledgeFailed), (160 bytes).
    Removing stm32l0xx_hal_i2c.o(i.I2C_MasterReceive_ISR), (292 bytes).
    Removing stm32l0xx_hal_i2c.o(i.I2C_MasterTransmit_ISR), (304 bytes).
    Removing stm32l0xx_hal_i2c.o(i.I2C_RequestMemoryRead), (100 bytes).
    Removing stm32l0xx_hal_i2c.o(i.I2C_RequestMemoryWrite), (100 bytes).
    Removing stm32l0xx_hal_i2c.o(i.I2C_SlaveReceive_ISR), (148 bytes).
    Removing stm32l0xx_hal_i2c.o(i.I2C_SlaveTransmit_ISR), (158 bytes).
    Removing stm32l0xx_hal_i2c.o(i.I2C_TransferConfig), (36 bytes).
    Removing stm32l0xx_hal_i2c.o(i.I2C_WaitOnFlagUntilTimeout), (112 bytes).
    Removing stm32l0xx_hal_i2c.o(i.I2C_WaitOnRXNEFlagUntilTimeout), (128 bytes).
    Removing stm32l0xx_hal_i2c.o(i.I2C_WaitOnSTOPFlagUntilTimeout), (80 bytes).
    Removing stm32l0xx_hal_i2c.o(i.I2C_WaitOnTXISFlagUntilTimeout), (84 bytes).
    Removing stm32l0xx_hal_iwdg.o(.rev16_text), (4 bytes).
    Removing stm32l0xx_hal_iwdg.o(.revsh_text), (4 bytes).
    Removing stm32l0xx_hal_iwdg.o(i.HAL_IWDG_GetState), (4 bytes).
    Removing stm32l0xx_hal_iwdg.o(i.HAL_IWDG_Refresh), (84 bytes).
    Removing stm32l0xx_hal_iwdg.o(i.HAL_IWDG_Start), (100 bytes).
    Removing stm32l0xx_hal_adc_ex.o(.rev16_text), (4 bytes).
    Removing stm32l0xx_hal_adc_ex.o(.revsh_text), (4 bytes).
    Removing stm32l0xx_hal_adc_ex.o(i.HAL_ADCEx_Calibration_GetValue), (12 bytes).
    Removing stm32l0xx_hal_adc_ex.o(i.HAL_ADCEx_Calibration_SetValue), (94 bytes).
    Removing stm32l0xx_hal_adc_ex.o(i.HAL_ADCEx_DisableVREFINT), (20 bytes).
    Removing stm32l0xx_hal_adc_ex.o(i.HAL_ADCEx_DisableVREFINTTempSensor), (20 bytes).
    Removing stm32l0xx_hal_adc_ex.o(i.HAL_ADCEx_EnableVREFINT), (52 bytes).
    Removing stm32l0xx_hal_adc_ex.o(i.HAL_ADCEx_EnableVREFINTTempSensor), (52 bytes).
    Removing stm32l0xx_hal_gpio.o(.rev16_text), (4 bytes).
    Removing stm32l0xx_hal_gpio.o(.revsh_text), (4 bytes).
    Removing stm32l0xx_hal_gpio.o(i.HAL_GPIO_DeInit), (228 bytes).
    Removing stm32l0xx_hal_gpio.o(i.HAL_GPIO_EXTI_Callback), (2 bytes).
    Removing stm32l0xx_hal_gpio.o(i.HAL_GPIO_EXTI_IRQHandler), (24 bytes).
    Removing stm32l0xx_hal_gpio.o(i.HAL_GPIO_LockPin), (36 bytes).
    Removing stm32l0xx_hal_gpio.o(i.HAL_GPIO_ReadPin), (10 bytes).
    Removing stm32l0xx_hal_gpio.o(i.HAL_GPIO_TogglePin), (8 bytes).
    Removing stm32l0xx_hal_uart.o(.rev16_text), (4 bytes).
    Removing stm32l0xx_hal_uart.o(.revsh_text), (4 bytes).
    Removing stm32l0xx_hal_uart.o(i.HAL_HalfDuplex_EnableReceiver), (52 bytes).
    Removing stm32l0xx_hal_uart.o(i.HAL_HalfDuplex_EnableTransmitter), (52 bytes).
    Removing stm32l0xx_hal_uart.o(i.HAL_HalfDuplex_Init), (104 bytes).
    Removing stm32l0xx_hal_uart.o(i.HAL_LIN_Init), (134 bytes).
    Removing stm32l0xx_hal_uart.o(i.HAL_LIN_SendBreak), (40 bytes).
    Removing stm32l0xx_hal_uart.o(i.HAL_MultiProcessor_DisableMuteMode), (42 bytes).
    Removing stm32l0xx_hal_uart.o(i.HAL_MultiProcessor_EnableMuteMode), (42 bytes).
    Removing stm32l0xx_hal_uart.o(i.HAL_MultiProcessor_EnterMuteMode), (12 bytes).
    Removing stm32l0xx_hal_uart.o(i.HAL_MultiProcessor_Init), (138 bytes).
    Removing stm32l0xx_hal_uart.o(i.HAL_UART_DMAPause), (78 bytes).
    Removing stm32l0xx_hal_uart.o(i.HAL_UART_DMAResume), (88 bytes).
    Removing stm32l0xx_hal_uart.o(i.HAL_UART_DMAStop), (54 bytes).
    Removing stm32l0xx_hal_uart.o(i.HAL_UART_DeInit), (60 bytes).
    Removing stm32l0xx_hal_uart.o(i.HAL_UART_ErrorCallback), (2 bytes).
    Removing stm32l0xx_hal_uart.o(i.HAL_UART_GetError), (4 bytes).
    Removing stm32l0xx_hal_uart.o(i.HAL_UART_GetState), (6 bytes).
    Removing stm32l0xx_hal_uart.o(i.HAL_UART_IRQHandler), (240 bytes).
    Removing stm32l0xx_hal_uart.o(i.HAL_UART_MspDeInit), (2 bytes).
    Removing stm32l0xx_hal_uart.o(i.HAL_UART_MspInit), (2 bytes).
    Removing stm32l0xx_hal_uart.o(i.HAL_UART_Receive), (244 bytes).
    Removing stm32l0xx_hal_uart.o(i.HAL_UART_Receive_DMA), (132 bytes).
    Removing stm32l0xx_hal_uart.o(i.HAL_UART_Receive_IT), (172 bytes).
    Removing stm32l0xx_hal_uart.o(i.HAL_UART_RxCpltCallback), (2 bytes).
    Removing stm32l0xx_hal_uart.o(i.HAL_UART_RxHalfCpltCallback), (2 bytes).
    Removing stm32l0xx_hal_uart.o(i.HAL_UART_Transmit_DMA), (140 bytes).
    Removing stm32l0xx_hal_uart.o(i.HAL_UART_Transmit_IT), (100 bytes).
    Removing stm32l0xx_hal_uart.o(i.HAL_UART_TxCpltCallback), (2 bytes).
    Removing stm32l0xx_hal_uart.o(i.HAL_UART_TxHalfCpltCallback), (2 bytes).
    Removing stm32l0xx_hal_uart.o(i.UART_DMAError), (34 bytes).
    Removing stm32l0xx_hal_uart.o(i.UART_DMAReceiveCplt), (54 bytes).
    Removing stm32l0xx_hal_uart.o(i.UART_DMARxHalfCplt), (10 bytes).
    Removing stm32l0xx_hal_uart.o(i.UART_DMATransmitCplt), (48 bytes).
    Removing stm32l0xx_hal_uart.o(i.UART_DMATxHalfCplt), (10 bytes).
    Removing stm32l0xx_hal_uart.o(i.UART_Receive_IT), (148 bytes).
    Removing stm32l0xx_hal_uart.o(i.UART_Transmit_IT), (110 bytes).
    Removing stm32l0xx_hal_uart_ex.o(.rev16_text), (4 bytes).
    Removing stm32l0xx_hal_uart_ex.o(.revsh_text), (4 bytes).
    Removing stm32l0xx_hal_uart_ex.o(i.HAL_MultiProcessorEx_AddressLength_Set), (54 bytes).
    Removing stm32l0xx_hal_uart_ex.o(i.HAL_RS485Ex_Init), (136 bytes).
    Removing stm32l0xx_hal_uart_ex.o(i.HAL_UARTEx_DisableClockStopMode), (42 bytes).
    Removing stm32l0xx_hal_uart_ex.o(i.HAL_UARTEx_DisableStopMode), (40 bytes).
    Removing stm32l0xx_hal_uart_ex.o(i.HAL_UARTEx_EnableClockStopMode), (42 bytes).
    Removing stm32l0xx_hal_uart_ex.o(i.HAL_UARTEx_EnableStopMode), (40 bytes).
    Removing stm32l0xx_hal_uart_ex.o(i.HAL_UARTEx_StopModeWakeUpSourceConfig), (134 bytes).
    Removing stm32l0xx_hal_uart_ex.o(i.HAL_UARTEx_WakeupCallback), (2 bytes).
    Removing stm32l0xx_hal_usart.o(.rev16_text), (4 bytes).
    Removing stm32l0xx_hal_usart.o(.revsh_text), (4 bytes).
    Removing system_stm32l0xx.o(.rev16_text), (4 bytes).
    Removing system_stm32l0xx.o(.revsh_text), (4 bytes).
    Removing system_stm32l0xx.o(i.SystemCoreClockUpdate), (136 bytes).
    Removing startup_stm32l053xx.o(HEAP), (512 bytes).

358 unused section(s) (total 21828 bytes) removed from the image.

==============================================================================

Image Symbol Table

    Local Symbols

    Symbol Name                              Value     Ov Type        Size  Object(Section)

    ../Drivers/CMSIS/Device/ST/STM32L0xx/Source/Templates/system_stm32l0xx.c 0x00000000   Number         0  system_stm32l0xx.o ABSOLUTE
    ../Drivers/STM32L0xx_HAL_Driver/Src/stm32l0xx_hal.c 0x00000000   Number         0  stm32l0xx_hal.o ABSOLUTE
    ../Drivers/STM32L0xx_HAL_Driver/Src/stm32l0xx_hal_adc.c 0x00000000   Number         0  stm32l0xx_hal_adc.o ABSOLUTE
    ../Drivers/STM32L0xx_HAL_Driver/Src/stm32l0xx_hal_adc_ex.c 0x00000000   Number         0  stm32l0xx_hal_adc_ex.o ABSOLUTE
    ../Drivers/STM32L0xx_HAL_Driver/Src/stm32l0xx_hal_cortex.c 0x00000000   Number         0  stm32l0xx_hal_cortex.o ABSOLUTE
    ../Drivers/STM32L0xx_HAL_Driver/Src/stm32l0xx_hal_dac.c 0x00000000   Number         0  stm32l0xx_hal_dac.o ABSOLUTE
    ../Drivers/STM32L0xx_HAL_Driver/Src/stm32l0xx_hal_dac_ex.c 0x00000000   Number         0  stm32l0xx_hal_dac_ex.o ABSOLUTE
    ../Drivers/STM32L0xx_HAL_Driver/Src/stm32l0xx_hal_dma.c 0x00000000   Number         0  stm32l0xx_hal_dma.o ABSOLUTE
    ../Drivers/STM32L0xx_HAL_Driver/Src/stm32l0xx_hal_flash.c 0x00000000   Number         0  stm32l0xx_hal_flash.o ABSOLUTE
    ../Drivers/STM32L0xx_HAL_Driver/Src/stm32l0xx_hal_flash_ex.c 0x00000000   Number         0  stm32l0xx_hal_flash_ex.o ABSOLUTE
    ../Drivers/STM32L0xx_HAL_Driver/Src/stm32l0xx_hal_flash_ramfunc.c 0x00000000   Number         0  stm32l0xx_hal_flash_ramfunc.o ABSOLUTE
    ../Drivers/STM32L0xx_HAL_Driver/Src/stm32l0xx_hal_gpio.c 0x00000000   Number         0  stm32l0xx_hal_gpio.o ABSOLUTE
    ../Drivers/STM32L0xx_HAL_Driver/Src/stm32l0xx_hal_i2c.c 0x00000000   Number         0  stm32l0xx_hal_i2c.o ABSOLUTE
    ../Drivers/STM32L0xx_HAL_Driver/Src/stm32l0xx_hal_i2c_ex.c 0x00000000   Number         0  stm32l0xx_hal_i2c_ex.o ABSOLUTE
    ../Drivers/STM32L0xx_HAL_Driver/Src/stm32l0xx_hal_iwdg.c 0x00000000   Number         0  stm32l0xx_hal_iwdg.o ABSOLUTE
    ../Drivers/STM32L0xx_HAL_Driver/Src/stm32l0xx_hal_pwr.c 0x00000000   Number         0  stm32l0xx_hal_pwr.o ABSOLUTE
    ../Drivers/STM32L0xx_HAL_Driver/Src/stm32l0xx_hal_pwr_ex.c 0x00000000   Number         0  stm32l0xx_hal_pwr_ex.o ABSOLUTE
    ../Drivers/STM32L0xx_HAL_Driver/Src/stm32l0xx_hal_rcc.c 0x00000000   Number         0  stm32l0xx_hal_rcc.o ABSOLUTE
    ../Drivers/STM32L0xx_HAL_Driver/Src/stm32l0xx_hal_rcc_ex.c 0x00000000   Number         0  stm32l0xx_hal_rcc_ex.o ABSOLUTE
    ../Drivers/STM32L0xx_HAL_Driver/Src/stm32l0xx_hal_tim.c 0x00000000   Number         0  stm32l0xx_hal_tim.o ABSOLUTE
    ../Drivers/STM32L0xx_HAL_Driver/Src/stm32l0xx_hal_tim_ex.c 0x00000000   Number         0  stm32l0xx_hal_tim_ex.o ABSOLUTE
    ../Src/adc.c                             0x00000000   Number         0  adc.o ABSOLUTE
    ../Src/dac.c                             0x00000000   Number         0  dac.o ABSOLUTE
    ../Src/gpio.c                            0x00000000   Number         0  gpio.o ABSOLUTE
    ../Src/i2c.c                             0x00000000   Number         0  i2c.o ABSOLUTE
    ../Src/iwdg.c                            0x00000000   Number         0  iwdg.o ABSOLUTE
    ../Src/main.c                            0x00000000   Number         0  main.o ABSOLUTE
    ../Src/stm32l0xx_hal_msp.c               0x00000000   Number         0  stm32l0xx_hal_msp.o ABSOLUTE
    ../Src/stm32l0xx_it.c                    0x00000000   Number         0  stm32l0xx_it.o ABSOLUTE
    ../clib/microlib/division.c              0x00000000   Number         0  uidiv.o ABSOLUTE
    ../clib/microlib/init/entry.s            0x00000000   Number         0  entry10b.o ABSOLUTE
    ../clib/microlib/init/entry.s            0x00000000   Number         0  entry10a.o ABSOLUTE
    ../clib/microlib/init/entry.s            0x00000000   Number         0  entry9b.o ABSOLUTE
    ../clib/microlib/init/entry.s            0x00000000   Number         0  entry5.o ABSOLUTE
    ../clib/microlib/init/entry.s            0x00000000   Number         0  entry2.o ABSOLUTE
    ../clib/microlib/init/entry.s            0x00000000   Number         0  entry8b.o ABSOLUTE
    ../clib/microlib/init/entry.s            0x00000000   Number         0  entry7a.o ABSOLUTE
    ../clib/microlib/init/entry.s            0x00000000   Number         0  entry7b.o ABSOLUTE
    ../clib/microlib/init/entry.s            0x00000000   Number         0  entry8a.o ABSOLUTE
    ../clib/microlib/init/entry.s            0x00000000   Number         0  entry.o ABSOLUTE
    ../clib/microlib/init/entry.s            0x00000000   Number         0  entry9a.o ABSOLUTE
    ../clib/microlib/init/entry.s            0x00000000   Number         0  entry11a.o ABSOLUTE
    ../clib/microlib/init/entry.s            0x00000000   Number         0  entry11b.o ABSOLUTE
    ../clib/microlib/longlong.c              0x00000000   Number         0  llshl.o ABSOLUTE
    ../clib/microlib/longlong.c              0x00000000   Number         0  llushr.o ABSOLUTE
    ../clib/microlib/string/memset.c         0x00000000   Number         0  memseta.o ABSOLUTE
    ../clib/microlib/stubs.s                 0x00000000   Number         0  iusefp.o ABSOLUTE
    ../fplib/microlib/fpdiv.c                0x00000000   Number         0  ddiv.o ABSOLUTE
    ../fplib/microlib/fpepilogue.c           0x00000000   Number         0  depilogue.o ABSOLUTE
    ../fplib/microlib/fpfix.c                0x00000000   Number         0  dfixui.o ABSOLUTE
    ../fplib/microlib/fpflt.c                0x00000000   Number         0  dfltui.o ABSOLUTE
    ../fplib/microlib/fpscalb.c              0x00000000   Number         0  dscalb.o ABSOLUTE
    ..\Drivers\CMSIS\Device\ST\STM32L0xx\Source\Templates\system_stm32l0xx.c 0x00000000   Number         0  system_stm32l0xx.o ABSOLUTE
    ..\Drivers\STM32L0xx_HAL_Driver\Src\stm32l0xx_hal.c 0x00000000   Number         0  stm32l0xx_hal.o ABSOLUTE
    ..\Drivers\STM32L0xx_HAL_Driver\Src\stm32l0xx_hal_adc.c 0x00000000   Number         0  stm32l0xx_hal_adc.o ABSOLUTE
    ..\Drivers\STM32L0xx_HAL_Driver\Src\stm32l0xx_hal_adc_ex.c 0x00000000   Number         0  stm32l0xx_hal_adc_ex.o ABSOLUTE
    ..\Drivers\STM32L0xx_HAL_Driver\Src\stm32l0xx_hal_cortex.c 0x00000000   Number         0  stm32l0xx_hal_cortex.o ABSOLUTE
    ..\Drivers\STM32L0xx_HAL_Driver\Src\stm32l0xx_hal_dac.c 0x00000000   Number         0  stm32l0xx_hal_dac.o ABSOLUTE
    ..\Drivers\STM32L0xx_HAL_Driver\Src\stm32l0xx_hal_dac_ex.c 0x00000000   Number         0  stm32l0xx_hal_dac_ex.o ABSOLUTE
    ..\Drivers\STM32L0xx_HAL_Driver\Src\stm32l0xx_hal_dma.c 0x00000000   Number         0  stm32l0xx_hal_dma.o ABSOLUTE
    ..\Drivers\STM32L0xx_HAL_Driver\Src\stm32l0xx_hal_flash.c 0x00000000   Number         0  stm32l0xx_hal_flash.o ABSOLUTE
    ..\Drivers\STM32L0xx_HAL_Driver\Src\stm32l0xx_hal_flash_ex.c 0x00000000   Number         0  stm32l0xx_hal_flash_ex.o ABSOLUTE
    ..\Drivers\STM32L0xx_HAL_Driver\Src\stm32l0xx_hal_flash_ramfunc.c 0x00000000   Number         0  stm32l0xx_hal_flash_ramfunc.o ABSOLUTE
    ..\Drivers\STM32L0xx_HAL_Driver\Src\stm32l0xx_hal_gpio.c 0x00000000   Number         0  stm32l0xx_hal_gpio.o ABSOLUTE
    ..\Drivers\STM32L0xx_HAL_Driver\Src\stm32l0xx_hal_i2c.c 0x00000000   Number         0  stm32l0xx_hal_i2c.o ABSOLUTE
    ..\Drivers\STM32L0xx_HAL_Driver\Src\stm32l0xx_hal_i2c_ex.c 0x00000000   Number         0  stm32l0xx_hal_i2c_ex.o ABSOLUTE
    ..\Drivers\STM32L0xx_HAL_Driver\Src\stm32l0xx_hal_iwdg.c 0x00000000   Number         0  stm32l0xx_hal_iwdg.o ABSOLUTE
    ..\Drivers\STM32L0xx_HAL_Driver\Src\stm32l0xx_hal_pwr.c 0x00000000   Number         0  stm32l0xx_hal_pwr.o ABSOLUTE
    ..\Drivers\STM32L0xx_HAL_Driver\Src\stm32l0xx_hal_pwr_ex.c 0x00000000   Number         0  stm32l0xx_hal_pwr_ex.o ABSOLUTE
    ..\Drivers\STM32L0xx_HAL_Driver\Src\stm32l0xx_hal_rcc.c 0x00000000   Number         0  stm32l0xx_hal_rcc.o ABSOLUTE
    ..\Drivers\STM32L0xx_HAL_Driver\Src\stm32l0xx_hal_rcc_ex.c 0x00000000   Number         0  stm32l0xx_hal_rcc_ex.o ABSOLUTE
    ..\Drivers\STM32L0xx_HAL_Driver\Src\stm32l0xx_hal_tim.c 0x00000000   Number         0  stm32l0xx_hal_tim.o ABSOLUTE
    ..\Drivers\STM32L0xx_HAL_Driver\Src\stm32l0xx_hal_tim_ex.c 0x00000000   Number         0  stm32l0xx_hal_tim_ex.o ABSOLUTE
    ..\Drivers\STM32L0xx_HAL_Driver\Src\stm32l0xx_hal_uart.c 0x00000000   Number         0  stm32l0xx_hal_uart.o ABSOLUTE
    ..\Drivers\STM32L0xx_HAL_Driver\Src\stm32l0xx_hal_uart_ex.c 0x00000000   Number         0  stm32l0xx_hal_uart_ex.o ABSOLUTE
    ..\Drivers\STM32L0xx_HAL_Driver\Src\stm32l0xx_hal_usart.c 0x00000000   Number         0  stm32l0xx_hal_usart.o ABSOLUTE
    ..\Src\adc.c                             0x00000000   Number         0  adc.o ABSOLUTE
    ..\Src\dac.c                             0x00000000   Number         0  dac.o ABSOLUTE
    ..\Src\gpio.c                            0x00000000   Number         0  gpio.o ABSOLUTE
    ..\Src\i2c.c                             0x00000000   Number         0  i2c.o ABSOLUTE
    ..\Src\iwdg.c                            0x00000000   Number         0  iwdg.o ABSOLUTE
    ..\Src\main.c                            0x00000000   Number         0  main.o ABSOLUTE
    ..\Src\stm32l0xx_hal_msp.c               0x00000000   Number         0  stm32l0xx_hal_msp.o ABSOLUTE
    ..\Src\stm32l0xx_it.c                    0x00000000   Number         0  stm32l0xx_it.o ABSOLUTE
    ..\Src\usart.c                           0x00000000   Number         0  usart.o ABSOLUTE
    ..\\Drivers\\STM32L0xx_HAL_Driver\\Src\\stm32l0xx_hal_uart.c 0x00000000   Number         0  stm32l0xx_hal_uart.o ABSOLUTE
    ..\\Drivers\\STM32L0xx_HAL_Driver\\Src\\stm32l0xx_hal_uart_ex.c 0x00000000   Number         0  stm32l0xx_hal_uart_ex.o ABSOLUTE
    ..\\Drivers\\STM32L0xx_HAL_Driver\\Src\\stm32l0xx_hal_usart.c 0x00000000   Number         0  stm32l0xx_hal_usart.o ABSOLUTE
    ..\\Src\\usart.c                         0x00000000   Number         0  usart.o ABSOLUTE
    dc.s                                     0x00000000   Number         0  dc.o ABSOLUTE
    handlers.s                               0x00000000   Number         0  handlers.o ABSOLUTE
    init.s                                   0x00000000   Number         0  init.o ABSOLUTE
    startup_stm32l053xx.s                    0x00000000   Number         0  startup_stm32l053xx.o ABSOLUTE
    RESET                                    0x08000000   Section      192  startup_stm32l053xx.o(RESET)
    .ARM.Collect$$$$00000000                 0x080000c0   Section        0  entry.o(.ARM.Collect$$$$00000000)
    .ARM.Collect$$$$00000001                 0x080000c0   Section        4  entry2.o(.ARM.Collect$$$$00000001)
    .ARM.Collect$$$$00000004                 0x080000c4   Section        4  entry5.o(.ARM.Collect$$$$00000004)
    .ARM.Collect$$$$00000008                 0x080000c8   Section        0  entry7b.o(.ARM.Collect$$$$00000008)
    .ARM.Collect$$$$0000000A                 0x080000c8   Section        0  entry8b.o(.ARM.Collect$$$$0000000A)
    .ARM.Collect$$$$0000000B                 0x080000c8   Section        8  entry9a.o(.ARM.Collect$$$$0000000B)
    .ARM.Collect$$$$0000000D                 0x080000d0   Section        0  entry10a.o(.ARM.Collect$$$$0000000D)
    .ARM.Collect$$$$0000000F                 0x080000d0   Section        0  entry11a.o(.ARM.Collect$$$$0000000F)
    .ARM.Collect$$$$00002712                 0x080000d0   Section        4  entry2.o(.ARM.Collect$$$$00002712)
    __lit__00000000                          0x080000d0   Data           4  entry2.o(.ARM.Collect$$$$00002712)
    .text                                    0x080000d4   Section       28  startup_stm32l053xx.o(.text)
    .text                                    0x080000f0   Section        0  uidiv.o(.text)
    .text                                    0x0800011c   Section        0  memseta.o(.text)
    .text                                    0x08000140   Section        0  ddiv.o(.text)
    .text                                    0x08000230   Section        0  dscalb.o(.text)
    .text                                    0x0800025c   Section        0  dfltui.o(.text)
    .text                                    0x08000278   Section        0  dfixui.o(.text)
    .text                                    0x080002b4   Section        0  llushr.o(.text)
    .text                                    0x080002d6   Section        0  iusefp.o(.text)
    .text                                    0x080002d6   Section        0  depilogue.o(.text)
    .text                                    0x08000394   Section       36  init.o(.text)
    .text                                    0x080003b8   Section        0  llshl.o(.text)
    i.ADC_DelayMicroSecond                   0x080003d8   Section        0  stm32l0xx_hal_adc.o(i.ADC_DelayMicroSecond)
    ADC_DelayMicroSecond                     0x080003d9   Thumb Code    28  stm32l0xx_hal_adc.o(i.ADC_DelayMicroSecond)
    i.ADC_Enable                             0x080003fc   Section        0  stm32l0xx_hal_adc.o(i.ADC_Enable)
    ADC_Enable                               0x080003fd   Thumb Code    96  stm32l0xx_hal_adc.o(i.ADC_Enable)
    i.HAL_ADCEx_Calibration_Start            0x08000460   Section        0  stm32l0xx_hal_adc_ex.o(i.HAL_ADCEx_Calibration_Start)
    i.HAL_ADC_ConfigChannel                  0x080004f0   Section        0  stm32l0xx_hal_adc.o(i.HAL_ADC_ConfigChannel)
    i.HAL_ADC_Init                           0x080005a8   Section        0  stm32l0xx_hal_adc.o(i.HAL_ADC_Init)
    i.HAL_ADC_MspInit                        0x0800076c   Section        0  adc.o(i.HAL_ADC_MspInit)
    i.HAL_ADC_Start                          0x080007b4   Section        0  stm32l0xx_hal_adc.o(i.HAL_ADC_Start)
    i.HAL_DAC_ConfigChannel                  0x08000810   Section        0  stm32l0xx_hal_dac.o(i.HAL_DAC_ConfigChannel)
    i.HAL_DAC_Init                           0x08000854   Section        0  stm32l0xx_hal_dac.o(i.HAL_DAC_Init)
    i.HAL_DAC_MspInit                        0x08000880   Section        0  dac.o(i.HAL_DAC_MspInit)
    i.HAL_DAC_SetValue                       0x080008b8   Section        0  stm32l0xx_hal_dac_ex.o(i.HAL_DAC_SetValue)
    i.HAL_DAC_Start                          0x080008c8   Section        0  stm32l0xx_hal_dac_ex.o(i.HAL_DAC_Start)
    i.HAL_Delay                              0x08000910   Section        0  stm32l0xx_hal.o(i.HAL_Delay)
    i.HAL_GPIO_Init                          0x08000928   Section        0  stm32l0xx_hal_gpio.o(i.HAL_GPIO_Init)
    i.HAL_GPIO_WritePin                      0x08000aa0   Section        0  stm32l0xx_hal_gpio.o(i.HAL_GPIO_WritePin)
    i.HAL_GetTick                            0x08000aac   Section        0  stm32l0xx_hal.o(i.HAL_GetTick)
    i.HAL_I2CEx_ConfigAnalogFilter           0x08000ab8   Section        0  stm32l0xx_hal_i2c_ex.o(i.HAL_I2CEx_ConfigAnalogFilter)
    i.HAL_I2C_Init                           0x08000b18   Section        0  stm32l0xx_hal_i2c.o(i.HAL_I2C_Init)
    i.HAL_I2C_MspInit                        0x08000bbc   Section        0  i2c.o(i.HAL_I2C_MspInit)
    i.HAL_IWDG_Init                          0x08000c00   Section        0  stm32l0xx_hal_iwdg.o(i.HAL_IWDG_Init)
    i.HAL_IWDG_MspInit                       0x08000c98   Section        0  stm32l0xx_hal_iwdg.o(i.HAL_IWDG_MspInit)
    i.HAL_IncTick                            0x08000c9c   Section        0  stm32l0xx_hal.o(i.HAL_IncTick)
    i.HAL_Init                               0x08000cac   Section        0  stm32l0xx_hal.o(i.HAL_Init)
    i.HAL_InitTick                           0x08000ccc   Section        0  stm32l0xx_hal.o(i.HAL_InitTick)
    i.HAL_MspInit                            0x08000cf0   Section        0  stm32l0xx_hal_msp.o(i.HAL_MspInit)
    i.HAL_NVIC_SetPriority                   0x08000d0c   Section        0  stm32l0xx_hal_cortex.o(i.HAL_NVIC_SetPriority)
    i.HAL_PWREx_EnableFastWakeUp             0x08000d14   Section        0  stm32l0xx_hal_pwr_ex.o(i.HAL_PWREx_EnableFastWakeUp)
    i.HAL_PWREx_EnableUltraLowPower          0x08000d24   Section        0  stm32l0xx_hal_pwr_ex.o(i.HAL_PWREx_EnableUltraLowPower)
    i.HAL_PWR_EnterSTOPMode                  0x08000d34   Section        0  stm32l0xx_hal_pwr.o(i.HAL_PWR_EnterSTOPMode)
    i.HAL_RCCEx_PeriphCLKConfig              0x08000d68   Section        0  stm32l0xx_hal_rcc_ex.o(i.HAL_RCCEx_PeriphCLKConfig)
    i.HAL_RCC_ClockConfig                    0x08000ee8   Section        0  stm32l0xx_hal_rcc.o(i.HAL_RCC_ClockConfig)
    i.HAL_RCC_GetHCLKFreq                    0x08001034   Section        0  stm32l0xx_hal_rcc.o(i.HAL_RCC_GetHCLKFreq)
    i.HAL_RCC_GetPCLK1Freq                   0x0800105c   Section        0  stm32l0xx_hal_rcc.o(i.HAL_RCC_GetPCLK1Freq)
    i.HAL_RCC_GetPCLK2Freq                   0x0800107c   Section        0  stm32l0xx_hal_rcc.o(i.HAL_RCC_GetPCLK2Freq)
    i.HAL_RCC_GetSysClockFreq                0x0800109c   Section        0  stm32l0xx_hal_rcc.o(i.HAL_RCC_GetSysClockFreq)
    i.HAL_RCC_OscConfig                      0x08001120   Section        0  stm32l0xx_hal_rcc.o(i.HAL_RCC_OscConfig)
    i.HAL_SYSTICK_CLKSourceConfig            0x08001548   Section        0  stm32l0xx_hal_cortex.o(i.HAL_SYSTICK_CLKSourceConfig)
    i.HAL_SYSTICK_Callback                   0x08001560   Section        0  stm32l0xx_hal_cortex.o(i.HAL_SYSTICK_Callback)
    i.HAL_SYSTICK_Config                     0x08001564   Section        0  stm32l0xx_hal_cortex.o(i.HAL_SYSTICK_Config)
    i.HAL_SYSTICK_IRQHandler                 0x08001594   Section        0  stm32l0xx_hal_cortex.o(i.HAL_SYSTICK_IRQHandler)
    i.HAL_UART_Init                          0x0800159c   Section        0  stm32l0xx_hal_uart.o(i.HAL_UART_Init)
    i.HAL_UART_MspInit                       0x08001604   Section        0  usart.o(i.HAL_UART_MspInit)
    i.HAL_UART_Transmit                      0x08001648   Section        0  stm32l0xx_hal_uart.o(i.HAL_UART_Transmit)
    i.MX_ADC_Init                            0x08001704   Section        0  adc.o(i.MX_ADC_Init)
    i.MX_DAC_Init                            0x080017f4   Section        0  dac.o(i.MX_DAC_Init)
    i.MX_GPIO_Init                           0x08001824   Section        0  gpio.o(i.MX_GPIO_Init)
    i.MX_I2C1_Init                           0x08001910   Section        0  i2c.o(i.MX_I2C1_Init)
    i.MX_IWDG_Init                           0x0800194c   Section        0  iwdg.o(i.MX_IWDG_Init)
    i.MX_USART1_UART_Init                    0x08001970   Section        0  usart.o(i.MX_USART1_UART_Init)
    i.NVIC_SetPriority                       0x080019a0   Section        0  stm32l0xx_hal_cortex.o(i.NVIC_SetPriority)
    NVIC_SetPriority                         0x080019a1   Thumb Code    60  stm32l0xx_hal_cortex.o(i.NVIC_SetPriority)
    i.SysTick_Handler                        0x080019e4   Section        0  stm32l0xx_it.o(i.SysTick_Handler)
    i.SystemClock_Config                     0x080019f0   Section        0  main.o(i.SystemClock_Config)
    i.SystemInit                             0x08001a80   Section        0  system_stm32l0xx.o(i.SystemInit)
    i.SystemPower_Config                     0x08001ad4   Section        0  main.o(i.SystemPower_Config)
    i.UART_AdvFeatureConfig                  0x08001ba8   Section        0  stm32l0xx_hal_uart.o(i.UART_AdvFeatureConfig)
    i.UART_CheckIdleState                    0x08001c74   Section        0  stm32l0xx_hal_uart.o(i.UART_CheckIdleState)
    i.UART_SetConfig                         0x08001cc8   Section        0  stm32l0xx_hal_uart.o(i.UART_SetConfig)
    i.UART_WaitOnFlagUntilTimeout            0x08001edc   Section        0  stm32l0xx_hal_uart.o(i.UART_WaitOnFlagUntilTimeout)
    i.__ARM_clz                              0x08001f8a   Section        0  depilogue.o(i.__ARM_clz)
    i.__ARM_common_switch8                   0x08001fb8   Section        0  stm32l0xx_hal_uart.o(i.__ARM_common_switch8)
    i.__scatterload_copy                     0x08001fd2   Section       14  handlers.o(i.__scatterload_copy)
    i.__scatterload_null                     0x08001fe0   Section        2  handlers.o(i.__scatterload_null)
    i.__scatterload_zeroinit                 0x08001fe2   Section       14  handlers.o(i.__scatterload_zeroinit)
    i.create_i2c_package                     0x08001ff0   Section        0  main.o(i.create_i2c_package)
    i.main                                   0x08002058   Section        0  main.o(i.main)
    i.normalRun                              0x080020a4   Section        0  main.o(i.normalRun)
    i.readRollingADC                         0x0800219c   Section        0  main.o(i.readRollingADC)
    i.setDAC                                 0x08002238   Section        0  main.o(i.setDAC)
    i.shiftAverages                          0x08002254   Section        0  main.o(i.shiftAverages)
    .constdata                               0x08002280   Section       16  stm32l0xx_hal_rcc.o(.constdata)
    APBAHBPrescTable                         0x08002280   Data          16  stm32l0xx_hal_rcc.o(.constdata)
    .constdata                               0x08002290   Section       25  system_stm32l0xx.o(.constdata)
    .data                                    0x20000000   Section        8  dac.o(.data)
    .data                                    0x20000008   Section       16  main.o(.data)
    .data                                    0x20000018   Section        8  adc.o(.data)
    .data                                    0x20000020   Section        4  stm32l0xx_hal.o(.data)
    uwTick                                   0x20000020   Data           4  stm32l0xx_hal.o(.data)
    .data                                    0x20000024   Section        4  system_stm32l0xx.o(.data)
    .bss                                     0x20000028   Section       60  i2c.o(.bss)
    .bss                                     0x20000064   Section       16  dac.o(.bss)
    .bss                                     0x20000074   Section       64  main.o(.bss)
    experiments                              0x20000074   Data          64  main.o(.bss)
    .bss                                     0x200000b4   Section       96  adc.o(.bss)
    .bss                                     0x20000114   Section       20  iwdg.o(.bss)
    .bss                                     0x20000128   Section      112  usart.o(.bss)
    STACK                                    0x20000198   Section     1024  startup_stm32l053xx.o(STACK)

    Global Symbols

    Symbol Name                              Value     Ov Type        Size  Object(Section)

    BuildAttributes$$THM_ISAv3M$S$PE$A:L22$X:L11$S22$IEEE1$IW$USESV6$~STKCKD$USESV7$~SHL$OSPACE$ROPI$EBA8$MICROLIB$REQ8$PRES8$EABIv2 0x00000000   Number         0  anon$$obj.o ABSOLUTE
    __ARM_use_no_argv                        0x00000000   Number         0  main.o ABSOLUTE
    __cpp_initialize__aeabi_                  - Undefined Weak Reference
    __cxa_finalize                            - Undefined Weak Reference
    __decompress                              - Undefined Weak Reference
    _clock_init                               - Undefined Weak Reference
    _microlib_exit                            - Undefined Weak Reference
    __Vectors_Size                           0x000000c0   Number         0  startup_stm32l053xx.o ABSOLUTE
    __Vectors                                0x08000000   Data           4  startup_stm32l053xx.o(RESET)
    __Vectors_End                            0x080000c0   Data           0  startup_stm32l053xx.o(RESET)
    __main                                   0x080000c1   Thumb Code     0  entry.o(.ARM.Collect$$$$00000000)
    _main_stk                                0x080000c1   Thumb Code     0  entry2.o(.ARM.Collect$$$$00000001)
    _main_scatterload                        0x080000c5   Thumb Code     0  entry5.o(.ARM.Collect$$$$00000004)
    __main_after_scatterload                 0x080000c9   Thumb Code     0  entry5.o(.ARM.Collect$$$$00000004)
    _main_clock                              0x080000c9   Thumb Code     0  entry7b.o(.ARM.Collect$$$$00000008)
    _main_cpp_init                           0x080000c9   Thumb Code     0  entry8b.o(.ARM.Collect$$$$0000000A)
    _main_init                               0x080000c9   Thumb Code     0  entry9a.o(.ARM.Collect$$$$0000000B)
    __rt_final_cpp                           0x080000d1   Thumb Code     0  entry10a.o(.ARM.Collect$$$$0000000D)
    __rt_final_exit                          0x080000d1   Thumb Code     0  entry11a.o(.ARM.Collect$$$$0000000F)
    Reset_Handler                            0x080000d5   Thumb Code     8  startup_stm32l053xx.o(.text)
    NMI_Handler                              0x080000dd   Thumb Code     2  startup_stm32l053xx.o(.text)
    HardFault_Handler                        0x080000df   Thumb Code     2  startup_stm32l053xx.o(.text)
    SVC_Handler                              0x080000e1   Thumb Code     2  startup_stm32l053xx.o(.text)
    PendSV_Handler                           0x080000e3   Thumb Code     2  startup_stm32l053xx.o(.text)
    ADC1_COMP_IRQHandler                     0x080000e7   Thumb Code     0  startup_stm32l053xx.o(.text)
    DMA1_Channel1_IRQHandler                 0x080000e7   Thumb Code     0  startup_stm32l053xx.o(.text)
    DMA1_Channel2_3_IRQHandler               0x080000e7   Thumb Code     0  startup_stm32l053xx.o(.text)
    DMA1_Channel4_5_6_7_IRQHandler           0x080000e7   Thumb Code     0  startup_stm32l053xx.o(.text)
    EXTI0_1_IRQHandler                       0x080000e7   Thumb Code     0  startup_stm32l053xx.o(.text)
    EXTI2_3_IRQHandler                       0x080000e7   Thumb Code     0  startup_stm32l053xx.o(.text)
    EXTI4_15_IRQHandler                      0x080000e7   Thumb Code     0  startup_stm32l053xx.o(.text)
    FLASH_IRQHandler                         0x080000e7   Thumb Code     0  startup_stm32l053xx.o(.text)
    I2C1_IRQHandler                          0x080000e7   Thumb Code     0  startup_stm32l053xx.o(.text)
    I2C2_IRQHandler                          0x080000e7   Thumb Code     0  startup_stm32l053xx.o(.text)
    LCD_IRQHandler                           0x080000e7   Thumb Code     0  startup_stm32l053xx.o(.text)
    LPTIM1_IRQHandler                        0x080000e7   Thumb Code     0  startup_stm32l053xx.o(.text)
    PVD_IRQHandler                           0x080000e7   Thumb Code     0  startup_stm32l053xx.o(.text)
    RCC_CRS_IRQHandler                       0x080000e7   Thumb Code     0  startup_stm32l053xx.o(.text)
    RNG_LPUART1_IRQHandler                   0x080000e7   Thumb Code     0  startup_stm32l053xx.o(.text)
    RTC_IRQHandler                           0x080000e7   Thumb Code     0  startup_stm32l053xx.o(.text)
    SPI1_IRQHandler                          0x080000e7   Thumb Code     0  startup_stm32l053xx.o(.text)
    SPI2_IRQHandler                          0x080000e7   Thumb Code     0  startup_stm32l053xx.o(.text)
    TIM21_IRQHandler                         0x080000e7   Thumb Code     0  startup_stm32l053xx.o(.text)
    TIM22_IRQHandler                         0x080000e7   Thumb Code     0  startup_stm32l053xx.o(.text)
    TIM2_IRQHandler                          0x080000e7   Thumb Code     0  startup_stm32l053xx.o(.text)
    TIM6_DAC_IRQHandler                      0x080000e7   Thumb Code     0  startup_stm32l053xx.o(.text)
    TSC_IRQHandler                           0x080000e7   Thumb Code     0  startup_stm32l053xx.o(.text)
    USART1_IRQHandler                        0x080000e7   Thumb Code     0  startup_stm32l053xx.o(.text)
    USART2_IRQHandler                        0x080000e7   Thumb Code     0  startup_stm32l053xx.o(.text)
    USB_IRQHandler                           0x080000e7   Thumb Code     0  startup_stm32l053xx.o(.text)
    WWDG_IRQHandler                          0x080000e7   Thumb Code     0  startup_stm32l053xx.o(.text)
    __aeabi_uidiv                            0x080000f1   Thumb Code     0  uidiv.o(.text)
    __aeabi_uidivmod                         0x080000f1   Thumb Code    44  uidiv.o(.text)
    __aeabi_memset                           0x0800011d   Thumb Code    14  memseta.o(.text)
    __aeabi_memset4                          0x0800011d   Thumb Code     0  memseta.o(.text)
    __aeabi_memset8                          0x0800011d   Thumb Code     0  memseta.o(.text)
    __aeabi_memclr                           0x0800012b   Thumb Code     4  memseta.o(.text)
    __aeabi_memclr4                          0x0800012b   Thumb Code     0  memseta.o(.text)
    __aeabi_memclr8                          0x0800012b   Thumb Code     0  memseta.o(.text)
    _memset$wrapper                          0x0800012f   Thumb Code    18  memseta.o(.text)
    __aeabi_ddiv                             0x08000141   Thumb Code   234  ddiv.o(.text)
    __ARM_scalbn                             0x08000231   Thumb Code    44  dscalb.o(.text)
    scalbn                                   0x08000231   Thumb Code     0  dscalb.o(.text)
    __aeabi_ui2d                             0x0800025d   Thumb Code    24  dfltui.o(.text)
    __aeabi_d2uiz                            0x08000279   Thumb Code    50  dfixui.o(.text)
    __aeabi_llsr                             0x080002b5   Thumb Code    34  llushr.o(.text)
    _ll_ushift_r                             0x080002b5   Thumb Code     0  llushr.o(.text)
    __I$use$fp                               0x080002d7   Thumb Code     0  iusefp.o(.text)
    _double_round                            0x080002d7   Thumb Code    26  depilogue.o(.text)
    _double_epilogue                         0x080002f1   Thumb Code   164  depilogue.o(.text)
    __scatterload                            0x08000395   Thumb Code    28  init.o(.text)
    __scatterload_rt2                        0x08000395   Thumb Code     0  init.o(.text)
    __aeabi_llsl                             0x080003b9   Thumb Code    32  llshl.o(.text)
    _ll_shift_l                              0x080003b9   Thumb Code     0  llshl.o(.text)
    HAL_ADCEx_Calibration_Start              0x08000461   Thumb Code   142  stm32l0xx_hal_adc_ex.o(i.HAL_ADCEx_Calibration_Start)
    HAL_ADC_ConfigChannel                    0x080004f1   Thumb Code   174  stm32l0xx_hal_adc.o(i.HAL_ADC_ConfigChannel)
    HAL_ADC_Init                             0x080005a9   Thumb Code   440  stm32l0xx_hal_adc.o(i.HAL_ADC_Init)
    HAL_ADC_MspInit                          0x0800076d   Thumb Code    60  adc.o(i.HAL_ADC_MspInit)
    HAL_ADC_Start                            0x080007b5   Thumb Code    86  stm32l0xx_hal_adc.o(i.HAL_ADC_Start)
    HAL_DAC_ConfigChannel                    0x08000811   Thumb Code    64  stm32l0xx_hal_dac.o(i.HAL_DAC_ConfigChannel)
    HAL_DAC_Init                             0x08000855   Thumb Code    42  stm32l0xx_hal_dac.o(i.HAL_DAC_Init)
    HAL_DAC_MspInit                          0x08000881   Thumb Code    48  dac.o(i.HAL_DAC_MspInit)
    HAL_DAC_SetValue                         0x080008b9   Thumb Code    16  stm32l0xx_hal_dac_ex.o(i.HAL_DAC_SetValue)
    HAL_DAC_Start                            0x080008c9   Thumb Code    72  stm32l0xx_hal_dac_ex.o(i.HAL_DAC_Start)
    HAL_Delay                                0x08000911   Thumb Code    22  stm32l0xx_hal.o(i.HAL_Delay)
    HAL_GPIO_Init                            0x08000929   Thumb Code   346  stm32l0xx_hal_gpio.o(i.HAL_GPIO_Init)
    HAL_GPIO_WritePin                        0x08000aa1   Thumb Code    12  stm32l0xx_hal_gpio.o(i.HAL_GPIO_WritePin)
    HAL_GetTick                              0x08000aad   Thumb Code     6  stm32l0xx_hal.o(i.HAL_GetTick)
    HAL_I2CEx_ConfigAnalogFilter             0x08000ab9   Thumb Code    96  stm32l0xx_hal_i2c_ex.o(i.HAL_I2CEx_ConfigAnalogFilter)
    HAL_I2C_Init                             0x08000b19   Thumb Code   158  stm32l0xx_hal_i2c.o(i.HAL_I2C_Init)
    HAL_I2C_MspInit                          0x08000bbd   Thumb Code    54  i2c.o(i.HAL_I2C_MspInit)
    HAL_IWDG_Init                            0x08000c01   Thumb Code   144  stm32l0xx_hal_iwdg.o(i.HAL_IWDG_Init)
    HAL_IWDG_MspInit                         0x08000c99   Thumb Code     2  stm32l0xx_hal_iwdg.o(i.HAL_IWDG_MspInit)
    HAL_IncTick                              0x08000c9d   Thumb Code    10  stm32l0xx_hal.o(i.HAL_IncTick)
    HAL_Init                                 0x08000cad   Thumb Code    26  stm32l0xx_hal.o(i.HAL_Init)
    HAL_InitTick                             0x08000ccd   Thumb Code    34  stm32l0xx_hal.o(i.HAL_InitTick)
    HAL_MspInit                              0x08000cf1   Thumb Code    24  stm32l0xx_hal_msp.o(i.HAL_MspInit)
    HAL_NVIC_SetPriority                     0x08000d0d   Thumb Code     8  stm32l0xx_hal_cortex.o(i.HAL_NVIC_SetPriority)
    HAL_PWREx_EnableFastWakeUp               0x08000d15   Thumb Code    12  stm32l0xx_hal_pwr_ex.o(i.HAL_PWREx_EnableFastWakeUp)
    HAL_PWREx_EnableUltraLowPower            0x08000d25   Thumb Code    12  stm32l0xx_hal_pwr_ex.o(i.HAL_PWREx_EnableUltraLowPower)
    HAL_PWR_EnterSTOPMode                    0x08000d35   Thumb Code    44  stm32l0xx_hal_pwr.o(i.HAL_PWR_EnterSTOPMode)
    HAL_RCCEx_PeriphCLKConfig                0x08000d69   Thumb Code   370  stm32l0xx_hal_rcc_ex.o(i.HAL_RCCEx_PeriphCLKConfig)
    HAL_RCC_ClockConfig                      0x08000ee9   Thumb Code   320  stm32l0xx_hal_rcc.o(i.HAL_RCC_ClockConfig)
    HAL_RCC_GetHCLKFreq                      0x08001035   Thumb Code    26  stm32l0xx_hal_rcc.o(i.HAL_RCC_GetHCLKFreq)
    HAL_RCC_GetPCLK1Freq                     0x0800105d   Thumb Code    22  stm32l0xx_hal_rcc.o(i.HAL_RCC_GetPCLK1Freq)
    HAL_RCC_GetPCLK2Freq                     0x0800107d   Thumb Code    22  stm32l0xx_hal_rcc.o(i.HAL_RCC_GetPCLK2Freq)
    HAL_RCC_GetSysClockFreq                  0x0800109d   Thumb Code   108  stm32l0xx_hal_rcc.o(i.HAL_RCC_GetSysClockFreq)
    HAL_RCC_OscConfig                        0x08001121   Thumb Code  1064  stm32l0xx_hal_rcc.o(i.HAL_RCC_OscConfig)
    HAL_SYSTICK_CLKSourceConfig              0x08001549   Thumb Code    20  stm32l0xx_hal_cortex.o(i.HAL_SYSTICK_CLKSourceConfig)
    HAL_SYSTICK_Callback                     0x08001561   Thumb Code     2  stm32l0xx_hal_cortex.o(i.HAL_SYSTICK_Callback)
    HAL_SYSTICK_Config                       0x08001565   Thumb Code    38  stm32l0xx_hal_cortex.o(i.HAL_SYSTICK_Config)
    HAL_SYSTICK_IRQHandler                   0x08001595   Thumb Code     8  stm32l0xx_hal_cortex.o(i.HAL_SYSTICK_IRQHandler)
    HAL_UART_Init                            0x0800159d   Thumb Code   104  stm32l0xx_hal_uart.o(i.HAL_UART_Init)
    HAL_UART_MspInit                         0x08001605   Thumb Code    60  usart.o(i.HAL_UART_MspInit)
    HAL_UART_Transmit                        0x08001649   Thumb Code   186  stm32l0xx_hal_uart.o(i.HAL_UART_Transmit)
    MX_ADC_Init                              0x08001705   Thumb Code   198  adc.o(i.MX_ADC_Init)
    MX_DAC_Init                              0x080017f5   Thumb Code    34  dac.o(i.MX_DAC_Init)
    MX_GPIO_Init                             0x08001825   Thumb Code   210  gpio.o(i.MX_GPIO_Init)
    MX_I2C1_Init                             0x08001911   Thumb Code    46  i2c.o(i.MX_I2C1_Init)
    MX_IWDG_Init                             0x0800194d   Thumb Code    24  iwdg.o(i.MX_IWDG_Init)
    MX_USART1_UART_Init                      0x08001971   Thumb Code    40  usart.o(i.MX_USART1_UART_Init)
    SysTick_Handler                          0x080019e5   Thumb Code    12  stm32l0xx_it.o(i.SysTick_Handler)
    SystemClock_Config                       0x080019f1   Thumb Code   136  main.o(i.SystemClock_Config)
    SystemInit                               0x08001a81   Thumb Code    66  system_stm32l0xx.o(i.SystemInit)
    SystemPower_Config                       0x08001ad5   Thumb Code   186  main.o(i.SystemPower_Config)
    UART_AdvFeatureConfig                    0x08001ba9   Thumb Code   202  stm32l0xx_hal_uart.o(i.UART_AdvFeatureConfig)
    UART_CheckIdleState                      0x08001c75   Thumb Code    80  stm32l0xx_hal_uart.o(i.UART_CheckIdleState)
    UART_SetConfig                           0x08001cc9   Thumb Code   484  stm32l0xx_hal_uart.o(i.UART_SetConfig)
    UART_WaitOnFlagUntilTimeout              0x08001edd   Thumb Code   174  stm32l0xx_hal_uart.o(i.UART_WaitOnFlagUntilTimeout)
    __ARM_clz                                0x08001f8b   Thumb Code    46  depilogue.o(i.__ARM_clz)
    __ARM_common_switch8                     0x08001fb9   Thumb Code    26  stm32l0xx_hal_uart.o(i.__ARM_common_switch8)
    __scatterload_copy                       0x08001fd3   Thumb Code    14  handlers.o(i.__scatterload_copy)
    __scatterload_null                       0x08001fe1   Thumb Code     2  handlers.o(i.__scatterload_null)
    __scatterload_zeroinit                   0x08001fe3   Thumb Code    14  handlers.o(i.__scatterload_zeroinit)
    create_i2c_package                       0x08001ff1   Thumb Code    98  main.o(i.create_i2c_package)
    main                                     0x08002059   Thumb Code    68  main.o(i.main)
    normalRun                                0x080020a5   Thumb Code   228  main.o(i.normalRun)
    readRollingADC                           0x0800219d   Thumb Code   146  main.o(i.readRollingADC)
    setDAC                                   0x08002239   Thumb Code    24  main.o(i.setDAC)
    shiftAverages                            0x08002255   Thumb Code    40  main.o(i.shiftAverages)
    AHBPrescTable                            0x08002290   Data          16  system_stm32l0xx.o(.constdata)
    PLLMulTable                              0x080022a0   Data           9  system_stm32l0xx.o(.constdata)
    Region$$Table$$Base                      0x080022ac   Number         0  anon$$obj.o(Region$$Table)
    Region$$Table$$Limit                     0x080022cc   Number         0  anon$$obj.o(Region$$Table)
    sConfigDac                               0x20000000   Data           8  dac.o(.data)
    tickCounterStart                         0x20000008   Data           4  main.o(.data)
    tickCounterStop                          0x2000000c   Data           4  main.o(.data)
    value                                    0x20000010   Data           4  main.o(.data)
    timeTaken                                0x20000014   Data           4  main.o(.data)
    sConfigAdc                               0x20000018   Data           8  adc.o(.data)
    SystemCoreClock                          0x20000024   Data           4  system_stm32l0xx.o(.data)
    hi2c1                                    0x20000028   Data          60  i2c.o(.bss)
    hdac                                     0x20000064   Data          16  dac.o(.bss)
    hadc                                     0x200000b4   Data          96  adc.o(.bss)
    hiwdg                                    0x20000114   Data          20  iwdg.o(.bss)
    huart1                                   0x20000128   Data         112  usart.o(.bss)
    __initial_sp                             0x20000598   Data           0  startup_stm32l053xx.o(STACK)



==============================================================================

Memory Map of the image

  Image Entry point : 0x080000c1

  Load Region LR_IROM1 (Base: 0x08000000, Size: 0x000022f4, Max: 0x00010000, ABSOLUTE)

    Execution Region ER_IROM1 (Base: 0x08000000, Size: 0x000022cc, Max: 0x00010000, ABSOLUTE)

    Base Addr    Size         Type   Attr      Idx    E Section Name        Object

    0x08000000   0x000000c0   Data   RO         2727    RESET               startup_stm32l053xx.o
    0x080000c0   0x00000000   Code   RO         2732  * .ARM.Collect$$$$00000000  mc_p.l(entry.o)
    0x080000c0   0x00000004   Code   RO         2747    .ARM.Collect$$$$00000001  mc_p.l(entry2.o)
    0x080000c4   0x00000004   Code   RO         2750    .ARM.Collect$$$$00000004  mc_p.l(entry5.o)
    0x080000c8   0x00000000   Code   RO         2752    .ARM.Collect$$$$00000008  mc_p.l(entry7b.o)
    0x080000c8   0x00000000   Code   RO         2754    .ARM.Collect$$$$0000000A  mc_p.l(entry8b.o)
    0x080000c8   0x00000008   Code   RO         2755    .ARM.Collect$$$$0000000B  mc_p.l(entry9a.o)
    0x080000d0   0x00000000   Code   RO         2757    .ARM.Collect$$$$0000000D  mc_p.l(entry10a.o)
    0x080000d0   0x00000000   Code   RO         2759    .ARM.Collect$$$$0000000F  mc_p.l(entry11a.o)
    0x080000d0   0x00000004   Code   RO         2748    .ARM.Collect$$$$00002712  mc_p.l(entry2.o)
    0x080000d4   0x0000001c   Code   RO         2728    .text               startup_stm32l053xx.o
    0x080000f0   0x0000002c   Code   RO         2735    .text               mc_p.l(uidiv.o)
    0x0800011c   0x00000024   Code   RO         2737    .text               mc_p.l(memseta.o)
    0x08000140   0x000000f0   Code   RO         2739    .text               mf_p.l(ddiv.o)
    0x08000230   0x0000002c   Code   RO         2741    .text               mf_p.l(dscalb.o)
    0x0800025c   0x0000001c   Code   RO         2743    .text               mf_p.l(dfltui.o)
    0x08000278   0x0000003c   Code   RO         2745    .text               mf_p.l(dfixui.o)
    0x080002b4   0x00000022   Code   RO         2761    .text               mc_p.l(llushr.o)
    0x080002d6   0x00000000   Code   RO         2763    .text               mc_p.l(iusefp.o)
    0x080002d6   0x000000be   Code   RO         2764    .text               mf_p.l(depilogue.o)
    0x08000394   0x00000024   Code   RO         2768    .text               mc_p.l(init.o)
    0x080003b8   0x00000020   Code   RO         2770    .text               mc_p.l(llshl.o)
    0x080003d8   0x00000024   Code   RO          460    i.ADC_DelayMicroSecond  stm32l0xx_hal_adc.o
    0x080003fc   0x00000064   Code   RO          462    i.ADC_Enable        stm32l0xx_hal_adc.o
    0x08000460   0x0000008e   Code   RO         2247    i.HAL_ADCEx_Calibration_Start  stm32l0xx_hal_adc_ex.o
    0x080004ee   0x00000002   PAD
    0x080004f0   0x000000b8   Code   RO          464    i.HAL_ADC_ConfigChannel  stm32l0xx_hal_adc.o
    0x080005a8   0x000001c4   Code   RO          473    i.HAL_ADC_Init      stm32l0xx_hal_adc.o
    0x0800076c   0x00000048   Code   RO          311    i.HAL_ADC_MspInit   adc.o
    0x080007b4   0x0000005c   Code   RO          479    i.HAL_ADC_Start     stm32l0xx_hal_adc.o
    0x08000810   0x00000044   Code   RO         1189    i.HAL_DAC_ConfigChannel  stm32l0xx_hal_dac.o
    0x08000854   0x0000002a   Code   RO         1199    i.HAL_DAC_Init      stm32l0xx_hal_dac.o
    0x0800087e   0x00000002   PAD
    0x08000880   0x00000038   Code   RO          173    i.HAL_DAC_MspInit   dac.o
    0x080008b8   0x00000010   Code   RO         1318    i.HAL_DAC_SetValue  stm32l0xx_hal_dac_ex.o
    0x080008c8   0x00000048   Code   RO         1319    i.HAL_DAC_Start     stm32l0xx_hal_dac_ex.o
    0x08000910   0x00000016   Code   RO         1020    i.HAL_Delay         stm32l0xx_hal.o
    0x08000926   0x00000002   PAD
    0x08000928   0x00000178   Code   RO         2304    i.HAL_GPIO_Init     stm32l0xx_hal_gpio.o
    0x08000aa0   0x0000000c   Code   RO         2308    i.HAL_GPIO_WritePin  stm32l0xx_hal_gpio.o
    0x08000aac   0x0000000c   Code   RO         1024    i.HAL_GetTick       stm32l0xx_hal.o
    0x08000ab8   0x00000060   Code   RO         1838    i.HAL_I2CEx_ConfigAnalogFilter  stm32l0xx_hal_i2c_ex.o
    0x08000b18   0x000000a4   Code   RO         1894    i.HAL_I2C_Init      stm32l0xx_hal_i2c.o
    0x08000bbc   0x00000044   Code   RO          135    i.HAL_I2C_MspInit   i2c.o
    0x08000c00   0x00000098   Code   RO         2202    i.HAL_IWDG_Init     stm32l0xx_hal_iwdg.o
    0x08000c98   0x00000002   Code   RO         2203    i.HAL_IWDG_MspInit  stm32l0xx_hal_iwdg.o
    0x08000c9a   0x00000002   PAD
    0x08000c9c   0x00000010   Code   RO         1025    i.HAL_IncTick       stm32l0xx_hal.o
    0x08000cac   0x00000020   Code   RO         1026    i.HAL_Init          stm32l0xx_hal.o
    0x08000ccc   0x00000022   Code   RO         1027    i.HAL_InitTick      stm32l0xx_hal.o
    0x08000cee   0x00000002   PAD
    0x08000cf0   0x0000001c   Code   RO          349    i.HAL_MspInit       stm32l0xx_hal_msp.o
    0x08000d0c   0x00000008   Code   RO          918    i.HAL_NVIC_SetPriority  stm32l0xx_hal_cortex.o
    0x08000d14   0x00000010   Code   RO          756    i.HAL_PWREx_EnableFastWakeUp  stm32l0xx_hal_pwr_ex.o
    0x08000d24   0x00000010   Code   RO          758    i.HAL_PWREx_EnableUltraLowPower  stm32l0xx_hal_pwr_ex.o
    0x08000d34   0x00000034   Code   RO          651    i.HAL_PWR_EnterSTOPMode  stm32l0xx_hal_pwr.o
    0x08000d68   0x00000180   Code   RO         1401    i.HAL_RCCEx_PeriphCLKConfig  stm32l0xx_hal_rcc_ex.o
    0x08000ee8   0x0000014c   Code   RO         1580    i.HAL_RCC_ClockConfig  stm32l0xx_hal_rcc.o
    0x08001034   0x00000028   Code   RO         1584    i.HAL_RCC_GetHCLKFreq  stm32l0xx_hal_rcc.o
    0x0800105c   0x00000020   Code   RO         1586    i.HAL_RCC_GetPCLK1Freq  stm32l0xx_hal_rcc.o
    0x0800107c   0x00000020   Code   RO         1587    i.HAL_RCC_GetPCLK2Freq  stm32l0xx_hal_rcc.o
    0x0800109c   0x00000084   Code   RO         1588    i.HAL_RCC_GetSysClockFreq  stm32l0xx_hal_rcc.o
    0x08001120   0x00000428   Code   RO         1591    i.HAL_RCC_OscConfig  stm32l0xx_hal_rcc.o
    0x08001548   0x00000018   Code   RO          920    i.HAL_SYSTICK_CLKSourceConfig  stm32l0xx_hal_cortex.o
    0x08001560   0x00000002   Code   RO          921    i.HAL_SYSTICK_Callback  stm32l0xx_hal_cortex.o
    0x08001562   0x00000002   PAD
    0x08001564   0x00000030   Code   RO          922    i.HAL_SYSTICK_Config  stm32l0xx_hal_cortex.o
    0x08001594   0x00000008   Code   RO          923    i.HAL_SYSTICK_IRQHandler  stm32l0xx_hal_cortex.o
    0x0800159c   0x00000068   Code   RO         2380    i.HAL_UART_Init     stm32l0xx_hal_uart.o
    0x08001604   0x00000044   Code   RO          419    i.HAL_UART_MspInit  usart.o
    0x08001648   0x000000ba   Code   RO         2388    i.HAL_UART_Transmit  stm32l0xx_hal_uart.o
    0x08001702   0x00000002   PAD
    0x08001704   0x000000f0   Code   RO          312    i.MX_ADC_Init       adc.o
    0x080017f4   0x00000030   Code   RO          174    i.MX_DAC_Init       dac.o
    0x08001824   0x000000ec   Code   RO            3    i.MX_GPIO_Init      gpio.o
    0x08001910   0x0000003c   Code   RO          136    i.MX_I2C1_Init      i2c.o
    0x0800194c   0x00000024   Code   RO          369    i.MX_IWDG_Init      iwdg.o
    0x08001970   0x00000030   Code   RO          420    i.MX_USART1_UART_Init  usart.o
    0x080019a0   0x00000044   Code   RO          924    i.NVIC_SetPriority  stm32l0xx_hal_cortex.o
    0x080019e4   0x0000000c   Code   RO          395    i.SysTick_Handler   stm32l0xx_it.o
    0x080019f0   0x00000090   Code   RO          211    i.SystemClock_Config  main.o
    0x08001a80   0x00000054   Code   RO         2695    i.SystemInit        system_stm32l0xx.o
    0x08001ad4   0x000000d4   Code   RO          212    i.SystemPower_Config  main.o
    0x08001ba8   0x000000ca   Code   RO         2393    i.UART_AdvFeatureConfig  stm32l0xx_hal_uart.o
    0x08001c72   0x00000002   PAD
    0x08001c74   0x00000054   Code   RO         2394    i.UART_CheckIdleState  stm32l0xx_hal_uart.o
    0x08001cc8   0x00000214   Code   RO         2401    i.UART_SetConfig    stm32l0xx_hal_uart.o
    0x08001edc   0x000000ae   Code   RO         2403    i.UART_WaitOnFlagUntilTimeout  stm32l0xx_hal_uart.o
    0x08001f8a   0x0000002e   Code   RO         2766    i.__ARM_clz         mf_p.l(depilogue.o)
    0x08001fb8   0x0000001a   Code   RO         2611    i.__ARM_common_switch8  stm32l0xx_hal_uart.o
    0x08001fd2   0x0000000e   Code   RO         2774    i.__scatterload_copy  mc_p.l(handlers.o)
    0x08001fe0   0x00000002   Code   RO         2775    i.__scatterload_null  mc_p.l(handlers.o)
    0x08001fe2   0x0000000e   Code   RO         2776    i.__scatterload_zeroinit  mc_p.l(handlers.o)
    0x08001ff0   0x00000068   Code   RO          213    i.create_i2c_package  main.o
    0x08002058   0x0000004c   Code   RO          214    i.main              main.o
    0x080020a4   0x000000f8   Code   RO          215    i.normalRun         main.o
    0x0800219c   0x0000009c   Code   RO          216    i.readRollingADC    main.o
    0x08002238   0x0000001c   Code   RO          219    i.setDAC            main.o
    0x08002254   0x0000002c   Code   RO          220    i.shiftAverages     main.o
    0x08002280   0x00000010   Data   RO         1592    .constdata          stm32l0xx_hal_rcc.o
    0x08002290   0x00000019   Data   RO         2696    .constdata          system_stm32l0xx.o
    0x080022a9   0x00000003   PAD
    0x080022ac   0x00000020   Data   RO         2772    Region$$Table       anon$$obj.o


    Execution Region RW_IRAM1 (Base: 0x20000000, Size: 0x00000598, Max: 0x00002000, ABSOLUTE)

    Base Addr    Size         Type   Attr      Idx    E Section Name        Object

    0x20000000   0x00000008   Data   RW          176    .data               dac.o
    0x20000008   0x00000010   Data   RW          224    .data               main.o
    0x20000018   0x00000008   Data   RW          314    .data               adc.o
    0x20000020   0x00000004   Data   RW         1038    .data               stm32l0xx_hal.o
    0x20000024   0x00000004   Data   RW         2697    .data               system_stm32l0xx.o
    0x20000028   0x0000003c   Zero   RW          137    .bss                i2c.o
    0x20000064   0x00000010   Zero   RW          175    .bss                dac.o
    0x20000074   0x00000040   Zero   RW          221    .bss                main.o
    0x200000b4   0x00000060   Zero   RW          313    .bss                adc.o
    0x20000114   0x00000014   Zero   RW          370    .bss                iwdg.o
    0x20000128   0x00000070   Zero   RW          421    .bss                usart.o
    0x20000198   0x00000400   Zero   RW         2725    STACK               startup_stm32l053xx.o


==============================================================================

Image component sizes


      Code (inc. data)   RO Data    RW Data    ZI Data      Debug   Object Name

       312         54          0          8         96       1650   adc.o
       104         22          0          8         16       1490   dac.o
       236         26          0          0          0     233175   gpio.o
       128         28          0          0         60       1469   i2c.o
        36         12          0          0         20        643   iwdg.o
      1012         86          0         16         64       6117   main.o
        28          8        192          0       1024        596   startup_stm32l053xx.o
       116         18          0          4          0       3574   stm32l0xx_hal.o
       864         40          0          0          0       4403   stm32l0xx_hal_adc.o
       142          0          0          0          0       1378   stm32l0xx_hal_adc_ex.o
       158         22          0          0          0      11626   stm32l0xx_hal_cortex.o
       110          4          0          0          0       1819   stm32l0xx_hal_dac.o
        88          0          0          0          0       1843   stm32l0xx_hal_dac_ex.o
       388         30          0          0          0       2352   stm32l0xx_hal_gpio.o
       164          6          0          0          0       1647   stm32l0xx_hal_i2c.o
        96          0          0          0          0       1147   stm32l0xx_hal_i2c_ex.o
       154          8          0          0          0       1779   stm32l0xx_hal_iwdg.o
        28          4          0          0          0        446   stm32l0xx_hal_msp.o
        52          8          0          0          0        624   stm32l0xx_hal_pwr.o
        32          8          0          0          0       1033   stm32l0xx_hal_pwr_ex.o
      1632        100         16          0          0       6436   stm32l0xx_hal_rcc.o
       384         14          0          0          0       1496   stm32l0xx_hal_rcc_ex.o
      1308         76          0          0          0       6173   stm32l0xx_hal_uart.o
        12          0          0          0          0        446   stm32l0xx_it.o
        84         18         25          4          0       1381   system_stm32l0xx.o
       116         16          0          0        112       1514   usart.o

    ----------------------------------------------------------------------
      7800        608        268         40       1392     296257   Object Totals
         0          0         32          0          0          0   (incl. Generated)
        16          0          3          0          0          0   (incl. Padding)

    ----------------------------------------------------------------------

      Code (inc. data)   RO Data    RW Data    ZI Data      Debug   Library Member Name

         0          0          0          0          0          0   entry.o
         0          0          0          0          0          0   entry10a.o
         0          0          0          0          0          0   entry11a.o
         8          4          0          0          0          0   entry2.o
         4          0          0          0          0          0   entry5.o
         0          0          0          0          0          0   entry7b.o
         0          0          0          0          0          0   entry8b.o
         8          4          0          0          0          0   entry9a.o
        30          0          0          0          0          0   handlers.o
        36          8          0          0          0         68   init.o
         0          0          0          0          0          0   iusefp.o
        32          0          0          0          0         68   llshl.o
        34          0          0          0          0         68   llushr.o
        36          0          0          0          0        100   memseta.o
        44          0          0          0          0         72   uidiv.o
       240          6          0          0          0         84   ddiv.o
       236          0          0          0          0        216   depilogue.o
        60         10          0          0          0         68   dfixui.o
        28          4          0          0          0         68   dfltui.o
        44          0          0          0          0         72   dscalb.o

    ----------------------------------------------------------------------
       840         36          0          0          0        884   Library Totals
         0          0          0          0          0          0   (incl. Padding)

    ----------------------------------------------------------------------

      Code (inc. data)   RO Data    RW Data    ZI Data      Debug   Library Name

       232         16          0          0          0        376   mc_p.l
       608         20          0          0          0        508   mf_p.l

    ----------------------------------------------------------------------
       840         36          0          0          0        884   Library Totals

    ----------------------------------------------------------------------

==============================================================================


      Code (inc. data)   RO Data    RW Data    ZI Data      Debug   

      8640        644        268         40       1392     294081   Grand Totals
      8640        644        268         40       1392     294081   ELF Image Totals
      8640        644        268         40          0          0   ROM Totals

==============================================================================

    Total RO  Size (Code + RO Data)                 8908 (   8.70kB)
    Total RW  Size (RW Data + ZI Data)              1432 (   1.40kB)
    Total ROM Size (Code + RO Data + RW Data)       8948 (   8.74kB)

==============================================================================

