<html>
<body>
<pre>
<h1>µVision Build Log</h1>
<h2>Tool Versions:</h2>
IDE-Version: µVision V5.18a
Copyright (C) 2016 ARM Ltd and ARM Germany GmbH. All rights reserved.
License Information: Hannes Paulsson, kth, LIC=----
 
Tool Versions:
Toolchain:       MDK-Lite  Version: 5.18a
Toolchain Path:  C:\Keil_v5\ARM\ARMCC\Bin
C Compiler:      Armcc.exe V5.06 update 1 (build 61)
Assembler:       Armasm.exe V5.06 update 1 (build 61)
Linker/Locator:  ArmLink.exe V5.06 update 1 (build 61)
Library Manager: ArmAr.exe V5.06 update 1 (build 61)
Hex Converter:   FromElf.exe V5.06 update 1 (build 61)
CPU DLL:         SARMCM3.DLL V5.18a
Dialog DLL:      DARMCM1.DLL V1.12.0.0
Target DLL:      STLink\ST-LINKIII-KEIL_SWO.dll V2.0.18.0
Dialog DLL:      TARMCM1.DLL V1.9.0.0
 
<h2>Project:</h2>
C:\Users\Hannes\Documents\GitHub\MiCSiC\MORBAC\MDK-ARM\Morbac.uvprojx
Project File Date:  05/11/2016

<h2>Output:</h2>
*** Using Compiler 'V5.06 update 1 (build 61)', folder: 'C:\Keil_v5\ARM\ARMCC\Bin'
Build target 'Morbac'
compiling stm32l0xx_hal.c...
compiling stm32l0xx_hal_flash.c...
compiling stm32l0xx_hal_rcc.c...
compiling stm32l0xx_hal_flash_ramfunc.c...
compiling stm32l0xx_hal_flash_ex.c...
compiling stm32l0xx_hal_adc_ex.c...
compiling stm32l0xx_hal_gpio.c...
compiling stm32l0xx_hal_i2c.c...
compiling stm32l0xx_hal_tim_ex.c...
compiling stm32l0xx_hal_iwdg.c...
compiling stm32l0xx_hal_pwr.c...
compiling stm32l0xx_hal_i2c_ex.c...
compiling stm32l0xx_hal_uart_ex.c...
compiling stm32l0xx_hal_cortex.c...
compiling stm32l0xx_hal_pwr_ex.c...
compiling stm32l0xx_hal_rcc_ex.c...
compiling stm32l0xx_hal_dma.c...
compiling stm32l0xx_hal_tim.c...
assembling startup_stm32l053xx.s...
compiling stm32l0xx_hal_uart.c...
compiling stm32l0xx_hal_adc.c...
compiling adc.c...
compiling main.c...
compiling gpio.c...
compiling iwdg.c...
compiling stm32l0xx_it.c...
compiling i2c.c...
compiling stm32l0xx_hal_msp.c...
compiling usart.c...
compiling system_stm32l0xx.c...
linking...
Program Size: Code=7792 RO-data=268 RW-data=12 ZI-data=1316  
"Morbac\Morbac.axf" - 0 Error(s), 0 Warning(s).

<h2>Software Packages used:</h2>

Package Vendor: ARM
                http://www.keil.com/pack/ARM.CMSIS.4.5.0.pack
                ARM::CMSIS:CORE:4.3.0
                CMSIS (Cortex Microcontroller Software Interface Standard)
   * Component: CORE Version: 4.3.0

<h2>Collection of Component include folders:</h2>
  C:\Users\Hannes\Documents\GitHub\MiCSiC\MORBAC\MDK-ARM\RTE
  C:\Keil_v5\ARM\PACK\ARM\CMSIS\4.5.0\CMSIS\Include
  C:\Keil_v5\ARM\PACK\Keil\STM32L0xx_DFP\1.5.0\Device\Include

<h2>Collection of Component Files used:</h2>

   * Component: ARM::CMSIS:CORE:4.3.0
Build Time Elapsed:  00:00:19
</pre>
</body>
</html>
